Archive member included to satisfy reference by file (symbol)

C:/Software/arm-gnu-toolchain/bin/../lib/gcc/arm-none-eabi/13.3.1/thumb/v7-m/nofp\libgcc.a(_arm_muldf3.o)
                              CMakeFiles/car.elf.dir/Function/eMPL/inv_mpu.c.obj (__aeabi_dmul)
C:/Software/arm-gnu-toolchain/bin/../lib/gcc/arm-none-eabi/13.3.1/thumb/v7-m/nofp\libgcc.a(_arm_mulsf3.o)
                              CMakeFiles/car.elf.dir/Function/eMPL/inv_mpu.c.obj (__aeabi_fmul)
C:/Software/arm-gnu-toolchain/bin/../lib/gcc/arm-none-eabi/13.3.1/thumb/v7-m/nofp\libgcc.a(_arm_addsubdf3.o)
                              CMakeFiles/car.elf.dir/Core/Src/main.c.obj (__aeabi_dadd)
C:/Software/arm-gnu-toolchain/bin/../lib/gcc/arm-none-eabi/13.3.1/thumb/v7-m/nofp\libgcc.a(_arm_muldivdf3.o)
                              CMakeFiles/car.elf.dir/Function/mpu6050.c.obj (__aeabi_ddiv)
C:/Software/arm-gnu-toolchain/bin/../lib/gcc/arm-none-eabi/13.3.1/thumb/v7-m/nofp\libgcc.a(_arm_truncdfsf2.o)
                              CMakeFiles/car.elf.dir/Core/Src/main.c.obj (__aeabi_d2f)
C:/Software/arm-gnu-toolchain/bin/../lib/gcc/arm-none-eabi/13.3.1/thumb/v7-m/nofp\libgcc.a(_arm_addsubsf3.o)
                              CMakeFiles/car.elf.dir/Function/eMPL/inv_mpu.c.obj (__aeabi_fsub)
C:/Software/arm-gnu-toolchain/bin/../lib/gcc/arm-none-eabi/13.3.1/thumb/v7-m/nofp\libgcc.a(_arm_muldivsf3.o)
                              CMakeFiles/car.elf.dir/Function/eMPL/inv_mpu.c.obj (__aeabi_fdiv)
C:/Software/arm-gnu-toolchain/bin/../lib/gcc/arm-none-eabi/13.3.1/thumb/v7-m/nofp\libgcc.a(_arm_cmpsf2.o)
                              CMakeFiles/car.elf.dir/Function/eMPL/inv_mpu.c.obj (__aeabi_fcmpeq)
C:/Software/arm-gnu-toolchain/bin/../lib/gcc/arm-none-eabi/13.3.1/thumb/v7-m/nofp\libgcc.a(_arm_fixsfsi.o)
                              CMakeFiles/car.elf.dir/Function/eMPL/inv_mpu.c.obj (__aeabi_f2iz)
C:/Software/arm-gnu-toolchain/bin/../lib/gcc/arm-none-eabi/13.3.1/thumb/v7-m/nofp\libgcc.a(_arm_fixunssfsi.o)
                              CMakeFiles/car.elf.dir/Function/eMPL/inv_mpu_dmp_motion_driver.c.obj (__aeabi_f2uiz)
C:/Software/arm-gnu-toolchain/bin/../lib/gcc/arm-none-eabi/13.3.1/thumb/v7-m/nofp\libgcc.a(_aeabi_ldivmod.o)
                              CMakeFiles/car.elf.dir/Function/eMPL/inv_mpu.c.obj (__aeabi_ldivmod)
C:/Software/arm-gnu-toolchain/bin/../lib/gcc/arm-none-eabi/13.3.1/thumb/v7-m/nofp\libgcc.a(_udivmoddi4.o)
                              C:/Software/arm-gnu-toolchain/bin/../lib/gcc/arm-none-eabi/13.3.1/thumb/v7-m/nofp\libgcc.a(_aeabi_ldivmod.o) (__udivmoddi4)
C:/Software/arm-gnu-toolchain/bin/../lib/gcc/arm-none-eabi/13.3.1/thumb/v7-m/nofp\libgcc.a(_dvmd_tls.o)
                              C:/Software/arm-gnu-toolchain/bin/../lib/gcc/arm-none-eabi/13.3.1/thumb/v7-m/nofp\libgcc.a(_aeabi_ldivmod.o) (__aeabi_ldiv0)
C:/Software/arm-gnu-toolchain/bin/../lib/gcc/arm-none-eabi/13.3.1/thumb/v7-m/nofp\libg.a(libc_a-exit.o)
                              C:/Software/arm-gnu-toolchain/bin/../lib/gcc/arm-none-eabi/13.3.1/thumb/v7-m/nofp/crt0.o (exit)
C:/Software/arm-gnu-toolchain/bin/../lib/gcc/arm-none-eabi/13.3.1/thumb/v7-m/nofp\libg.a(libc_a-findfp.o)
                              C:/Software/arm-gnu-toolchain/bin/../lib/gcc/arm-none-eabi/13.3.1/thumb/v7-m/nofp\libg.a(libc_a-exit.o) (__stdio_exit_handler)
C:/Software/arm-gnu-toolchain/bin/../lib/gcc/arm-none-eabi/13.3.1/thumb/v7-m/nofp\libg.a(libc_a-fwalk.o)
                              C:/Software/arm-gnu-toolchain/bin/../lib/gcc/arm-none-eabi/13.3.1/thumb/v7-m/nofp\libg.a(libc_a-findfp.o) (_fwalk_sglue)
C:/Software/arm-gnu-toolchain/bin/../lib/gcc/arm-none-eabi/13.3.1/thumb/v7-m/nofp\libg.a(libc_a-stdio.o)
                              C:/Software/arm-gnu-toolchain/bin/../lib/gcc/arm-none-eabi/13.3.1/thumb/v7-m/nofp\libg.a(libc_a-findfp.o) (__sread)
C:/Software/arm-gnu-toolchain/bin/../lib/gcc/arm-none-eabi/13.3.1/thumb/v7-m/nofp\libg.a(libc_a-vsprintf.o)
                              CMakeFiles/car.elf.dir/Function/FS_Debug.c.obj (vsprintf)
C:/Software/arm-gnu-toolchain/bin/../lib/gcc/arm-none-eabi/13.3.1/thumb/v7-m/nofp\libg.a(libc_a-memcmp.o)
                              CMakeFiles/car.elf.dir/Function/eMPL/inv_mpu.c.obj (memcmp)
C:/Software/arm-gnu-toolchain/bin/../lib/gcc/arm-none-eabi/13.3.1/thumb/v7-m/nofp\libg.a(libc_a-memset.o)
                              C:/Software/arm-gnu-toolchain/bin/../lib/gcc/arm-none-eabi/13.3.1/thumb/v7-m/nofp/crt0.o (memset)
C:/Software/arm-gnu-toolchain/bin/../lib/gcc/arm-none-eabi/13.3.1/thumb/v7-m/nofp\libg.a(libc_a-closer.o)
                              C:/Software/arm-gnu-toolchain/bin/../lib/gcc/arm-none-eabi/13.3.1/thumb/v7-m/nofp\libg.a(libc_a-stdio.o) (_close_r)
C:/Software/arm-gnu-toolchain/bin/../lib/gcc/arm-none-eabi/13.3.1/thumb/v7-m/nofp\libg.a(libc_a-reent.o)
                              C:/Software/arm-gnu-toolchain/bin/../lib/gcc/arm-none-eabi/13.3.1/thumb/v7-m/nofp\libg.a(libc_a-closer.o) (errno)
[...]
Memory Configuration

Name             Origin             Length             Attributes
RAM              0x20000000         0x0000c000         xrw
FLASH            0x08000000         0x00040000         xr
*default*        0x00000000         0xffffffff

Linker script and memory map

LOAD C:/Software/arm-gnu-toolchain/bin/../lib/gcc/arm-none-eabi/13.3.1/thumb/v7-m/nofp/crti.o
LOAD C:/Software/arm-gnu-toolchain/bin/../lib/gcc/arm-none-eabi/13.3.1/thumb/v7-m/nofp/crtbegin.o
LOAD C:/Software/arm-gnu-toolchain/bin/../lib/gcc/arm-none-eabi/13.3.1/thumb/v7-m/nofp/crt0.o
LOAD CMakeFiles/car.elf.dir/Core/Src/gpio.c.obj
LOAD CMakeFiles/car.elf.dir/Core/Src/i2c.c.obj
LOAD CMakeFiles/car.elf.dir/Core/Src/main.c.obj
LOAD CMakeFiles/car.elf.dir/Core/Src/spi.c.obj
LOAD CMakeFiles/car.elf.dir/Core/Src/stm32f1xx_hal_msp.c.obj
LOAD CMakeFiles/car.elf.dir/Core/Src/stm32f1xx_it.c.obj
LOAD CMakeFiles/car.elf.dir/Core/Src/syscalls.c.obj
LOAD CMakeFiles/car.elf.dir/Core/Src/sysmem.c.obj
LOAD CMakeFiles/car.elf.dir/Core/Src/system_stm32f1xx.c.obj
LOAD CMakeFiles/car.elf.dir/Core/Src/usart.c.obj
LOAD CMakeFiles/car.elf.dir/Core/Startup/startup_stm32f103rctx.s.obj
LOAD CMakeFiles/car.elf.dir/Drivers/STM32F1xx_HAL_Driver/Src/stm32f1xx_hal.c.obj
LOAD CMakeFiles/car.elf.dir/Drivers/STM32F1xx_HAL_Driver/Src/stm32f1xx_hal_cortex.c.obj
LOAD CMakeFiles/car.elf.dir/Drivers/STM32F1xx_HAL_Driver/Src/stm32f1xx_hal_dma.c.obj
LOAD CMakeFiles/car.elf.dir/Drivers/STM32F1xx_HAL_Driver/Src/stm32f1xx_hal_exti.c.obj
LOAD CMakeFiles/car.elf.dir/Drivers/STM32F1xx_HAL_Driver/Src/stm32f1xx_hal_flash.c.obj
LOAD CMakeFiles/car.elf.dir/Drivers/STM32F1xx_HAL_Driver/Src/stm32f1xx_hal_flash_ex.c.obj
LOAD CMakeFiles/car.elf.dir/Drivers/STM32F1xx_HAL_Driver/Src/stm32f1xx_hal_gpio.c.obj
LOAD CMakeFiles/car.elf.dir/Drivers/STM32F1xx_HAL_Driver/Src/stm32f1xx_hal_gpio_ex.c.obj
LOAD CMakeFiles/car.elf.dir/Drivers/STM32F1xx_HAL_Driver/Src/stm32f1xx_hal_i2c.c.obj
LOAD CMakeFiles/car.elf.dir/Drivers/STM32F1xx_HAL_Driver/Src/stm32f1xx_hal_pwr.c.obj
LOAD CMakeFiles/car.elf.dir/Drivers/STM32F1xx_HAL_Driver/Src/stm32f1xx_hal_rcc.c.obj
LOAD CMakeFiles/car.elf.dir/Drivers/STM32F1xx_HAL_Driver/Src/stm32f1xx_hal_rcc_ex.c.obj
LOAD CMakeFiles/car.elf.dir/Drivers/STM32F1xx_HAL_Driver/Src/stm32f1xx_hal_spi.c.obj
LOAD CMakeFiles/car.elf.dir/Drivers/STM32F1xx_HAL_Driver/Src/stm32f1xx_hal_tim.c.obj
LOAD CMakeFiles/car.elf.dir/Drivers/STM32F1xx_HAL_Driver/Src/stm32f1xx_hal_tim_ex.c.obj
LOAD CMakeFiles/car.elf.dir/Drivers/STM32F1xx_HAL_Driver/Src/stm32f1xx_hal_uart.c.obj
LOAD CMakeFiles/car.elf.dir/Function/FS_Debug.c.obj
LOAD CMakeFiles/car.elf.dir/Function/eMPL/inv_mpu.c.obj
LOAD CMakeFiles/car.elf.dir/Function/eMPL/inv_mpu_dmp_motion_driver.c.obj
LOAD CMakeFiles/car.elf.dir/Function/kalman.c.obj
LOAD CMakeFiles/car.elf.dir/Function/lcd.c.obj
LOAD CMakeFiles/car.elf.dir/Function/lcd_init.c.obj
LOAD CMakeFiles/car.elf.dir/Function/mpu6050.c.obj
START GROUP
LOAD C:/Software/arm-gnu-toolchain/bin/../lib/gcc/arm-none-eabi/13.3.1/thumb/v7-m/nofp\libgcc.a
LOAD C:/Software/arm-gnu-toolchain/bin/../lib/gcc/arm-none-eabi/13.3.1/thumb/v7-m/nofp\libg.a
LOAD C:/Software/arm-gnu-toolchain/bin/../lib/gcc/arm-none-eabi/13.3.1/thumb/v7-m/nofp\libc.a
END GROUP
LOAD C:/Software/arm-gnu-toolchain/bin/../lib/gcc/arm-none-eabi/13.3.1/thumb/v7-m/nofp/crtend.o
LOAD C:/Software/arm-gnu-toolchain/bin/../lib/gcc/arm-none-eabi/13.3.1/thumb/v7-m/nofp/crtn.o
                0x2000c000                        _estack = (ORIGIN (RAM) + LENGTH (RAM))
                0x00000200                        _Min_Heap_Size = 0x200
                0x00000400                        _Min_Stack_Size = 0x400

.isr_vector     0x08000000      0x1e4
                0x08000000                        . = ALIGN (0x4)
 *(.isr_vector)
 .isr_vector    0x08000000      0x1e4 CMakeFiles/car.elf.dir/Core/Startup/startup_stm32f103rctx.s.obj
                0x08000000                g_pfnVectors
                0x080001e4                        . = ALIGN (0x4)

.text           0x080001e8     0xda78
                0x080001e8                        . = ALIGN (0x4)
 *(.text)
 .text          0x080001e8      0x378 C:/Software/arm-gnu-toolchain/bin/../lib/gcc/arm-none-eabi/13.3.1/thumb/v7-m/nofp\libgcc.a(_arm_addsubdf3.o)
                0x080001e8                __aeabi_drsub
                0x080001f0                __aeabi_dsub
                0x080001f0                __subdf3
                0x080001f4                __aeabi_dadd
                0x080001f4                __adddf3
                0x0800046c                __floatunsidf
                0x0800046c                __aeabi_ui2d
                0x0800048c                __floatsidf
                0x0800048c                __aeabi_i2d
                0x080004b0                __aeabi_f2d
                0x080004b0                __extendsfdf2
                0x080004f4                __floatundidf
                0x080004f4                __aeabi_ul2d
                0x08000504                __floatdidf
                0x08000504                __aeabi_l2d
 .text          0x08000560      0x424 C:/Software/arm-gnu-toolchain/bin/../lib/gcc/arm-none-eabi/13.3.1/thumb/v7-m/nofp\libgcc.a(_arm_muldivdf3.o)
                0x08000560                __aeabi_dmul
                0x08000560                __muldf3
                0x080007b4                __divdf3
                0x080007b4                __aeabi_ddiv
 .text          0x08000984       0xa0 C:/Software/arm-gnu-toolchain/bin/../lib/gcc/arm-none-eabi/13.3.1/thumb/v7-m/nofp\libgcc.a(_arm_truncdfsf2.o)
                0x08000984                __truncdfsf2
                0x08000984                __aeabi_d2f
 .text          0x08000a24      0x21c C:/Software/arm-gnu-toolchain/bin/../lib/gcc/arm-none-eabi/13.3.1/thumb/v7-m/nofp\libgcc.a(_arm_addsubsf3.o)
                0x08000a24                __aeabi_frsub
                0x08000a2c                __subsf3
                0x08000a2c                __aeabi_fsub
                0x08000a30                __aeabi_fadd
                0x08000a30                __addsf3
                0x08000b90                __aeabi_ui2f
                0x08000b90                __floatunsisf
                0x08000b98                __aeabi_i2f
                0x08000b98                __floatsisf
                0x08000bb4                __aeabi_ul2f
                0x08000bb4                __floatundisf
                0x08000bc4                __aeabi_l2f
                0x08000bc4                __floatdisf
 .text          0x08000c40      0x2a0 C:/Software/arm-gnu-toolchain/bin/../lib/gcc/arm-none-eabi/13.3.1/thumb/v7-m/nofp\libgcc.a(_arm_muldivsf3.o)
                0x08000c40                __mulsf3
                0x08000c40                __aeabi_fmul
                0x08000da8                __aeabi_fdiv
                0x08000da8                __divsf3
 .text          0x08000ee0       0xec C:/Software/arm-gnu-toolchain/bin/../lib/gcc/arm-none-eabi/13.3.1/thumb/v7-m/nofp\libgcc.a(_arm_cmpsf2.o)
                0x08000ee0                __gesf2
                0x08000ee0                __gtsf2
                0x08000ee8                __lesf2
                0x08000ee8                __ltsf2
                0x08000ef0                __nesf2
                0x08000ef0                __eqsf2
                0x08000ef0                __cmpsf2
                0x08000f50                __aeabi_cfrcmple
                0x08000f58                __aeabi_cfcmpeq
                0x08000f58                __aeabi_cfcmple
                0x08000f68                __aeabi_fcmpeq
                0x08000f7c                __aeabi_fcmplt
                0x08000f90                __aeabi_fcmple
                0x08000fa4                __aeabi_fcmpge
                0x08000fb8                __aeabi_fcmpgt
 .text          0x08000fcc       0x4c C:/Software/arm-gnu-toolchain/bin/../lib/gcc/arm-none-eabi/13.3.1/thumb/v7-m/nofp\libgcc.a(_arm_fixsfsi.o)
                0x08000fcc                __aeabi_f2iz
                0x08000fcc                __fixsfsi
 .text          0x08001018       0x40 C:/Software/arm-gnu-toolchain/bin/../lib/gcc/arm-none-eabi/13.3.1/thumb/v7-m/nofp\libgcc.a(_arm_fixunssfsi.o)
                0x08001018                __fixunssfsi
                0x08001018                __aeabi_f2uiz
 .text          0x08001058       0xa0 C:/Software/arm-gnu-toolchain/bin/../lib/gcc/arm-none-eabi/13.3.1/thumb/v7-m/nofp\libgcc.a(_aeabi_ldivmod.o)
                0x08001058                __aeabi_ldivmod
 .text          0x080010f8        0x4 C:/Software/arm-gnu-toolchain/bin/../lib/gcc/arm-none-eabi/13.3.1/thumb/v7-m/nofp\libgcc.a(_dvmd_tls.o)
                0x080010f8                __aeabi_idiv0
                0x080010f8                __aeabi_ldiv0
 .text          0x080010fc       0xec C:/Software/arm-gnu-toolchain/bin/../lib/gcc/arm-none-eabi/13.3.1/thumb/v7-m/nofp\libg.a(libc_a-memcpy.o)
                0x080010fc                memcpy
 .text          0x080011e8      0x110 C:/Software/arm-gnu-toolchain/bin/../lib/gcc/arm-none-eabi/13.3.1/thumb/v7-m/nofp\libgcc.a(_arm_cmpdf2.o)
                0x080011e8                __gtdf2
                0x080011e8                __gedf2
                0x080011f0                __ltdf2
                0x080011f0                __ledf2
                0x080011f8                __nedf2
                0x080011f8                __eqdf2
                0x080011f8                __cmpdf2
                0x08001274                __aeabi_cdrcmple
                0x08001284                __aeabi_cdcmpeq
                0x08001284                __aeabi_cdcmple
                0x08001294                __aeabi_dcmpeq
                0x080012a8                __aeabi_dcmplt
                0x080012bc                __aeabi_dcmple
                0x080012d0                __aeabi_dcmpge
                0x080012e4                __aeabi_dcmpgt
 .text          0x080012f8       0x2c C:/Software/arm-gnu-toolchain/bin/../lib/gcc/arm-none-eabi/13.3.1/thumb/v7-m/nofp\libgcc.a(_arm_unorddf2.o)
                0x080012f8                __unorddf2
                0x080012f8                __aeabi_dcmpun
 .text          0x08001324       0x50 C:/Software/arm-gnu-toolchain/bin/../lib/gcc/arm-none-eabi/13.3.1/thumb/v7-m/nofp\libgcc.a(_arm_fixdfsi.o)
                0x08001324                __aeabi_d2iz
                0x08001324                __fixdfsi
 *(.text*)
 .text.deregister_tm_clones
                0x08001374       0x1c C:/Software/arm-gnu-toolchain/bin/../lib/gcc/arm-none-eabi/13.3.1/thumb/v7-m/nofp/crtbegin.o
 .text.register_tm_clones
                0x08001390       0x24 C:/Software/arm-gnu-toolchain/bin/../lib/gcc/arm-none-eabi/13.3.1/thumb/v7-m/nofp/crtbegin.o
 .text.__do_global_dtors_aux
                0x080013b4       0x28 C:/Software/arm-gnu-toolchain/bin/../lib/gcc/arm-none-eabi/13.3.1/thumb/v7-m/nofp/crtbegin.o
 .text.frame_dummy
                0x080013dc       0x24 C:/Software/arm-gnu-toolchain/bin/../lib/gcc/arm-none-eabi/13.3.1/thumb/v7-m/nofp/crtbegin.o
 .text.MX_GPIO_Init
                0x08001400       0xf4 CMakeFiles/car.elf.dir/Core/Src/gpio.c.obj
                0x08001400                MX_GPIO_Init
 .text.MX_I2C2_Init
                0x080014f4       0x3c CMakeFiles/car.elf.dir/Core/Src/i2c.c.obj
                0x080014f4                MX_I2C2_Init
 .text.HAL_I2C_MspInit
                0x08001530       0x64 CMakeFiles/car.elf.dir/Core/Src/i2c.c.obj
                0x08001530                HAL_I2C_MspInit
 .text.Error_Handler
                0x08001594        0x4 CMakeFiles/car.elf.dir/Core/Src/main.c.obj
                0x08001594                Error_Handler
 .text.SystemClock_Config
                0x08001598       0x64 CMakeFiles/car.elf.dir/Core/Src/main.c.obj
                0x08001598                SystemClock_Config
 *fill*         0x080015fc        0x4 
 .text.main     0x08001600      0x1a4 CMakeFiles/car.elf.dir/Core/Src/main.c.obj
                0x08001600                main
 .text.MX_SPI2_Init
                0x080017a4       0x44 CMakeFiles/car.elf.dir/Core/Src/spi.c.obj
                0x080017a4                MX_SPI2_Init
 .text.HAL_SPI_MspInit
                0x080017e8       0x64 CMakeFiles/car.elf.dir/Core/Src/spi.c.obj
                0x080017e8                HAL_SPI_MspInit
 .text.HAL_MspInit
                0x0800184c       0x44 CMakeFiles/car.elf.dir/Core/Src/stm32f1xx_hal_msp.c.obj
                0x0800184c                HAL_MspInit
 .text.NMI_Handler
                0x08001890        0x2 CMakeFiles/car.elf.dir/Core/Src/stm32f1xx_it.c.obj
                0x08001890                NMI_Handler
 .text.HardFault_Handler
                0x08001892        0x2 CMakeFiles/car.elf.dir/Core/Src/stm32f1xx_it.c.obj
                0x08001892                HardFault_Handler
 .text.MemManage_Handler
                0x08001894        0x2 CMakeFiles/car.elf.dir/Core/Src/stm32f1xx_it.c.obj
                0x08001894                MemManage_Handler
 .text.BusFault_Handler
                0x08001896        0x2 CMakeFiles/car.elf.dir/Core/Src/stm32f1xx_it.c.obj
                0x08001896                BusFault_Handler
 .text.UsageFault_Handler
                0x08001898        0x2 CMakeFiles/car.elf.dir/Core/Src/stm32f1xx_it.c.obj
                0x08001898                UsageFault_Handler
 .text.SVC_Handler
                0x0800189a        0x2 CMakeFiles/car.elf.dir/Core/Src/stm32f1xx_it.c.obj
                0x0800189a                SVC_Handler
 .text.DebugMon_Handler
                0x0800189c        0x2 CMakeFiles/car.elf.dir/Core/Src/stm32f1xx_it.c.obj
                0x0800189c                DebugMon_Handler
 .text.PendSV_Handler
                0x0800189e        0x2 CMakeFiles/car.elf.dir/Core/Src/stm32f1xx_it.c.obj
                0x0800189e                PendSV_Handler
 .text.SysTick_Handler
                0x080018a0        0x8 CMakeFiles/car.elf.dir/Core/Src/stm32f1xx_it.c.obj
                0x080018a0                SysTick_Handler
 .text._getpid  0x080018a8        0x4 CMakeFiles/car.elf.dir/Core/Src/syscalls.c.obj
                0x080018a8                _getpid
 .text._kill    0x080018ac       0x10 CMakeFiles/car.elf.dir/Core/Src/syscalls.c.obj
                0x080018ac                _kill
 .text._exit    0x080018bc        0xc CMakeFiles/car.elf.dir/Core/Src/syscalls.c.obj
                0x080018bc                _exit
 .text._read    0x080018c8       0x20 CMakeFiles/car.elf.dir/Core/Src/syscalls.c.obj
                0x080018c8                _read
 .text._write   0x080018e8       0x1c CMakeFiles/car.elf.dir/Core/Src/syscalls.c.obj
                0x080018e8                _write
 .text._close   0x08001904        0x6 CMakeFiles/car.elf.dir/Core/Src/syscalls.c.obj
                0x08001904                _close
 .text._fstat   0x0800190a        0xa CMakeFiles/car.elf.dir/Core/Src/syscalls.c.obj
                0x0800190a                _fstat
 .text._isatty  0x08001914        0x4 CMakeFiles/car.elf.dir/Core/Src/syscalls.c.obj
                0x08001914                _isatty
 .text._lseek   0x08001918        0x4 CMakeFiles/car.elf.dir/Core/Src/syscalls.c.obj
                0x08001918                _lseek
 .text._sbrk    0x0800191c       0x48 CMakeFiles/car.elf.dir/Core/Src/sysmem.c.obj
                0x0800191c                _sbrk
 .text.SystemInit
                0x08001964        0x2 CMakeFiles/car.elf.dir/Core/Src/system_stm32f1xx.c.obj
                0x08001964                SystemInit
 *fill*         0x08001966        0x2 
 .text.MX_USART1_UART_Init
                0x08001968       0x34 CMakeFiles/car.elf.dir/Core/Src/usart.c.obj
                0x08001968                MX_USART1_UART_Init
 .text.HAL_UART_MspInit
                0x0800199c       0x78 CMakeFiles/car.elf.dir/Core/Src/usart.c.obj
                0x0800199c                HAL_UART_MspInit
 .text.Reset_Handler
                0x08001a14       0x48 CMakeFiles/car.elf.dir/Core/Startup/startup_stm32f103rctx.s.obj
                0x08001a14                Reset_Handler
 .text.Default_Handler
                0x08001a5c        0x2 CMakeFiles/car.elf.dir/Core/Startup/startup_stm32f103rctx.s.obj
                0x08001a5c                RTC_Alarm_IRQHandler
                0x08001a5c                EXTI2_IRQHandler
                0x08001a5c                TIM8_TRG_COM_IRQHandler
                0x08001a5c                TIM8_CC_IRQHandler
                0x08001a5c                TIM1_CC_IRQHandler
                0x08001a5c                TIM6_IRQHandler
                0x08001a5c                PVD_IRQHandler
                0x08001a5c                SDIO_IRQHandler
                0x08001a5c                EXTI3_IRQHandler
                0x08001a5c                EXTI0_IRQHandler
                0x08001a5c                I2C2_EV_IRQHandler
                0x08001a5c                ADC1_2_IRQHandler
                0x08001a5c                SPI1_IRQHandler
                0x08001a5c                TAMPER_IRQHandler
                0x08001a5c                TIM8_UP_IRQHandler
                0x08001a5c                DMA2_Channel2_IRQHandler
                0x08001a5c                DMA1_Channel4_IRQHandler
                0x08001a5c                USART3_IRQHandler
                0x08001a5c                RTC_IRQHandler
                0x08001a5c                DMA1_Channel7_IRQHandler
                0x08001a5c                CAN1_RX1_IRQHandler
                0x08001a5c                UART5_IRQHandler
                0x08001a5c                ADC3_IRQHandler
                0x08001a5c                TIM4_IRQHandler
                0x08001a5c                DMA2_Channel1_IRQHandler
                0x08001a5c                I2C1_EV_IRQHandler
                0x08001a5c                DMA1_Channel6_IRQHandler
                0x08001a5c                UART4_IRQHandler
                0x08001a5c                TIM3_IRQHandler
                0x08001a5c                RCC_IRQHandler
                0x08001a5c                TIM1_TRG_COM_IRQHandler
                0x08001a5c                DMA1_Channel1_IRQHandler
                0x08001a5c                Default_Handler
                0x08001a5c                EXTI15_10_IRQHandler
                0x08001a5c                TIM7_IRQHandler
                0x08001a5c                TIM5_IRQHandler
                0x08001a5c                EXTI9_5_IRQHandler
                0x08001a5c                SPI2_IRQHandler
                0x08001a5c                DMA1_Channel5_IRQHandler
                0x08001a5c                EXTI4_IRQHandler
                0x08001a5c                USB_LP_CAN1_RX0_IRQHandler
                0x08001a5c                USB_HP_CAN1_TX_IRQHandler
                0x08001a5c                DMA1_Channel3_IRQHandler
                0x08001a5c                FSMC_IRQHandler
                0x08001a5c                TIM1_UP_IRQHandler
                0x08001a5c                WWDG_IRQHandler
                0x08001a5c                TIM2_IRQHandler
                0x08001a5c                TIM1_BRK_IRQHandler
                0x08001a5c                EXTI1_IRQHandler
                0x08001a5c                DMA2_Channel4_5_IRQHandler
                0x08001a5c                USART2_IRQHandler
                0x08001a5c                I2C2_ER_IRQHandler
                0x08001a5c                DMA1_Channel2_IRQHandler
                0x08001a5c                TIM8_BRK_IRQHandler
                0x08001a5c                CAN1_SCE_IRQHandler
                0x08001a5c                FLASH_IRQHandler
                0x08001a5c                USART1_IRQHandler
                0x08001a5c                SPI3_IRQHandler
                0x08001a5c                I2C1_ER_IRQHandler
                0x08001a5c                USBWakeUp_IRQHandler
                0x08001a5c                DMA2_Channel3_IRQHandler
 *fill*         0x08001a5e        0x2 
 .text.HAL_InitTick
                0x08001a60       0x4c CMakeFiles/car.elf.dir/Drivers/STM32F1xx_HAL_Driver/Src/stm32f1xx_hal.c.obj
                0x08001a60                HAL_InitTick
 .text.HAL_Init
                0x08001aac       0x24 CMakeFiles/car.elf.dir/Drivers/STM32F1xx_HAL_Driver/Src/stm32f1xx_hal.c.obj
                0x08001aac                HAL_Init
 .text.HAL_IncTick
                0x08001ad0       0x18 CMakeFiles/car.elf.dir/Drivers/STM32F1xx_HAL_Driver/Src/stm32f1xx_hal.c.obj
                0x08001ad0                HAL_IncTick
 .text.HAL_GetTick
                0x08001ae8        0xc CMakeFiles/car.elf.dir/Drivers/STM32F1xx_HAL_Driver/Src/stm32f1xx_hal.c.obj
                0x08001ae8                HAL_GetTick
 .text.HAL_Delay
                0x08001af4       0x28 CMakeFiles/car.elf.dir/Drivers/STM32F1xx_HAL_Driver/Src/stm32f1xx_hal.c.obj
                0x08001af4                HAL_Delay
 .text.__NVIC_SetPriority
                0x08001b1c       0x28 CMakeFiles/car.elf.dir/Drivers/STM32F1xx_HAL_Driver/Src/stm32f1xx_hal_cortex.c.obj
 .text.NVIC_EncodePriority
                0x08001b44       0x3e CMakeFiles/car.elf.dir/Drivers/STM32F1xx_HAL_Driver/Src/stm32f1xx_hal_cortex.c.obj
 *fill*         0x08001b82        0x2 
 .text.HAL_NVIC_SetPriorityGrouping
                0x08001b84       0x24 CMakeFiles/car.elf.dir/Drivers/STM32F1xx_HAL_Driver/Src/stm32f1xx_hal_cortex.c.obj
                0x08001b84                HAL_NVIC_SetPriorityGrouping
 .text.HAL_NVIC_SetPriority
                0x08001ba8       0x20 CMakeFiles/car.elf.dir/Drivers/STM32F1xx_HAL_Driver/Src/stm32f1xx_hal_cortex.c.obj
                0x08001ba8                HAL_NVIC_SetPriority
 .text.HAL_SYSTICK_Config
                0x08001bc8       0x28 CMakeFiles/car.elf.dir/Drivers/STM32F1xx_HAL_Driver/Src/stm32f1xx_hal_cortex.c.obj
                0x08001bc8                HAL_SYSTICK_Config
 .text.HAL_GPIO_Init
                0x08001bf0      0x238 CMakeFiles/car.elf.dir/Drivers/STM32F1xx_HAL_Driver/Src/stm32f1xx_hal_gpio.c.obj
                0x08001bf0                HAL_GPIO_Init
 .text.HAL_GPIO_WritePin
                0x08001e28        0xc CMakeFiles/car.elf.dir/Drivers/STM32F1xx_HAL_Driver/Src/stm32f1xx_hal_gpio.c.obj
                0x08001e28                HAL_GPIO_WritePin
 .text.I2C_IsAcknowledgeFailed
                0x08001e34       0x32 CMakeFiles/car.elf.dir/Drivers/STM32F1xx_HAL_Driver/Src/stm32f1xx_hal_i2c.c.obj
 .text.I2C_WaitOnFlagUntilTimeout
                0x08001e66       0xaa CMakeFiles/car.elf.dir/Drivers/STM32F1xx_HAL_Driver/Src/stm32f1xx_hal_i2c.c.obj
 .text.I2C_WaitOnMasterAddressFlagUntilTimeout
                0x08001f10       0xd6 CMakeFiles/car.elf.dir/Drivers/STM32F1xx_HAL_Driver/Src/stm32f1xx_hal_i2c.c.obj
 .text.I2C_WaitOnTXEFlagUntilTimeout
                0x08001fe6       0x5e CMakeFiles/car.elf.dir/Drivers/STM32F1xx_HAL_Driver/Src/stm32f1xx_hal_i2c.c.obj
 .text.I2C_RequestMemoryWrite
                0x08002044       0xd8 CMakeFiles/car.elf.dir/Drivers/STM32F1xx_HAL_Driver/Src/stm32f1xx_hal_i2c.c.obj
 .text.I2C_RequestMemoryRead
                0x0800211c      0x154 CMakeFiles/car.elf.dir/Drivers/STM32F1xx_HAL_Driver/Src/stm32f1xx_hal_i2c.c.obj
 .text.I2C_WaitOnBTFFlagUntilTimeout
                0x08002270       0x5e CMakeFiles/car.elf.dir/Drivers/STM32F1xx_HAL_Driver/Src/stm32f1xx_hal_i2c.c.obj
 .text.I2C_WaitOnRXNEFlagUntilTimeout
                0x080022ce       0x78 CMakeFiles/car.elf.dir/Drivers/STM32F1xx_HAL_Driver/Src/stm32f1xx_hal_i2c.c.obj
 *fill*         0x08002346        0x2 
 .text.HAL_I2C_Init
                0x08002348      0x1bc CMakeFiles/car.elf.dir/Drivers/STM32F1xx_HAL_Driver/Src/stm32f1xx_hal_i2c.c.obj
                0x08002348                HAL_I2C_Init
 .text.HAL_I2C_Mem_Write
                0x08002504      0x164 CMakeFiles/car.elf.dir/Drivers/STM32F1xx_HAL_Driver/Src/stm32f1xx_hal_i2c.c.obj
                0x08002504                HAL_I2C_Mem_Write
 .text.HAL_I2C_Mem_Read
                0x08002668      0x348 CMakeFiles/car.elf.dir/Drivers/STM32F1xx_HAL_Driver/Src/stm32f1xx_hal_i2c.c.obj
                0x08002668                HAL_I2C_Mem_Read
 .text.RCC_Delay
                0x080029b0       0x2c CMakeFiles/car.elf.dir/Drivers/STM32F1xx_HAL_Driver/Src/stm32f1xx_hal_rcc.c.obj
 .text.HAL_RCC_OscConfig
                0x080029dc      0x410 CMakeFiles/car.elf.dir/Drivers/STM32F1xx_HAL_Driver/Src/stm32f1xx_hal_rcc.c.obj
                0x080029dc                HAL_RCC_OscConfig
 .text.HAL_RCC_GetSysClockFreq
                0x08002dec       0x54 CMakeFiles/car.elf.dir/Drivers/STM32F1xx_HAL_Driver/Src/stm32f1xx_hal_rcc.c.obj
                0x08002dec                HAL_RCC_GetSysClockFreq
 .text.HAL_RCC_ClockConfig
                0x08002e40      0x16c CMakeFiles/car.elf.dir/Drivers/STM32F1xx_HAL_Driver/Src/stm32f1xx_hal_rcc.c.obj
                0x08002e40                HAL_RCC_ClockConfig
 .text.HAL_RCC_GetHCLKFreq
                0x08002fac        0xc CMakeFiles/car.elf.dir/Drivers/STM32F1xx_HAL_Driver/Src/stm32f1xx_hal_rcc.c.obj
                0x08002fac                HAL_RCC_GetHCLKFreq
 .text.HAL_RCC_GetPCLK1Freq
                0x08002fb8       0x20 CMakeFiles/car.elf.dir/Drivers/STM32F1xx_HAL_Driver/Src/stm32f1xx_hal_rcc.c.obj
                0x08002fb8                HAL_RCC_GetPCLK1Freq
 .text.HAL_RCC_GetPCLK2Freq
                0x08002fd8       0x20 CMakeFiles/car.elf.dir/Drivers/STM32F1xx_HAL_Driver/Src/stm32f1xx_hal_rcc.c.obj
                0x08002fd8                HAL_RCC_GetPCLK2Freq
 .text.SPI_WaitFlagStateUntilTimeout
                0x08002ff8       0xc8 CMakeFiles/car.elf.dir/Drivers/STM32F1xx_HAL_Driver/Src/stm32f1xx_hal_spi.c.obj
 .text.SPI_EndRxTxTransaction
                0x080030c0       0x24 CMakeFiles/car.elf.dir/Drivers/STM32F1xx_HAL_Driver/Src/stm32f1xx_hal_spi.c.obj
 .text.HAL_SPI_Init
                0x080030e4       0xb6 CMakeFiles/car.elf.dir/Drivers/STM32F1xx_HAL_Driver/Src/stm32f1xx_hal_spi.c.obj
                0x080030e4                HAL_SPI_Init
 .text.HAL_SPI_Transmit
                0x0800319a      0x1b8 CMakeFiles/car.elf.dir/Drivers/STM32F1xx_HAL_Driver/Src/stm32f1xx_hal_spi.c.obj
                0x0800319a                HAL_SPI_Transmit
 *fill*         0x08003352        0x2 
 .text.UART_SetConfig
                0x08003354       0x94 CMakeFiles/car.elf.dir/Drivers/STM32F1xx_HAL_Driver/Src/stm32f1xx_hal_uart.c.obj
 .text.UART_WaitOnFlagUntilTimeout
                0x080033e8       0x84 CMakeFiles/car.elf.dir/Drivers/STM32F1xx_HAL_Driver/Src/stm32f1xx_hal_uart.c.obj
 .text.HAL_UART_Init
                0x0800346c       0x60 CMakeFiles/car.elf.dir/Drivers/STM32F1xx_HAL_Driver/Src/stm32f1xx_hal_uart.c.obj
                0x0800346c                HAL_UART_Init
 .text.HAL_UART_Transmit
                0x080034cc       0xbe CMakeFiles/car.elf.dir/Drivers/STM32F1xx_HAL_Driver/Src/stm32f1xx_hal_uart.c.obj
                0x080034cc                HAL_UART_Transmit
 *fill*         0x0800358a        0x2 
 .text.FS_Debug
                0x0800358c       0x3c CMakeFiles/car.elf.dir/Function/FS_Debug.c.obj
                0x0800358c                FS_Debug
 .text.print    0x080035c8       0x42 CMakeFiles/car.elf.dir/Function/FS_Debug.c.obj
                0x080035c8                print
 .text.inv_row_2_scale
                0x0800360a       0x3a CMakeFiles/car.elf.dir/Function/eMPL/inv_mpu.c.obj
 .text.inv_orientation_matrix_to_scalar
                0x08003644       0x24 CMakeFiles/car.elf.dir/Function/eMPL/inv_mpu.c.obj
 .text.get_accel_prod_shift
                0x08003668       0xc4 CMakeFiles/car.elf.dir/Function/eMPL/inv_mpu.c.obj
 .text.accel_self_test
                0x0800372c       0xa8 CMakeFiles/car.elf.dir/Function/eMPL/inv_mpu.c.obj
 .text.gyro_self_test
                0x080037d4      0x100 CMakeFiles/car.elf.dir/Function/eMPL/inv_mpu.c.obj
 .text.set_int_enable
                0x080038d4       0x98 CMakeFiles/car.elf.dir/Function/eMPL/inv_mpu.c.obj
 .text.get_st_biases
                0x0800396c      0x428 CMakeFiles/car.elf.dir/Function/eMPL/inv_mpu.c.obj
 .text.mpu_reset_fifo
                0x08003d94      0x1f8 CMakeFiles/car.elf.dir/Function/eMPL/inv_mpu.c.obj
                0x08003d94                mpu_reset_fifo
 .text.mpu_get_gyro_fsr
                0x08003f8c       0x3c CMakeFiles/car.elf.dir/Function/eMPL/inv_mpu.c.obj
                0x08003f8c                mpu_get_gyro_fsr
 .text.mpu_set_gyro_fsr
                0x08003fc8       0x98 CMakeFiles/car.elf.dir/Function/eMPL/inv_mpu.c.obj
                0x08003fc8                mpu_set_gyro_fsr
 .text.mpu_get_accel_fsr
                0x08004060       0x44 CMakeFiles/car.elf.dir/Function/eMPL/inv_mpu.c.obj
                0x08004060                mpu_get_accel_fsr
 .text.mpu_set_accel_fsr
                0x080040a4       0x94 CMakeFiles/car.elf.dir/Function/eMPL/inv_mpu.c.obj
                0x080040a4                mpu_set_accel_fsr
 .text.mpu_get_lpf
                0x08004138       0x44 CMakeFiles/car.elf.dir/Function/eMPL/inv_mpu.c.obj
                0x08004138                mpu_get_lpf
 .text.mpu_set_lpf
                0x0800417c       0x94 CMakeFiles/car.elf.dir/Function/eMPL/inv_mpu.c.obj
                0x0800417c                mpu_set_lpf
 .text.mpu_get_sample_rate
                0x08004210       0x1c CMakeFiles/car.elf.dir/Function/eMPL/inv_mpu.c.obj
                0x08004210                mpu_get_sample_rate
 .text.mpu_get_gyro_sens
                0x0800422c       0x4c CMakeFiles/car.elf.dir/Function/eMPL/inv_mpu.c.obj
                0x0800422c                mpu_get_gyro_sens
 .text.mpu_get_accel_sens
                0x08004278       0x4c CMakeFiles/car.elf.dir/Function/eMPL/inv_mpu.c.obj
                0x08004278                mpu_get_accel_sens
 .text.mpu_get_fifo_config
                0x080042c4       0x10 CMakeFiles/car.elf.dir/Function/eMPL/inv_mpu.c.obj
                0x080042c4                mpu_get_fifo_config
 .text.mpu_configure_fifo
                0x080042d4       0x64 CMakeFiles/car.elf.dir/Function/eMPL/inv_mpu.c.obj
                0x080042d4                mpu_configure_fifo
 .text.mpu_read_fifo_stream
                0x08004338       0xc0 CMakeFiles/car.elf.dir/Function/eMPL/inv_mpu.c.obj
                0x08004338                mpu_read_fifo_stream
 .text.mpu_set_bypass
                0x080043f8      0x168 CMakeFiles/car.elf.dir/Function/eMPL/inv_mpu.c.obj
                0x080043f8                mpu_set_bypass
 .text.mpu_set_int_latched
                0x08004560       0x74 CMakeFiles/car.elf.dir/Function/eMPL/inv_mpu.c.obj
                0x08004560                mpu_set_int_latched
 .text.mpu_lp_accel_mode
                0x080045d4       0xdc CMakeFiles/car.elf.dir/Function/eMPL/inv_mpu.c.obj
                0x080045d4                mpu_lp_accel_mode
 .text.mpu_set_sample_rate
                0x080046b0       0xa0 CMakeFiles/car.elf.dir/Function/eMPL/inv_mpu.c.obj
                0x080046b0                mpu_set_sample_rate
 .text.mpu_set_sensors
                0x08004750       0xe4 CMakeFiles/car.elf.dir/Function/eMPL/inv_mpu.c.obj
                0x08004750                mpu_set_sensors
 .text.mpu_init
                0x08004834      0x194 CMakeFiles/car.elf.dir/Function/eMPL/inv_mpu.c.obj
                0x08004834                mpu_init
 .text.mpu_write_mem
                0x080049c8       0x74 CMakeFiles/car.elf.dir/Function/eMPL/inv_mpu.c.obj
                0x080049c8                mpu_write_mem
 .text.mpu_read_mem
                0x08004a3c       0x74 CMakeFiles/car.elf.dir/Function/eMPL/inv_mpu.c.obj
                0x08004a3c                mpu_read_mem
 .text.mpu_load_firmware
                0x08004ab0       0xb4 CMakeFiles/car.elf.dir/Function/eMPL/inv_mpu.c.obj
                0x08004ab0                mpu_load_firmware
 .text.mpu_set_dmp_state
                0x08004b64       0x94 CMakeFiles/car.elf.dir/Function/eMPL/inv_mpu.c.obj
                0x08004b64                mpu_set_dmp_state
 .text.mpu_run_self_test
                0x08004bf8      0x104 CMakeFiles/car.elf.dir/Function/eMPL/inv_mpu.c.obj
                0x08004bf8                mpu_run_self_test
 .text.get_clock_ms
                0x08004cfc       0x16 CMakeFiles/car.elf.dir/Function/eMPL/inv_mpu.c.obj
                0x08004cfc                get_clock_ms
 .text.run_self_test
                0x08004d12       0x88 CMakeFiles/car.elf.dir/Function/eMPL/inv_mpu.c.obj
                0x08004d12                run_self_test
 *fill*         0x08004d9a        0x2 
 .text.mpu6050_dmp_init
                0x08004d9c       0x74 CMakeFiles/car.elf.dir/Function/eMPL/inv_mpu.c.obj
                0x08004d9c                mpu6050_dmp_init
 .text.mpu6050_dmp_get_data
                0x08004e10      0x1c8 CMakeFiles/car.elf.dir/Function/eMPL/inv_mpu.c.obj
                0x08004e10                mpu6050_dmp_get_data
 .text.decode_gesture
                0x08004fd8       0x3c CMakeFiles/car.elf.dir/Function/eMPL/inv_mpu_dmp_motion_driver.c.obj
 .text.dmp_load_motion_driver_firmware
                0x08005014       0x18 CMakeFiles/car.elf.dir/Function/eMPL/inv_mpu_dmp_motion_driver.c.obj
                0x08005014                dmp_load_motion_driver_firmware
 .text.dmp_set_orientation
                0x0800502c      0x14c CMakeFiles/car.elf.dir/Function/eMPL/inv_mpu_dmp_motion_driver.c.obj
                0x0800502c                dmp_set_orientation
 .text.dmp_set_gyro_bias
                0x08005178      0x110 CMakeFiles/car.elf.dir/Function/eMPL/inv_mpu_dmp_motion_driver.c.obj
                0x08005178                dmp_set_gyro_bias
 .text.dmp_set_accel_bias
                0x08005288       0xf8 CMakeFiles/car.elf.dir/Function/eMPL/inv_mpu_dmp_motion_driver.c.obj
                0x08005288                dmp_set_accel_bias
 .text.dmp_set_fifo_rate
                0x08005380       0x68 CMakeFiles/car.elf.dir/Function/eMPL/inv_mpu_dmp_motion_driver.c.obj
                0x08005380                dmp_set_fifo_rate
 .text.dmp_set_tap_thresh
                0x080053e8      0x1a0 CMakeFiles/car.elf.dir/Function/eMPL/inv_mpu_dmp_motion_driver.c.obj
                0x080053e8                dmp_set_tap_thresh
 .text.dmp_set_tap_axes
                0x08005588       0x4e CMakeFiles/car.elf.dir/Function/eMPL/inv_mpu_dmp_motion_driver.c.obj
                0x08005588                dmp_set_tap_axes
 .text.dmp_set_tap_count
                0x080055d6       0x2c CMakeFiles/car.elf.dir/Function/eMPL/inv_mpu_dmp_motion_driver.c.obj
                0x080055d6                dmp_set_tap_count
 *fill*         0x08005602        0x2 
 .text.dmp_set_tap_time
                0x08005604       0x30 CMakeFiles/car.elf.dir/Function/eMPL/inv_mpu_dmp_motion_driver.c.obj
                0x08005604                dmp_set_tap_time
 .text.dmp_set_tap_time_multi
                0x08005634       0x30 CMakeFiles/car.elf.dir/Function/eMPL/inv_mpu_dmp_motion_driver.c.obj
                0x08005634                dmp_set_tap_time_multi
 .text.dmp_set_shake_reject_thresh
                0x08005664       0x44 CMakeFiles/car.elf.dir/Function/eMPL/inv_mpu_dmp_motion_driver.c.obj
                0x08005664                dmp_set_shake_reject_thresh
 .text.dmp_set_shake_reject_time
                0x080056a8       0x2c CMakeFiles/car.elf.dir/Function/eMPL/inv_mpu_dmp_motion_driver.c.obj
                0x080056a8                dmp_set_shake_reject_time
 .text.dmp_set_shake_reject_timeout
                0x080056d4       0x2c CMakeFiles/car.elf.dir/Function/eMPL/inv_mpu_dmp_motion_driver.c.obj
                0x080056d4                dmp_set_shake_reject_timeout
 .text.dmp_enable_gyro_cal
                0x08005700       0x44 CMakeFiles/car.elf.dir/Function/eMPL/inv_mpu_dmp_motion_driver.c.obj
                0x08005700                dmp_enable_gyro_cal
 .text.dmp_enable_lp_quat
                0x08005744       0x3c CMakeFiles/car.elf.dir/Function/eMPL/inv_mpu_dmp_motion_driver.c.obj
                0x08005744                dmp_enable_lp_quat
 .text.dmp_enable_6x_lp_quat
                0x08005780       0x3c CMakeFiles/car.elf.dir/Function/eMPL/inv_mpu_dmp_motion_driver.c.obj
                0x08005780                dmp_enable_6x_lp_quat
 .text.dmp_enable_feature
                0x080057bc      0x218 CMakeFiles/car.elf.dir/Function/eMPL/inv_mpu_dmp_motion_driver.c.obj
                0x080057bc                dmp_enable_feature
 .text.dmp_read_fifo
                0x080059d4      0x1ec CMakeFiles/car.elf.dir/Function/eMPL/inv_mpu_dmp_motion_driver.c.obj
                0x080059d4                dmp_read_fifo
 .text.Kalman_Filter_X
                0x08005bc0      0x1f4 CMakeFiles/car.elf.dir/Function/kalman.c.obj
                0x08005bc0                Kalman_Filter_X
 .text.Kalman_Filter_Y
                0x08005db4      0x1f4 CMakeFiles/car.elf.dir/Function/kalman.c.obj
                0x08005db4                Kalman_Filter_Y
 .text.LCD_Fill
                0x08005fa8       0x3c CMakeFiles/car.elf.dir/Function/lcd.c.obj
                0x08005fa8                LCD_Fill
 .text.LCD_DrawPoint
                0x08005fe4       0x14 CMakeFiles/car.elf.dir/Function/lcd.c.obj
                0x08005fe4                LCD_DrawPoint
 .text.LCD_ShowChinese12x12
                0x08005ff8      0x12c CMakeFiles/car.elf.dir/Function/lcd.c.obj
                0x08005ff8                LCD_ShowChinese12x12
 .text.LCD_ShowChinese16x16
                0x08006124      0x134 CMakeFiles/car.elf.dir/Function/lcd.c.obj
                0x08006124                LCD_ShowChinese16x16
 .text.LCD_ShowChinese24x24
                0x08006258      0x12c CMakeFiles/car.elf.dir/Function/lcd.c.obj
                0x08006258                LCD_ShowChinese24x24
 .text.LCD_ShowChinese32x32
                0x08006384      0x134 CMakeFiles/car.elf.dir/Function/lcd.c.obj
                0x08006384                LCD_ShowChinese32x32
 .text.LCD_ShowChinese
                0x080064b8       0xf0 CMakeFiles/car.elf.dir/Function/lcd.c.obj
                0x080064b8                LCD_ShowChinese
 .text.LCD_ShowChar
                0x080065a8      0x190 CMakeFiles/car.elf.dir/Function/lcd.c.obj
                0x080065a8                LCD_ShowChar
 .text.LCD_ShowString
                0x08006738       0x44 CMakeFiles/car.elf.dir/Function/lcd.c.obj
                0x08006738                LCD_ShowString
 .text.mypow    0x0800677c       0x16 CMakeFiles/car.elf.dir/Function/lcd.c.obj
                0x0800677c                mypow
 *fill*         0x08006792        0x2 
 .text.LCD_ShowIntNum
                0x08006794       0xa8 CMakeFiles/car.elf.dir/Function/lcd.c.obj
                0x08006794                LCD_ShowIntNum
 .text.LCD_ShowFloatNum1
                0x0800683c       0xb8 CMakeFiles/car.elf.dir/Function/lcd.c.obj
                0x0800683c                LCD_ShowFloatNum1
 .text.LCD_ShowPicture
                0x080068f4       0x54 CMakeFiles/car.elf.dir/Function/lcd.c.obj
                0x080068f4                LCD_ShowPicture
 .text.LCD_Writ_Bus
                0x08006948       0x20 CMakeFiles/car.elf.dir/Function/lcd_init.c.obj
                0x08006948                LCD_Writ_Bus
 .text.LCD_WR_DATA8
                0x08006968        0x8 CMakeFiles/car.elf.dir/Function/lcd_init.c.obj
                0x08006968                LCD_WR_DATA8
 .text.LCD_WR_DATA
                0x08006970       0x12 CMakeFiles/car.elf.dir/Function/lcd_init.c.obj
                0x08006970                LCD_WR_DATA
 *fill*         0x08006982        0x2 
 .text.LCD_WR_REG
                0x08006984       0x28 CMakeFiles/car.elf.dir/Function/lcd_init.c.obj
                0x08006984                LCD_WR_REG
 .text.LCD_Address_Set
                0x080069ac       0x36 CMakeFiles/car.elf.dir/Function/lcd_init.c.obj
                0x080069ac                LCD_Address_Set
 *fill*         0x080069e2        0x2 
 .text.LCD_Init
                0x080069e4      0x1b0 CMakeFiles/car.elf.dir/Function/lcd_init.c.obj
                0x080069e4                LCD_Init
 .text.IIC_Write
                0x08006b94       0x20 CMakeFiles/car.elf.dir/Function/mpu6050.c.obj
                0x08006b94                IIC_Write
 .text.IIC_Read
                0x08006bb4       0x20 CMakeFiles/car.elf.dir/Function/mpu6050.c.obj
                0x08006bb4                IIC_Read
 .text.MPU6050_ReadData
                0x08006bd4        0xe CMakeFiles/car.elf.dir/Function/mpu6050.c.obj
                0x08006bd4                MPU6050_ReadData
 .text.MPU6050ReadGyro
                0x08006be2       0x3e CMakeFiles/car.elf.dir/Function/mpu6050.c.obj
                0x08006be2                MPU6050ReadGyro
 .text.mpu6050_filter_angle
                0x08006c20       0xe4 CMakeFiles/car.elf.dir/Function/mpu6050.c.obj
                0x08006c20                mpu6050_filter_angle
 .text.__udivmoddi4
                0x08006d04      0x2b4 C:/Software/arm-gnu-toolchain/bin/../lib/gcc/arm-none-eabi/13.3.1/thumb/v7-m/nofp\libgcc.a(_udivmoddi4.o)
                0x08006d04                __udivmoddi4
 .text.stdio_exit_handler
                0x08006fb8       0x18 C:/Software/arm-gnu-toolchain/bin/../lib/gcc/arm-none-eabi/13.3.1/thumb/v7-m/nofp\libg.a(libc_a-findfp.o)
 .text.cleanup_stdio
                0x08006fd0       0x40 C:/Software/arm-gnu-toolchain/bin/../lib/gcc/arm-none-eabi/13.3.1/thumb/v7-m/nofp\libg.a(libc_a-findfp.o)
 .text.global_stdio_init.part.0
                0x08007010       0xf0 C:/Software/arm-gnu-toolchain/bin/../lib/gcc/arm-none-eabi/13.3.1/thumb/v7-m/nofp\libg.a(libc_a-findfp.o)
 .text.__sinit  0x08007100       0x3c C:/Software/arm-gnu-toolchain/bin/../lib/gcc/arm-none-eabi/13.3.1/thumb/v7-m/nofp\libg.a(libc_a-findfp.o)
                0x08007100                __sinit
 .text.__sfp_lock_acquire
                0x0800713c        0xc C:/Software/arm-gnu-toolchain/bin/../lib/gcc/arm-none-eabi/13.3.1/thumb/v7-m/nofp\libg.a(libc_a-findfp.o)
                0x0800713c                __sfp_lock_acquire
 .text.__sfp_lock_release
                0x08007148        0xc C:/Software/arm-gnu-toolchain/bin/../lib/gcc/arm-none-eabi/13.3.1/thumb/v7-m/nofp\libg.a(libc_a-findfp.o)
                0x08007148                __sfp_lock_release
 .text._fwalk_sglue
                0x08007154       0x44 C:/Software/arm-gnu-toolchain/bin/../lib/gcc/arm-none-eabi/13.3.1/thumb/v7-m/nofp\libg.a(libc_a-fwalk.o)
                0x08007154                _fwalk_sglue
 .text.__sread  0x08007198       0x24 C:/Software/arm-gnu-toolchain/bin/../lib/gcc/arm-none-eabi/13.3.1/thumb/v7-m/nofp\libg.a(libc_a-stdio.o)
                0x08007198                __sread
 .text.__swrite
                0x080071bc       0x40 C:/Software/arm-gnu-toolchain/bin/../lib/gcc/arm-none-eabi/13.3.1/thumb/v7-m/nofp\libg.a(libc_a-stdio.o)
                0x080071bc                __swrite
 .text.__sseek  0x080071fc       0x24 C:/Software/arm-gnu-toolchain/bin/../lib/gcc/arm-none-eabi/13.3.1/thumb/v7-m/nofp\libg.a(libc_a-stdio.o)
                0x080071fc                __sseek
 .text.__sclose
                0x08007220        0x8 C:/Software/arm-gnu-toolchain/bin/../lib/gcc/arm-none-eabi/13.3.1/thumb/v7-m/nofp\libg.a(libc_a-stdio.o)
                0x08007220                __sclose
 .text.vsprintf
                0x08007228       0x3c C:/Software/arm-gnu-toolchain/bin/../lib/gcc/arm-none-eabi/13.3.1/thumb/v7-m/nofp\libg.a(libc_a-vsprintf.o)
                0x08007228                vsprintf
 .text.memcmp   0x08007264       0x5c C:/Software/arm-gnu-toolchain/bin/../lib/gcc/arm-none-eabi/13.3.1/thumb/v7-m/nofp\libg.a(libc_a-memcmp.o)
                0x08007264                memcmp
 .text.memset   0x080072c0       0xa0 C:/Software/arm-gnu-toolchain/bin/../lib/gcc/arm-none-eabi/13.3.1/thumb/v7-m/nofp\libg.a(libc_a-memset.o)
                0x080072c0                memset
 .text._close_r
                0x08007360       0x24 C:/Software/arm-gnu-toolchain/bin/../lib/gcc/arm-none-eabi/13.3.1/thumb/v7-m/nofp\libg.a(libc_a-closer.o)
                0x08007360                _close_r
 .text._lseek_r
                0x08007384       0x2c C:/Software/arm-gnu-toolchain/bin/../lib/gcc/arm-none-eabi/13.3.1/thumb/v7-m/nofp\libg.a(libc_a-lseekr.o)
                0x08007384                _lseek_r
 .text._read_r  0x080073b0       0x2c C:/Software/arm-gnu-toolchain/bin/../lib/gcc/arm-none-eabi/13.3.1/thumb/v7-m/nofp\libg.a(libc_a-readr.o)
                0x080073b0                _read_r
 .text._write_r
                0x080073dc       0x2c C:/Software/arm-gnu-toolchain/bin/../lib/gcc/arm-none-eabi/13.3.1/thumb/v7-m/nofp\libg.a(libc_a-writer.o)
                0x080073dc                _write_r
 .text.__errno  0x08007408        0xc C:/Software/arm-gnu-toolchain/bin/../lib/gcc/arm-none-eabi/13.3.1/thumb/v7-m/nofp\libg.a(libc_a-errno.o)
                0x08007408                __errno
 .text.__libc_init_array
                0x08007414       0x50 C:/Software/arm-gnu-toolchain/bin/../lib/gcc/arm-none-eabi/13.3.1/thumb/v7-m/nofp\libg.a(libc_a-init.o)
                0x08007414                __libc_init_array
 .text.__retarget_lock_init_recursive
                0x08007464        0x4 C:/Software/arm-gnu-toolchain/bin/../lib/gcc/arm-none-eabi/13.3.1/thumb/v7-m/nofp\libg.a(libc_a-lock.o)
                0x08007464                __retarget_lock_init_recursive
 .text.__retarget_lock_close_recursive
                0x08007468        0x4 C:/Software/arm-gnu-toolchain/bin/../lib/gcc/arm-none-eabi/13.3.1/thumb/v7-m/nofp\libg.a(libc_a-lock.o)
                0x08007468                __retarget_lock_close_recursive
 .text.__retarget_lock_acquire_recursive
                0x0800746c        0x4 C:/Software/arm-gnu-toolchain/bin/../lib/gcc/arm-none-eabi/13.3.1/thumb/v7-m/nofp\libg.a(libc_a-lock.o)
                0x0800746c                __retarget_lock_acquire_recursive
 .text.__retarget_lock_release_recursive
                0x08007470        0x4 C:/Software/arm-gnu-toolchain/bin/../lib/gcc/arm-none-eabi/13.3.1/thumb/v7-m/nofp\libg.a(libc_a-lock.o)
                0x08007470                __retarget_lock_release_recursive
 .text.strlen   0x08007474       0x5c C:/Software/arm-gnu-toolchain/bin/../lib/gcc/arm-none-eabi/13.3.1/thumb/v7-m/nofp\libg.a(libc_a-strlen-stub.o)
                0x08007474                strlen
 .text.startup.register_fini
                0x080074d0       0x14 C:/Software/arm-gnu-toolchain/bin/../lib/gcc/arm-none-eabi/13.3.1/thumb/v7-m/nofp\libg.a(libc_a-__call_atexit.o)
 .text.atexit   0x080074e4        0xc C:/Software/arm-gnu-toolchain/bin/../lib/gcc/arm-none-eabi/13.3.1/thumb/v7-m/nofp\libg.a(libc_a-atexit.o)
                0x080074e4                atexit
 .text._malloc_trim_r
                0x080074f0       0xb8 C:/Software/arm-gnu-toolchain/bin/../lib/gcc/arm-none-eabi/13.3.1/thumb/v7-m/nofp\libg.a(libc_a-freer.o)
                0x080074f0                _malloc_trim_r
 .text._free_r  0x080075a8      0x1f8 C:/Software/arm-gnu-toolchain/bin/../lib/gcc/arm-none-eabi/13.3.1/thumb/v7-m/nofp\libg.a(libc_a-freer.o)
                0x080075a8                _free_r
 .text._malloc_r
                0x080077a0      0x568 C:/Software/arm-gnu-toolchain/bin/../lib/gcc/arm-none-eabi/13.3.1/thumb/v7-m/nofp\libg.a(libc_a-mallocr.o)
                0x080077a0                _malloc_r
 .text.__malloc_lock
                0x08007d08        0xc C:/Software/arm-gnu-toolchain/bin/../lib/gcc/arm-none-eabi/13.3.1/thumb/v7-m/nofp\libg.a(libc_a-mlock.o)
                0x08007d08                __malloc_lock
 .text.__malloc_unlock
                0x08007d14        0xc C:/Software/arm-gnu-toolchain/bin/../lib/gcc/arm-none-eabi/13.3.1/thumb/v7-m/nofp\libg.a(libc_a-mlock.o)
                0x08007d14                __malloc_unlock
 .text._svfprintf_r
                0x08007d20     0x1b2c C:/Software/arm-gnu-toolchain/bin/../lib/gcc/arm-none-eabi/13.3.1/thumb/v7-m/nofp\libg.a(libc_a-svfprintf.o)
                0x08007d20                _svfprintf_r
 .text.__ssprint_r
                0x0800984c       0x58 C:/Software/arm-gnu-toolchain/bin/../lib/gcc/arm-none-eabi/13.3.1/thumb/v7-m/nofp\libg.a(libc_a-ssprint_r.o)
                0x0800984c                __ssprint_r
 .text._fclose_r
                0x080098a4       0xc0 C:/Software/arm-gnu-toolchain/bin/../lib/gcc/arm-none-eabi/13.3.1/thumb/v7-m/nofp\libg.a(libc_a-fclose.o)
                0x080098a4                _fclose_r
 .text.__sflush_r
                0x08009964      0x128 C:/Software/arm-gnu-toolchain/bin/../lib/gcc/arm-none-eabi/13.3.1/thumb/v7-m/nofp\libg.a(libc_a-fflush.o)
                0x08009964                __sflush_r
 .text._fflush_r
                0x08009a8c       0x54 C:/Software/arm-gnu-toolchain/bin/../lib/gcc/arm-none-eabi/13.3.1/thumb/v7-m/nofp\libg.a(libc_a-fflush.o)
                0x08009a8c                _fflush_r
 .text.strncpy  0x08009ae0       0x6c C:/Software/arm-gnu-toolchain/bin/../lib/gcc/arm-none-eabi/13.3.1/thumb/v7-m/nofp\libg.a(libc_a-strncpy.o)
                0x08009ae0                strncpy
 .text.__locale_mb_cur_max
                0x08009b4c        0xc C:/Software/arm-gnu-toolchain/bin/../lib/gcc/arm-none-eabi/13.3.1/thumb/v7-m/nofp\libg.a(libc_a-locale.o)
                0x08009b4c                __locale_mb_cur_max
 .text._localeconv_r
                0x08009b58        0x8 C:/Software/arm-gnu-toolchain/bin/../lib/gcc/arm-none-eabi/13.3.1/thumb/v7-m/nofp\libg.a(libc_a-localeconv.o)
                0x08009b58                _localeconv_r
 .text._sbrk_r  0x08009b60       0x24 C:/Software/arm-gnu-toolchain/bin/../lib/gcc/arm-none-eabi/13.3.1/thumb/v7-m/nofp\libg.a(libc_a-sbrkr.o)
                0x08009b60                _sbrk_r
 .text.__libc_fini_array
                0x08009b84       0x28 C:/Software/arm-gnu-toolchain/bin/../lib/gcc/arm-none-eabi/13.3.1/thumb/v7-m/nofp\libg.a(libc_a-fini.o)
                0x08009b84                __libc_fini_array
 .text.sysconf  0x08009bac       0x1c C:/Software/arm-gnu-toolchain/bin/../lib/gcc/arm-none-eabi/13.3.1/thumb/v7-m/nofp\libg.a(libc_a-sysconf.o)
                0x08009bac                sysconf
 .text.memchr   0x08009bc8       0x98 C:/Software/arm-gnu-toolchain/bin/../lib/gcc/arm-none-eabi/13.3.1/thumb/v7-m/nofp\libg.a(libc_a-memchr-stub.o)
                0x08009bc8                memchr
 .text.frexp    0x08009c60       0x6c C:/Software/arm-gnu-toolchain/bin/../lib/gcc/arm-none-eabi/13.3.1/thumb/v7-m/nofp\libg.a(libm_a-s_frexp.o)
                0x08009c60                frexp
 .text.__register_exitproc
                0x08009ccc       0x80 C:/Software/arm-gnu-toolchain/bin/../lib/gcc/arm-none-eabi/13.3.1/thumb/v7-m/nofp\libg.a(libc_a-__atexit.o)
                0x08009ccc                __register_exitproc
 .text.quorem   0x08009d4c      0x13c C:/Software/arm-gnu-toolchain/bin/../lib/gcc/arm-none-eabi/13.3.1/thumb/v7-m/nofp\libg.a(libc_a-dtoa.o)
 .text._dtoa_r  0x08009e88      0xe94 C:/Software/arm-gnu-toolchain/bin/../lib/gcc/arm-none-eabi/13.3.1/thumb/v7-m/nofp\libg.a(libc_a-dtoa.o)
                0x08009e88                _dtoa_r
 .text.__ascii_mbtowc
                0x0800ad1c       0x2c C:/Software/arm-gnu-toolchain/bin/../lib/gcc/arm-none-eabi/13.3.1/thumb/v7-m/nofp\libg.a(libc_a-mbtowc_r.o)
                0x0800ad1c                __ascii_mbtowc
 .text._Balloc  0x0800ad48       0x4c C:/Software/arm-gnu-toolchain/bin/../lib/gcc/arm-none-eabi/13.3.1/thumb/v7-m/nofp\libg.a(libc_a-mprec.o)
                0x0800ad48                _Balloc
 .text._Bfree   0x0800ad94       0x14 C:/Software/arm-gnu-toolchain/bin/../lib/gcc/arm-none-eabi/13.3.1/thumb/v7-m/nofp\libg.a(libc_a-mprec.o)
                0x0800ad94                _Bfree
 .text.__multadd
                0x0800ada8       0xa4 C:/Software/arm-gnu-toolchain/bin/../lib/gcc/arm-none-eabi/13.3.1/thumb/v7-m/nofp\libg.a(libc_a-mprec.o)
                0x0800ada8                __multadd
 .text.__hi0bits
                0x0800ae4c       0x44 C:/Software/arm-gnu-toolchain/bin/../lib/gcc/arm-none-eabi/13.3.1/thumb/v7-m/nofp\libg.a(libc_a-mprec.o)
                0x0800ae4c                __hi0bits
 .text.__lo0bits
                0x0800ae90       0x5c C:/Software/arm-gnu-toolchain/bin/../lib/gcc/arm-none-eabi/13.3.1/thumb/v7-m/nofp\libg.a(libc_a-mprec.o)
                0x0800ae90                __lo0bits
 .text.__i2b    0x0800aeec       0x5c C:/Software/arm-gnu-toolchain/bin/../lib/gcc/arm-none-eabi/13.3.1/thumb/v7-m/nofp\libg.a(libc_a-mprec.o)
                0x0800aeec                __i2b
 .text.__multiply
                0x0800af48      0x164 C:/Software/arm-gnu-toolchain/bin/../lib/gcc/arm-none-eabi/13.3.1/thumb/v7-m/nofp\libg.a(libc_a-mprec.o)
                0x0800af48                __multiply
 .text.__pow5mult
                0x0800b0ac       0xb4 C:/Software/arm-gnu-toolchain/bin/../lib/gcc/arm-none-eabi/13.3.1/thumb/v7-m/nofp\libg.a(libc_a-mprec.o)
                0x0800b0ac                __pow5mult
 .text.__lshift
                0x0800b160       0xec C:/Software/arm-gnu-toolchain/bin/../lib/gcc/arm-none-eabi/13.3.1/thumb/v7-m/nofp\libg.a(libc_a-mprec.o)
                0x0800b160                __lshift
 .text.__mcmp   0x0800b24c       0x40 C:/Software/arm-gnu-toolchain/bin/../lib/gcc/arm-none-eabi/13.3.1/thumb/v7-m/nofp\libg.a(libc_a-mprec.o)
                0x0800b24c                __mcmp
 .text.__mdiff  0x0800b28c      0x178 C:/Software/arm-gnu-toolchain/bin/../lib/gcc/arm-none-eabi/13.3.1/thumb/v7-m/nofp\libg.a(libc_a-mprec.o)
                0x0800b28c                __mdiff
 .text.__d2b    0x0800b404       0xbc C:/Software/arm-gnu-toolchain/bin/../lib/gcc/arm-none-eabi/13.3.1/thumb/v7-m/nofp\libg.a(libc_a-mprec.o)
                0x0800b404                __d2b
 .text.__ascii_wctomb
                0x0800b4c0       0x1c C:/Software/arm-gnu-toolchain/bin/../lib/gcc/arm-none-eabi/13.3.1/thumb/v7-m/nofp\libg.a(libc_a-wctomb_r.o)
                0x0800b4c0                __ascii_wctomb
 .text._wcrtomb_r
                0x0800b4dc       0x4c C:/Software/arm-gnu-toolchain/bin/../lib/gcc/arm-none-eabi/13.3.1/thumb/v7-m/nofp\libg.a(libc_a-wcrtomb.o)
                0x0800b4dc                _wcrtomb_r
 .text._wcsrtombs_r
                0x0800b528       0x18 C:/Software/arm-gnu-toolchain/bin/../lib/gcc/arm-none-eabi/13.3.1/thumb/v7-m/nofp\libg.a(libc_a-wcsrtombs.o)
                0x0800b528                _wcsrtombs_r
 .text.__ssputs_r
                0x0800b540       0xc0 C:/Software/arm-gnu-toolchain/bin/../lib/gcc/arm-none-eabi/13.3.1/thumb/v7-m/nofp\libg.a(libc_a-ssputs_r.o)
                0x0800b540                __ssputs_r
 .text.memmove  0x0800b600       0xfc C:/Software/arm-gnu-toolchain/bin/../lib/gcc/arm-none-eabi/13.3.1/thumb/v7-m/nofp\libg.a(libc_a-memmove.o)
                0x0800b600                memmove
 .text.__assert_func
                0x0800b6fc       0x40 C:/Software/arm-gnu-toolchain/bin/../lib/gcc/arm-none-eabi/13.3.1/thumb/v7-m/nofp\libg.a(libc_a-assert.o)
                0x0800b6fc                __assert_func
 .text._calloc_r
                0x0800b73c       0x6c C:/Software/arm-gnu-toolchain/bin/../lib/gcc/arm-none-eabi/13.3.1/thumb/v7-m/nofp\libg.a(libc_a-callocr.o)
                0x0800b73c                _calloc_r
 .text._realloc_r
                0x0800b7a8      0x34c C:/Software/arm-gnu-toolchain/bin/../lib/gcc/arm-none-eabi/13.3.1/thumb/v7-m/nofp\libg.a(libc_a-reallocr.o)
                0x0800b7a8                _realloc_r
 .text._wcsnrtombs_l
                0x0800baf4       0xec C:/Software/arm-gnu-toolchain/bin/../lib/gcc/arm-none-eabi/13.3.1/thumb/v7-m/nofp\libg.a(libc_a-wcsnrtombs.o)
                0x0800baf4                _wcsnrtombs_l
 .text._wcsnrtombs_r
                0x0800bbe0       0x24 C:/Software/arm-gnu-toolchain/bin/../lib/gcc/arm-none-eabi/13.3.1/thumb/v7-m/nofp\libg.a(libc_a-wcsnrtombs.o)
                0x0800bbe0                _wcsnrtombs_r
 .text.fiprintf
                0x0800bc04       0x28 C:/Software/arm-gnu-toolchain/bin/../lib/gcc/arm-none-eabi/13.3.1/thumb/v7-m/nofp\libg.a(libc_a-fiprintf.o)
                0x0800bc04                fiprintf
 .text._vfiprintf_r
                0x0800bc2c      0xeb8 C:/Software/arm-gnu-toolchain/bin/../lib/gcc/arm-none-eabi/13.3.1/thumb/v7-m/nofp\libg.a(libc_a-vfiprintf.o)
                0x0800bc2c                _vfiprintf_r
 .text.__sbprintf
                0x0800cae4       0x80 C:/Software/arm-gnu-toolchain/bin/../lib/gcc/arm-none-eabi/13.3.1/thumb/v7-m/nofp\libg.a(libc_a-vfiprintf.o)
 .text.__sprint_r
                0x0800cb64       0x20 C:/Software/arm-gnu-toolchain/bin/../lib/gcc/arm-none-eabi/13.3.1/thumb/v7-m/nofp\libg.a(libc_a-sprint_r.o)
                0x0800cb64                __sprint_r
 .text.__sfvwrite_r
                0x0800cb84      0x2ec C:/Software/arm-gnu-toolchain/bin/../lib/gcc/arm-none-eabi/13.3.1/thumb/v7-m/nofp\libg.a(libc_a-fvwrite.o)
                0x0800cb84                __sfvwrite_r
 .text.__swsetup_r
                0x0800ce70       0xc4 C:/Software/arm-gnu-toolchain/bin/../lib/gcc/arm-none-eabi/13.3.1/thumb/v7-m/nofp\libg.a(libc_a-wsetup.o)
                0x0800ce70                __swsetup_r
 .text.abort    0x0800cf34       0x10 C:/Software/arm-gnu-toolchain/bin/../lib/gcc/arm-none-eabi/13.3.1/thumb/v7-m/nofp\libg.a(libc_a-abort.o)
                0x0800cf34                abort
 .text.__smakebuf_r
                0x0800cf44       0xdc C:/Software/arm-gnu-toolchain/bin/../lib/gcc/arm-none-eabi/13.3.1/thumb/v7-m/nofp\libg.a(libc_a-makebuf.o)
                0x0800cf44                __smakebuf_r
 .text.raise    0x0800d020       0x58 C:/Software/arm-gnu-toolchain/bin/../lib/gcc/arm-none-eabi/13.3.1/thumb/v7-m/nofp\libg.a(libc_a-signal.o)
                0x0800d020                raise
 .text._fstat_r
                0x0800d078       0x28 C:/Software/arm-gnu-toolchain/bin/../lib/gcc/arm-none-eabi/13.3.1/thumb/v7-m/nofp\libg.a(libc_a-fstatr.o)
                0x0800d078                _fstat_r
 .text._isatty_r
                0x0800d0a0       0x24 C:/Software/arm-gnu-toolchain/bin/../lib/gcc/arm-none-eabi/13.3.1/thumb/v7-m/nofp\libg.a(libc_a-isattyr.o)
                0x0800d0a0                _isatty_r
 .text._kill_r  0x0800d0c4       0x28 C:/Software/arm-gnu-toolchain/bin/../lib/gcc/arm-none-eabi/13.3.1/thumb/v7-m/nofp\libg.a(libc_a-signalr.o)
                0x0800d0c4                _kill_r
 .text._getpid_r
                0x0800d0ec        0x4 C:/Software/arm-gnu-toolchain/bin/../lib/gcc/arm-none-eabi/13.3.1/thumb/v7-m/nofp\libg.a(libc_a-signalr.o)
                0x0800d0ec                _getpid_r
 .text.asin     0x0800d0f0       0x50 C:/Software/arm-gnu-toolchain/bin/../lib/gcc/arm-none-eabi/13.3.1/thumb/v7-m/nofp\libm.a(libm_a-w_asin.o)
                0x0800d0f0                asin
 .text.atan2    0x0800d140        0x4 C:/Software/arm-gnu-toolchain/bin/../lib/gcc/arm-none-eabi/13.3.1/thumb/v7-m/nofp\libm.a(libm_a-w_atan2.o)
                0x0800d140                atan2
 .text.fabs     0x0800d144        0x8 C:/Software/arm-gnu-toolchain/bin/../lib/gcc/arm-none-eabi/13.3.1/thumb/v7-m/nofp\libm.a(libm_a-s_fabs.o)
                0x0800d144                fabs
 .text.nan      0x0800d14c        0xc C:/Software/arm-gnu-toolchain/bin/../lib/gcc/arm-none-eabi/13.3.1/thumb/v7-m/nofp\libm.a(libm_a-s_nan.o)
                0x0800d14c                nan
 .text.__ieee754_asin
                0x0800d158      0x44c C:/Software/arm-gnu-toolchain/bin/../lib/gcc/arm-none-eabi/13.3.1/thumb/v7-m/nofp\libm.a(libm_a-e_asin.o)
                0x0800d158                __ieee754_asin
 *fill*         0x0800d5a4        0x4 
 .text.__ieee754_atan2
                0x0800d5a8      0x194 C:/Software/arm-gnu-toolchain/bin/../lib/gcc/arm-none-eabi/13.3.1/thumb/v7-m/nofp\libm.a(libm_a-e_atan2.o)
                0x0800d5a8                __ieee754_atan2
 *fill*         0x0800d73c        0x4 
 .text.atan     0x0800d740      0x330 C:/Software/arm-gnu-toolchain/bin/../lib/gcc/arm-none-eabi/13.3.1/thumb/v7-m/nofp\libm.a(libm_a-s_atan.o)
                0x0800d740                atan
 .text.__ieee754_sqrt
                0x0800da70      0x1d8 C:/Software/arm-gnu-toolchain/bin/../lib/gcc/arm-none-eabi/13.3.1/thumb/v7-m/nofp\libm.a(libm_a-e_sqrt.o)
                0x0800da70                __ieee754_sqrt
 *(.glue_7)
 .glue_7        0x0800dc48        0x0 linker stubs
 *(.glue_7t)
 .glue_7t       0x0800dc48        0x0 linker stubs
 *(.eh_frame)
 .eh_frame      0x0800dc48        0x0 C:/Software/arm-gnu-toolchain/bin/../lib/gcc/arm-none-eabi/13.3.1/thumb/v7-m/nofp/crtbegin.o
 *(.init)
 .init          0x0800dc48        0x4 C:/Software/arm-gnu-toolchain/bin/../lib/gcc/arm-none-eabi/13.3.1/thumb/v7-m/nofp/crti.o
                0x0800dc48                _init
 .init          0x0800dc4c        0x8 C:/Software/arm-gnu-toolchain/bin/../lib/gcc/arm-none-eabi/13.3.1/thumb/v7-m/nofp/crtn.o
 *(.fini)
 .fini          0x0800dc54        0x4 C:/Software/arm-gnu-toolchain/bin/../lib/gcc/arm-none-eabi/13.3.1/thumb/v7-m/nofp/crti.o
                0x0800dc54                _fini
 .fini          0x0800dc58        0x8 C:/Software/arm-gnu-toolchain/bin/../lib/gcc/arm-none-eabi/13.3.1/thumb/v7-m/nofp/crtn.o
                0x0800dc60                        . = ALIGN (0x4)
                0x0800dc60                        _etext = .

.vfp11_veneer   0x0800dc60        0x0
 .vfp11_veneer  0x0800dc60        0x0 linker stubs

.v4_bx          0x0800dc60        0x0
 .v4_bx         0x0800dc60        0x0 linker stubs

.iplt           0x0800dc60        0x0
 .iplt          0x0800dc60        0x0 C:/Software/arm-gnu-toolchain/bin/../lib/gcc/arm-none-eabi/13.3.1/thumb/v7-m/nofp/crtbegin.o

.rodata         0x0800dc60     0x5710
                0x0800dc60                        . = ALIGN (0x4)
 *(.rodata)
 *(.rodata*)
 .rodata.main.str1.4
                0x0800dc60      0x22f CMakeFiles/car.elf.dir/Core/Src/main.c.obj
                                 0x4d (size before relaxing)
 *fill*         0x0800de8f        0x1 
 .rodata.gImage_1
                0x0800de90      0xc80 CMakeFiles/car.elf.dir/Core/Src/main.c.obj
                0x0800de90                gImage_1
 .rodata.APBPrescTable
                0x0800eb10        0x8 CMakeFiles/car.elf.dir/Core/Src/system_stm32f1xx.c.obj
                0x0800eb10                APBPrescTable
 .rodata.AHBPrescTable
                0x0800eb18       0x10 CMakeFiles/car.elf.dir/Core/Src/system_stm32f1xx.c.obj
                0x0800eb18                AHBPrescTable
 .rodata.aPredivFactorTable.0
                0x0800eb28        0x2 CMakeFiles/car.elf.dir/Drivers/STM32F1xx_HAL_Driver/Src/stm32f1xx_hal_rcc.c.obj
 *fill*         0x0800eb2a        0x2 
 .rodata.aPLLMULFactorTable.1
                0x0800eb2c       0x10 CMakeFiles/car.elf.dir/Drivers/STM32F1xx_HAL_Driver/Src/stm32f1xx_hal_rcc.c.obj
 .rodata.test   0x0800eb3c       0x28 CMakeFiles/car.elf.dir/Function/eMPL/inv_mpu.c.obj
                0x0800eb3c                test
 .rodata.hw     0x0800eb64        0xc CMakeFiles/car.elf.dir/Function/eMPL/inv_mpu.c.obj
                0x0800eb64                hw
 .rodata.reg    0x0800eb70       0x1b CMakeFiles/car.elf.dir/Function/eMPL/inv_mpu.c.obj
                0x0800eb70                reg
 .rodata.dmp_set_orientation.str1.4
                0x0800eb8b       0x10 CMakeFiles/car.elf.dir/Function/eMPL/inv_mpu_dmp_motion_driver.c.obj
 .rodata.dmp_set_fifo_rate.str1.4
                0x0800eb8b        0xd CMakeFiles/car.elf.dir/Function/eMPL/inv_mpu_dmp_motion_driver.c.obj
 .rodata.dmp_enable_gyro_cal.str1.4
                0x0800eb8b       0x16 CMakeFiles/car.elf.dir/Function/eMPL/inv_mpu_dmp_motion_driver.c.obj
 *fill*         0x0800eb8b        0x1 
 .rodata.dmp_memory
                0x0800eb8c      0xbf6 CMakeFiles/car.elf.dir/Function/eMPL/inv_mpu_dmp_motion_driver.c.obj
 *fill*         0x0800f782        0x2 
 .rodata.tfont32
                0x0800f784      0x28a CMakeFiles/car.elf.dir/Function/lcd.c.obj
                0x0800f784                tfont32
 *fill*         0x0800fa0e        0x2 
 .rodata.tfont24
                0x0800fa10      0x172 CMakeFiles/car.elf.dir/Function/lcd.c.obj
                0x0800fa10                tfont24
 *fill*         0x0800fb82        0x2 
 .rodata.tfont16
                0x0800fb84       0xaa CMakeFiles/car.elf.dir/Function/lcd.c.obj
                0x0800fb84                tfont16
 *fill*         0x0800fc2e        0x2 
 .rodata.tfont12
                0x0800fc30       0x82 CMakeFiles/car.elf.dir/Function/lcd.c.obj
                0x0800fc30                tfont12
 *fill*         0x0800fcb2        0x2 
 .rodata.ascii_3216
                0x0800fcb4     0x17c0 CMakeFiles/car.elf.dir/Function/lcd.c.obj
                0x0800fcb4                ascii_3216
 .rodata.ascii_2412
                0x08011474     0x11d0 CMakeFiles/car.elf.dir/Function/lcd.c.obj
                0x08011474                ascii_2412
 .rodata.ascii_1608
                0x08012644      0x5f0 CMakeFiles/car.elf.dir/Function/lcd.c.obj
                0x08012644                ascii_1608
 .rodata.ascii_1206
                0x08012c34      0x474 CMakeFiles/car.elf.dir/Function/lcd.c.obj
                0x08012c34                ascii_1206
 .rodata._svfprintf_r.str1.4
                0x080130a8       0x42 C:/Software/arm-gnu-toolchain/bin/../lib/gcc/arm-none-eabi/13.3.1/thumb/v7-m/nofp\libg.a(libc_a-svfprintf.o)
 .rodata.zeroes.0
                0x080130a8       0x10 C:/Software/arm-gnu-toolchain/bin/../lib/gcc/arm-none-eabi/13.3.1/thumb/v7-m/nofp\libg.a(libc_a-svfprintf.o)
 .rodata.blanks.1
                0x080130b8       0x10 C:/Software/arm-gnu-toolchain/bin/../lib/gcc/arm-none-eabi/13.3.1/thumb/v7-m/nofp\libg.a(libc_a-svfprintf.o)
 .rodata.str1.4
                0x080130c8       0x4c C:/Software/arm-gnu-toolchain/bin/../lib/gcc/arm-none-eabi/13.3.1/thumb/v7-m/nofp\libg.a(libc_a-locale.o)
 .rodata._dtoa_r.str1.4
                0x080130c8       0x81 C:/Software/arm-gnu-toolchain/bin/../lib/gcc/arm-none-eabi/13.3.1/thumb/v7-m/nofp\libg.a(libc_a-dtoa.o)
 .rodata.__multadd.str1.4
                0x080130c8       0x6e C:/Software/arm-gnu-toolchain/bin/../lib/gcc/arm-none-eabi/13.3.1/thumb/v7-m/nofp\libg.a(libc_a-mprec.o)
 .rodata.p05.0  0x080130c8        0xc C:/Software/arm-gnu-toolchain/bin/../lib/gcc/arm-none-eabi/13.3.1/thumb/v7-m/nofp\libg.a(libc_a-mprec.o)
 *fill*         0x080130d4        0x4 
 .rodata.__mprec_bigtens
                0x080130d8       0x28 C:/Software/arm-gnu-toolchain/bin/../lib/gcc/arm-none-eabi/13.3.1/thumb/v7-m/nofp\libg.a(libc_a-mprec.o)
                0x080130d8                __mprec_bigtens
 .rodata.__mprec_tens
                0x08013100       0xc8 C:/Software/arm-gnu-toolchain/bin/../lib/gcc/arm-none-eabi/13.3.1/thumb/v7-m/nofp\libg.a(libc_a-mprec.o)
                0x08013100                __mprec_tens
 .rodata._ctype_
                0x080131c8      0x101 C:/Software/arm-gnu-toolchain/bin/../lib/gcc/arm-none-eabi/13.3.1/thumb/v7-m/nofp\libg.a(libc_a-ctype_.o)
                0x080131c8                _ctype_
 .rodata.__assert_func.str1.4
                0x080132c9       0x43 C:/Software/arm-gnu-toolchain/bin/../lib/gcc/arm-none-eabi/13.3.1/thumb/v7-m/nofp\libg.a(libc_a-assert.o)
 .rodata._vfiprintf_r.str1.4
                0x080132c9       0x2f C:/Software/arm-gnu-toolchain/bin/../lib/gcc/arm-none-eabi/13.3.1/thumb/v7-m/nofp\libg.a(libc_a-vfiprintf.o)
 *fill*         0x080132c9        0x3 
 .rodata.zeroes.0
                0x080132cc       0x10 C:/Software/arm-gnu-toolchain/bin/../lib/gcc/arm-none-eabi/13.3.1/thumb/v7-m/nofp\libg.a(libc_a-vfiprintf.o)
 .rodata.blanks.1
                0x080132dc       0x10 C:/Software/arm-gnu-toolchain/bin/../lib/gcc/arm-none-eabi/13.3.1/thumb/v7-m/nofp\libg.a(libc_a-vfiprintf.o)
 .rodata.asin.str1.4
                0x080132ec        0x1 C:/Software/arm-gnu-toolchain/bin/../lib/gcc/arm-none-eabi/13.3.1/thumb/v7-m/nofp\libm.a(libm_a-w_asin.o)
 *fill*         0x080132ec        0x4 
 .rodata.CSWTCH.9
                0x080132f0       0x18 C:/Software/arm-gnu-toolchain/bin/../lib/gcc/arm-none-eabi/13.3.1/thumb/v7-m/nofp\libm.a(libm_a-e_atan2.o)
 .rodata.CSWTCH.8
                0x08013308       0x18 C:/Software/arm-gnu-toolchain/bin/../lib/gcc/arm-none-eabi/13.3.1/thumb/v7-m/nofp\libm.a(libm_a-e_atan2.o)
 .rodata.atanlo
                0x08013320       0x20 C:/Software/arm-gnu-toolchain/bin/../lib/gcc/arm-none-eabi/13.3.1/thumb/v7-m/nofp\libm.a(libm_a-s_atan.o)
 .rodata.atanhi
                0x08013340       0x20 C:/Software/arm-gnu-toolchain/bin/../lib/gcc/arm-none-eabi/13.3.1/thumb/v7-m/nofp\libm.a(libm_a-s_atan.o)
 .rodata.tiny   0x08013360        0x8 C:/Software/arm-gnu-toolchain/bin/../lib/gcc/arm-none-eabi/13.3.1/thumb/v7-m/nofp\libm.a(libm_a-e_sqrt.o)
 .rodata.one    0x08013368        0x8 C:/Software/arm-gnu-toolchain/bin/../lib/gcc/arm-none-eabi/13.3.1/thumb/v7-m/nofp\libm.a(libm_a-e_sqrt.o)
                0x08013370                        . = ALIGN (0x4)

.ARM.extab      0x08013370        0x0
                0x08013370                        . = ALIGN (0x4)
 *(.ARM.extab* .gnu.linkonce.armextab.*)
                0x08013370                        . = ALIGN (0x4)

.ARM            0x08013370        0x8
                0x08013370                        . = ALIGN (0x4)
                0x08013370                        __exidx_start = .
 *(.ARM.exidx*)
 .ARM.exidx     0x08013370        0x8 C:/Software/arm-gnu-toolchain/bin/../lib/gcc/arm-none-eabi/13.3.1/thumb/v7-m/nofp\libg.a(libc_a-memcpy.o)
 .ARM.exidx.text.__udivmoddi4
                0x08013378        0x0 C:/Software/arm-gnu-toolchain/bin/../lib/gcc/arm-none-eabi/13.3.1/thumb/v7-m/nofp\libgcc.a(_udivmoddi4.o)
                                  0x8 (size before relaxing)
                0x08013378                        __exidx_end = .
                0x08013378                        . = ALIGN (0x4)

.preinit_array  0x08013378        0x0
                0x08013378                        . = ALIGN (0x4)
                0x08013378                        PROVIDE (__preinit_array_start = .)
 *(.preinit_array*)
                0x08013378                        PROVIDE (__preinit_array_end = .)
                0x08013378                        . = ALIGN (0x4)

.init_array     0x08013378        0x8
                0x08013378                        . = ALIGN (0x4)
                0x08013378                        PROVIDE (__init_array_start = .)
 *(SORT_BY_NAME(.init_array.*))
 .init_array.00000
                0x08013378        0x4 C:/Software/arm-gnu-toolchain/bin/../lib/gcc/arm-none-eabi/13.3.1/thumb/v7-m/nofp\libg.a(libc_a-__call_atexit.o)
 *(.init_array*)
 .init_array    0x0801337c        0x4 C:/Software/arm-gnu-toolchain/bin/../lib/gcc/arm-none-eabi/13.3.1/thumb/v7-m/nofp/crtbegin.o
                0x08013380                        PROVIDE (__init_array_end = .)
                0x08013380                        . = ALIGN (0x4)

.fini_array     0x08013380        0x4
                0x08013380                        . = ALIGN (0x4)
                0x08013380                        PROVIDE (__fini_array_start = .)
 *(SORT_BY_NAME(.fini_array.*))
 *(.fini_array*)
 .fini_array    0x08013380        0x4 C:/Software/arm-gnu-toolchain/bin/../lib/gcc/arm-none-eabi/13.3.1/thumb/v7-m/nofp/crtbegin.o
                0x08013384                        PROVIDE (__fini_array_end = .)
                0x08013384                        . = ALIGN (0x4)
                0x08013384                        _sidata = LOADADDR (.data)

.rel.dyn        0x08013384        0x0
 .rel.iplt      0x08013384        0x0 C:/Software/arm-gnu-toolchain/bin/../lib/gcc/arm-none-eabi/13.3.1/thumb/v7-m/nofp/crtbegin.o

.data           0x20000000      0x73c load address 0x08013384
                0x20000000                        . = ALIGN (0x4)
                0x20000000                        _sdata = .
 *(.data)
 *(.data*)
 .data.SystemCoreClock
                0x20000000        0x4 CMakeFiles/car.elf.dir/Core/Src/system_stm32f1xx.c.obj
                0x20000000                SystemCoreClock
 .data.uwTickFreq
                0x20000004        0x1 CMakeFiles/car.elf.dir/Drivers/STM32F1xx_HAL_Driver/Src/stm32f1xx_hal.c.obj
                0x20000004                uwTickFreq
 *fill*         0x20000005        0x3 
 .data.uwTickPrio
                0x20000008        0x4 CMakeFiles/car.elf.dir/Drivers/STM32F1xx_HAL_Driver/Src/stm32f1xx_hal.c.obj
                0x20000008                uwTickPrio
 .data.gyro_orientation
                0x2000000c        0x9 CMakeFiles/car.elf.dir/Function/eMPL/inv_mpu.c.obj
 *fill*         0x20000015        0x3 
 .data.st       0x20000018       0x2c CMakeFiles/car.elf.dir/Function/eMPL/inv_mpu.c.obj
 .data.PP       0x20000044       0x10 CMakeFiles/car.elf.dir/Function/kalman.c.obj
                0x20000044                PP
 .data.C_0      0x20000054        0x1 CMakeFiles/car.elf.dir/Function/kalman.c.obj
                0x20000054                C_0
 *fill*         0x20000055        0x3 
 .data.dt       0x20000058        0x4 CMakeFiles/car.elf.dir/Function/kalman.c.obj
                0x20000058                dt
 .data.R_angle  0x2000005c        0x4 CMakeFiles/car.elf.dir/Function/kalman.c.obj
                0x2000005c                R_angle
 .data.Q_gyro   0x20000060        0x4 CMakeFiles/car.elf.dir/Function/kalman.c.obj
                0x20000060                Q_gyro
 .data.Q_angle  0x20000064        0x4 CMakeFiles/car.elf.dir/Function/kalman.c.obj
                0x20000064                Q_angle
 .data.__sglue  0x20000068        0xc C:/Software/arm-gnu-toolchain/bin/../lib/gcc/arm-none-eabi/13.3.1/thumb/v7-m/nofp\libg.a(libc_a-findfp.o)
                0x20000068                __sglue
 .data._impure_ptr
                0x20000074        0x4 C:/Software/arm-gnu-toolchain/bin/../lib/gcc/arm-none-eabi/13.3.1/thumb/v7-m/nofp\libg.a(libc_a-impure.o)
                0x20000074                _impure_ptr
 .data._impure_data
                0x20000078      0x140 C:/Software/arm-gnu-toolchain/bin/../lib/gcc/arm-none-eabi/13.3.1/thumb/v7-m/nofp\libg.a(libc_a-impure.o)
                0x20000078                _impure_data
 .data.__atexit_recursive_mutex
                0x200001b8        0x4 C:/Software/arm-gnu-toolchain/bin/../lib/gcc/arm-none-eabi/13.3.1/thumb/v7-m/nofp\libg.a(libc_a-__call_atexit.o)
                0x200001b8                __atexit_recursive_mutex
 .data.__malloc_sbrk_base
                0x200001bc        0x4 C:/Software/arm-gnu-toolchain/bin/../lib/gcc/arm-none-eabi/13.3.1/thumb/v7-m/nofp\libg.a(libc_a-mallocr.o)
                0x200001bc                __malloc_sbrk_base
 .data.__malloc_trim_threshold
                0x200001c0        0x4 C:/Software/arm-gnu-toolchain/bin/../lib/gcc/arm-none-eabi/13.3.1/thumb/v7-m/nofp\libg.a(libc_a-mallocr.o)
                0x200001c0                __malloc_trim_threshold
 *fill*         0x200001c4        0x4 
 .data.__malloc_av_
                0x200001c8      0x408 C:/Software/arm-gnu-toolchain/bin/../lib/gcc/arm-none-eabi/13.3.1/thumb/v7-m/nofp\libg.a(libc_a-mallocr.o)
                0x200001c8                __malloc_av_
 .data.__global_locale
                0x200005d0      0x16c C:/Software/arm-gnu-toolchain/bin/../lib/gcc/arm-none-eabi/13.3.1/thumb/v7-m/nofp\libg.a(libc_a-locale.o)
                0x200005d0                __global_locale
 *(.RamFunc)
 *(.RamFunc*)
                0x2000073c                        . = ALIGN (0x4)
                0x2000073c                        _edata = .

.tm_clone_table
                0x2000073c        0x0 load address 0x08013ac0
 .tm_clone_table
                0x2000073c        0x0 C:/Software/arm-gnu-toolchain/bin/../lib/gcc/arm-none-eabi/13.3.1/thumb/v7-m/nofp/crtbegin.o
 .tm_clone_table
                0x2000073c        0x0 C:/Software/arm-gnu-toolchain/bin/../lib/gcc/arm-none-eabi/13.3.1/thumb/v7-m/nofp/crtend.o

.igot.plt       0x2000073c        0x0 load address 0x08013ac0
 .igot.plt      0x2000073c        0x0 C:/Software/arm-gnu-toolchain/bin/../lib/gcc/arm-none-eabi/13.3.1/thumb/v7-m/nofp/crtbegin.o
                0x2000073c                        . = ALIGN (0x4)

.bss            0x2000073c      0x50c load address 0x08013ac0
                0x2000073c                        _sbss = .
                0x2000073c                        __bss_start__ = _sbss
 *(.bss)
 *(.bss*)
 .bss.completed.1
                0x2000073c        0x1 C:/Software/arm-gnu-toolchain/bin/../lib/gcc/arm-none-eabi/13.3.1/thumb/v7-m/nofp/crtbegin.o
 *fill*         0x2000073d        0x3 
 .bss.object.0  0x20000740       0x18 C:/Software/arm-gnu-toolchain/bin/../lib/gcc/arm-none-eabi/13.3.1/thumb/v7-m/nofp/crtbegin.o
 .bss.hi2c2     0x20000758       0x54 CMakeFiles/car.elf.dir/Core/Src/i2c.c.obj
                0x20000758                hi2c2
 .bss.hspi2     0x200007ac       0x58 CMakeFiles/car.elf.dir/Core/Src/spi.c.obj
                0x200007ac                hspi2
 .bss.__sbrk_heap_end
                0x20000804        0x4 CMakeFiles/car.elf.dir/Core/Src/sysmem.c.obj
 .bss.huart1    0x20000808       0x48 CMakeFiles/car.elf.dir/Core/Src/usart.c.obj
                0x20000808                huart1
 .bss.uwTick    0x20000850        0x4 CMakeFiles/car.elf.dir/Drivers/STM32F1xx_HAL_Driver/Src/stm32f1xx_hal.c.obj
                0x20000850                uwTick
 .bss.formatBuf
                0x20000854       0x80 CMakeFiles/car.elf.dir/Function/FS_Debug.c.obj
                0x20000854                formatBuf
 .bss.dmp       0x200008d4       0x10 CMakeFiles/car.elf.dir/Function/eMPL/inv_mpu_dmp_motion_driver.c.obj
 .bss.P         0x200008e4       0x10 CMakeFiles/car.elf.dir/Function/kalman.c.obj
                0x200008e4                P
 .bss.t_1       0x200008f4        0x4 CMakeFiles/car.elf.dir/Function/kalman.c.obj
                0x200008f4                t_1
 .bss.t_0       0x200008f8        0x4 CMakeFiles/car.elf.dir/Function/kalman.c.obj
                0x200008f8                t_0
 .bss.K_1       0x200008fc        0x4 CMakeFiles/car.elf.dir/Function/kalman.c.obj
                0x200008fc                K_1
 .bss.K_0       0x20000900        0x4 CMakeFiles/car.elf.dir/Function/kalman.c.obj
                0x20000900                K_0
 .bss.E         0x20000904        0x4 CMakeFiles/car.elf.dir/Function/kalman.c.obj
                0x20000904                E
 .bss.PCt_1     0x20000908        0x4 CMakeFiles/car.elf.dir/Function/kalman.c.obj
                0x20000908                PCt_1
 .bss.PCt_0     0x2000090c        0x4 CMakeFiles/car.elf.dir/Function/kalman.c.obj
                0x2000090c                PCt_0
 .bss.Angle_err
                0x20000910        0x4 CMakeFiles/car.elf.dir/Function/kalman.c.obj
                0x20000910                Angle_err
 .bss.Q_bias    0x20000914        0x4 CMakeFiles/car.elf.dir/Function/kalman.c.obj
                0x20000914                Q_bias
 .bss.Angle_Y_Final
                0x20000918        0x4 CMakeFiles/car.elf.dir/Function/kalman.c.obj
                0x20000918                Angle_Y_Final
 .bss.Angle_X_Final
                0x2000091c        0x4 CMakeFiles/car.elf.dir/Function/kalman.c.obj
                0x2000091c                Angle_X_Final
 .bss.Gyro_y    0x20000920        0x4 CMakeFiles/car.elf.dir/Function/kalman.c.obj
                0x20000920                Gyro_y
 .bss.Gyro_x    0x20000924        0x4 CMakeFiles/car.elf.dir/Function/kalman.c.obj
                0x20000924                Gyro_x
 .bss.yaw       0x20000928        0x4 CMakeFiles/car.elf.dir/Function/mpu6050.c.obj
                0x20000928                yaw
 .bss.roll      0x2000092c        0x4 CMakeFiles/car.elf.dir/Function/mpu6050.c.obj
                0x2000092c                roll
 .bss.pitch     0x20000930        0x4 CMakeFiles/car.elf.dir/Function/mpu6050.c.obj
                0x20000930                pitch
 .bss.__sf      0x20000934      0x138 C:/Software/arm-gnu-toolchain/bin/../lib/gcc/arm-none-eabi/13.3.1/thumb/v7-m/nofp\libg.a(libc_a-findfp.o)
                0x20000934                __sf
 .bss.__stdio_exit_handler
                0x20000a6c        0x4 C:/Software/arm-gnu-toolchain/bin/../lib/gcc/arm-none-eabi/13.3.1/thumb/v7-m/nofp\libg.a(libc_a-findfp.o)
                0x20000a6c                __stdio_exit_handler
 .bss.errno     0x20000a70        0x4 C:/Software/arm-gnu-toolchain/bin/../lib/gcc/arm-none-eabi/13.3.1/thumb/v7-m/nofp\libg.a(libc_a-reent.o)
                0x20000a70                errno
 .bss.__lock___malloc_recursive_mutex
                0x20000a74        0x1 C:/Software/arm-gnu-toolchain/bin/../lib/gcc/arm-none-eabi/13.3.1/thumb/v7-m/nofp\libg.a(libc_a-lock.o)
                0x20000a74                __lock___malloc_recursive_mutex
 *fill*         0x20000a75        0x3 
 .bss.__lock___atexit_recursive_mutex
                0x20000a78        0x1 C:/Software/arm-gnu-toolchain/bin/../lib/gcc/arm-none-eabi/13.3.1/thumb/v7-m/nofp\libg.a(libc_a-lock.o)
                0x20000a78                __lock___atexit_recursive_mutex
 *fill*         0x20000a79        0x3 
 .bss.__lock___sfp_recursive_mutex
                0x20000a7c        0x1 C:/Software/arm-gnu-toolchain/bin/../lib/gcc/arm-none-eabi/13.3.1/thumb/v7-m/nofp\libg.a(libc_a-lock.o)
                0x20000a7c                __lock___sfp_recursive_mutex
 *fill*         0x20000a7d        0x3 
 .bss.__atexit  0x20000a80        0x4 C:/Software/arm-gnu-toolchain/bin/../lib/gcc/arm-none-eabi/13.3.1/thumb/v7-m/nofp\libg.a(libc_a-__call_atexit.o)
                0x20000a80                __atexit
 .bss.__malloc_current_mallinfo
                0x20000a84       0x28 C:/Software/arm-gnu-toolchain/bin/../lib/gcc/arm-none-eabi/13.3.1/thumb/v7-m/nofp\libg.a(libc_a-mallocr.o)
                0x20000a84                __malloc_current_mallinfo
 .bss.__malloc_max_total_mem
                0x20000aac        0x4 C:/Software/arm-gnu-toolchain/bin/../lib/gcc/arm-none-eabi/13.3.1/thumb/v7-m/nofp\libg.a(libc_a-mallocr.o)
                0x20000aac                __malloc_max_total_mem
 .bss.__malloc_max_sbrked_mem
                0x20000ab0        0x4 C:/Software/arm-gnu-toolchain/bin/../lib/gcc/arm-none-eabi/13.3.1/thumb/v7-m/nofp\libg.a(libc_a-mallocr.o)
                0x20000ab0                __malloc_max_sbrked_mem
 .bss.__malloc_top_pad
                0x20000ab4        0x4 C:/Software/arm-gnu-toolchain/bin/../lib/gcc/arm-none-eabi/13.3.1/thumb/v7-m/nofp\libg.a(libc_a-mallocr.o)
                0x20000ab4                __malloc_top_pad
 .bss.__atexit0
                0x20000ab8      0x190 C:/Software/arm-gnu-toolchain/bin/../lib/gcc/arm-none-eabi/13.3.1/thumb/v7-m/nofp\libg.a(libc_a-__atexit.o)
                0x20000ab8                __atexit0
 *(COMMON)
                0x20000c48                        . = ALIGN (0x4)
                0x20000c48                        _ebss = .
                0x20000c48                        __bss_end__ = _ebss

._user_heap_stack
                0x20000c48      0x600 load address 0x08013ac0
                0x20000c48                        . = ALIGN (0x8)
                [!provide]                        PROVIDE (end = .)
                0x20000c48                        PROVIDE (_end = .)
                0x20000e48                        . = (. + _Min_Heap_Size)
 *fill*         0x20000c48      0x200 
                0x20001248                        . = (. + _Min_Stack_Size)
 *fill*         0x20000e48      0x400 
                0x20001248                        . = ALIGN (0x8)

/DISCARD/
 libc.a(*)
 libm.a(*)
 libgcc.a(*)

.ARM.attributes
                0x00000000       0x29
 *(.ARM.attributes)
 .ARM.attributes
                0x00000000       0x1d C:/Software/arm-gnu-toolchain/bin/../lib/gcc/arm-none-eabi/13.3.1/thumb/v7-m/nofp/crti.o
 .ARM.attributes
                0x0000001d       0x2d C:/Software/arm-gnu-toolchain/bin/../lib/gcc/arm-none-eabi/13.3.1/thumb/v7-m/nofp/crtbegin.o
 .ARM.attributes
                0x0000004a       0x2d CMakeFiles/car.elf.dir/Core/Src/gpio.c.obj
 .ARM.attributes
                0x00000077       0x2d CMakeFiles/car.elf.dir/Core/Src/i2c.c.obj
 .ARM.attributes
                0x000000a4       0x2d CMakeFiles/car.elf.dir/Core/Src/main.c.obj
 .ARM.attributes
                0x000000d1       0x2d CMakeFiles/car.elf.dir/Core/Src/spi.c.obj
 .ARM.attributes
                0x000000fe       0x2d CMakeFiles/car.elf.dir/Core/Src/stm32f1xx_hal_msp.c.obj
 .ARM.attributes
                0x0000012b       0x2d CMakeFiles/car.elf.dir/Core/Src/stm32f1xx_it.c.obj
 .ARM.attributes
                0x00000158       0x2d CMakeFiles/car.elf.dir/Core/Src/syscalls.c.obj
 .ARM.attributes
                0x00000185       0x2d CMakeFiles/car.elf.dir/Core/Src/sysmem.c.obj
 .ARM.attributes
                0x000001b2       0x2d CMakeFiles/car.elf.dir/Core/Src/system_stm32f1xx.c.obj
 .ARM.attributes
                0x000001df       0x2d CMakeFiles/car.elf.dir/Core/Src/usart.c.obj
 .ARM.attributes
                0x0000020c       0x21 CMakeFiles/car.elf.dir/Core/Startup/startup_stm32f103rctx.s.obj
 .ARM.attributes
                0x0000022d       0x2d CMakeFiles/car.elf.dir/Drivers/STM32F1xx_HAL_Driver/Src/stm32f1xx_hal.c.obj
 .ARM.attributes
                0x0000025a       0x2d CMakeFiles/car.elf.dir/Drivers/STM32F1xx_HAL_Driver/Src/stm32f1xx_hal_cortex.c.obj
 .ARM.attributes
                0x00000287       0x2d CMakeFiles/car.elf.dir/Drivers/STM32F1xx_HAL_Driver/Src/stm32f1xx_hal_gpio.c.obj
 .ARM.attributes
                0x000002b4       0x2d CMakeFiles/car.elf.dir/Drivers/STM32F1xx_HAL_Driver/Src/stm32f1xx_hal_i2c.c.obj
 .ARM.attributes
                0x000002e1       0x2d CMakeFiles/car.elf.dir/Drivers/STM32F1xx_HAL_Driver/Src/stm32f1xx_hal_rcc.c.obj
 .ARM.attributes
                0x0000030e       0x2d CMakeFiles/car.elf.dir/Drivers/STM32F1xx_HAL_Driver/Src/stm32f1xx_hal_spi.c.obj
 .ARM.attributes
                0x0000033b       0x2d CMakeFiles/car.elf.dir/Drivers/STM32F1xx_HAL_Driver/Src/stm32f1xx_hal_uart.c.obj
 .ARM.attributes
                0x00000368       0x2d CMakeFiles/car.elf.dir/Function/FS_Debug.c.obj
 .ARM.attributes
                0x00000395       0x2d CMakeFiles/car.elf.dir/Function/eMPL/inv_mpu.c.obj
 .ARM.attributes
                0x000003c2       0x2d CMakeFiles/car.elf.dir/Function/eMPL/inv_mpu_dmp_motion_driver.c.obj
 .ARM.attributes
                0x000003ef       0x2d CMakeFiles/car.elf.dir/Function/kalman.c.obj
 .ARM.attributes
                0x0000041c       0x2d CMakeFiles/car.elf.dir/Function/lcd.c.obj
 .ARM.attributes
                0x00000449       0x2d CMakeFiles/car.elf.dir/Function/lcd_init.c.obj
 .ARM.attributes
                0x00000476       0x2d CMakeFiles/car.elf.dir/Function/mpu6050.c.obj
 .ARM.attributes
                0x000004a3       0x1d C:/Software/arm-gnu-toolchain/bin/../lib/gcc/arm-none-eabi/13.3.1/thumb/v7-m/nofp\libgcc.a(_arm_addsubdf3.o)
 .ARM.attributes
                0x000004c0       0x1d C:/Software/arm-gnu-toolchain/bin/../lib/gcc/arm-none-eabi/13.3.1/thumb/v7-m/nofp\libgcc.a(_arm_muldivdf3.o)
 .ARM.attributes
                0x000004dd       0x1d C:/Software/arm-gnu-toolchain/bin/../lib/gcc/arm-none-eabi/13.3.1/thumb/v7-m/nofp\libgcc.a(_arm_truncdfsf2.o)
 .ARM.attributes
                0x000004fa       0x1d C:/Software/arm-gnu-toolchain/bin/../lib/gcc/arm-none-eabi/13.3.1/thumb/v7-m/nofp\libgcc.a(_arm_addsubsf3.o)
 .ARM.attributes
                0x00000517       0x1d C:/Software/arm-gnu-toolchain/bin/../lib/gcc/arm-none-eabi/13.3.1/thumb/v7-m/nofp\libgcc.a(_arm_muldivsf3.o)
 .ARM.attributes
                0x00000534       0x1d C:/Software/arm-gnu-toolchain/bin/../lib/gcc/arm-none-eabi/13.3.1/thumb/v7-m/nofp\libgcc.a(_arm_cmpsf2.o)
 .ARM.attributes
                0x00000551       0x1d C:/Software/arm-gnu-toolchain/bin/../lib/gcc/arm-none-eabi/13.3.1/thumb/v7-m/nofp\libgcc.a(_arm_fixsfsi.o)
 .ARM.attributes
                0x0000056e       0x1d C:/Software/arm-gnu-toolchain/bin/../lib/gcc/arm-none-eabi/13.3.1/thumb/v7-m/nofp\libgcc.a(_arm_fixunssfsi.o)
 .ARM.attributes
                0x0000058b       0x1d C:/Software/arm-gnu-toolchain/bin/../lib/gcc/arm-none-eabi/13.3.1/thumb/v7-m/nofp\libgcc.a(_aeabi_ldivmod.o)
 .ARM.attributes
                0x000005a8       0x2d C:/Software/arm-gnu-toolchain/bin/../lib/gcc/arm-none-eabi/13.3.1/thumb/v7-m/nofp\libgcc.a(_udivmoddi4.o)
 .ARM.attributes
                0x000005d5       0x1d C:/Software/arm-gnu-toolchain/bin/../lib/gcc/arm-none-eabi/13.3.1/thumb/v7-m/nofp\libgcc.a(_dvmd_tls.o)
 .ARM.attributes
                0x000005f2       0x2d C:/Software/arm-gnu-toolchain/bin/../lib/gcc/arm-none-eabi/13.3.1/thumb/v7-m/nofp\libg.a(libc_a-findfp.o)
 .ARM.attributes
                0x0000061f       0x2d C:/Software/arm-gnu-toolchain/bin/../lib/gcc/arm-none-eabi/13.3.1/thumb/v7-m/nofp\libg.a(libc_a-fwalk.o)
 .ARM.attributes
                0x0000064c       0x2d C:/Software/arm-gnu-toolchain/bin/../lib/gcc/arm-none-eabi/13.3.1/thumb/v7-m/nofp\libg.a(libc_a-stdio.o)
 .ARM.attributes
                0x00000679       0x2d C:/Software/arm-gnu-toolchain/bin/../lib/gcc/arm-none-eabi/13.3.1/thumb/v7-m/nofp\libg.a(libc_a-vsprintf.o)
 .ARM.attributes
                0x000006a6       0x2d C:/Software/arm-gnu-toolchain/bin/../lib/gcc/arm-none-eabi/13.3.1/thumb/v7-m/nofp\libg.a(libc_a-memcmp.o)
 .ARM.attributes
                0x000006d3       0x2d C:/Software/arm-gnu-toolchain/bin/../lib/gcc/arm-none-eabi/13.3.1/thumb/v7-m/nofp\libg.a(libc_a-memset.o)
 .ARM.attributes
                0x00000700       0x2d C:/Software/arm-gnu-toolchain/bin/../lib/gcc/arm-none-eabi/13.3.1/thumb/v7-m/nofp\libg.a(libc_a-closer.o)
 .ARM.attributes
                0x0000072d       0x2d C:/Software/arm-gnu-toolchain/bin/../lib/gcc/arm-none-eabi/13.3.1/thumb/v7-m/nofp\libg.a(libc_a-reent.o)
 .ARM.attributes
                0x0000075a       0x2d C:/Software/arm-gnu-toolchain/bin/../lib/gcc/arm-none-eabi/13.3.1/thumb/v7-m/nofp\libg.a(libc_a-impure.o)
 .ARM.attributes
                0x00000787       0x2d C:/Software/arm-gnu-toolchain/bin/../lib/gcc/arm-none-eabi/13.3.1/thumb/v7-m/nofp\libg.a(libc_a-lseekr.o)
 .ARM.attributes
                0x000007b4       0x2d C:/Software/arm-gnu-toolchain/bin/../lib/gcc/arm-none-eabi/13.3.1/thumb/v7-m/nofp\libg.a(libc_a-readr.o)
 .ARM.attributes
                0x000007e1       0x2d C:/Software/arm-gnu-toolchain/bin/../lib/gcc/arm-none-eabi/13.3.1/thumb/v7-m/nofp\libg.a(libc_a-writer.o)
 .ARM.attributes
                0x0000080e       0x2d C:/Software/arm-gnu-toolchain/bin/../lib/gcc/arm-none-eabi/13.3.1/thumb/v7-m/nofp\libg.a(libc_a-errno.o)
 .ARM.attributes
                0x0000083b       0x2d C:/Software/arm-gnu-toolchain/bin/../lib/gcc/arm-none-eabi/13.3.1/thumb/v7-m/nofp\libg.a(libc_a-init.o)
 .ARM.attributes
                0x00000868       0x2d C:/Software/arm-gnu-toolchain/bin/../lib/gcc/arm-none-eabi/13.3.1/thumb/v7-m/nofp\libg.a(libc_a-lock.o)
 .ARM.attributes
                0x00000895       0x2d C:/Software/arm-gnu-toolchain/bin/../lib/gcc/arm-none-eabi/13.3.1/thumb/v7-m/nofp\libg.a(libc_a-strlen-stub.o)
 .ARM.attributes
                0x000008c2       0x2d C:/Software/arm-gnu-toolchain/bin/../lib/gcc/arm-none-eabi/13.3.1/thumb/v7-m/nofp\libg.a(libc_a-__call_atexit.o)
 .ARM.attributes
                0x000008ef       0x2d C:/Software/arm-gnu-toolchain/bin/../lib/gcc/arm-none-eabi/13.3.1/thumb/v7-m/nofp\libg.a(libc_a-atexit.o)
 .ARM.attributes
                0x0000091c       0x2d C:/Software/arm-gnu-toolchain/bin/../lib/gcc/arm-none-eabi/13.3.1/thumb/v7-m/nofp\libg.a(libc_a-freer.o)
 .ARM.attributes
                0x00000949       0x2d C:/Software/arm-gnu-toolchain/bin/../lib/gcc/arm-none-eabi/13.3.1/thumb/v7-m/nofp\libg.a(libc_a-mallocr.o)
 .ARM.attributes
                0x00000976       0x2d C:/Software/arm-gnu-toolchain/bin/../lib/gcc/arm-none-eabi/13.3.1/thumb/v7-m/nofp\libg.a(libc_a-mlock.o)
 .ARM.attributes
                0x000009a3       0x2d C:/Software/arm-gnu-toolchain/bin/../lib/gcc/arm-none-eabi/13.3.1/thumb/v7-m/nofp\libg.a(libc_a-svfprintf.o)
 .ARM.attributes
                0x000009d0       0x2d C:/Software/arm-gnu-toolchain/bin/../lib/gcc/arm-none-eabi/13.3.1/thumb/v7-m/nofp\libg.a(libc_a-ssprint_r.o)
 .ARM.attributes
                0x000009fd       0x2d C:/Software/arm-gnu-toolchain/bin/../lib/gcc/arm-none-eabi/13.3.1/thumb/v7-m/nofp\libg.a(libc_a-fclose.o)
 .ARM.attributes
                0x00000a2a       0x2d C:/Software/arm-gnu-toolchain/bin/../lib/gcc/arm-none-eabi/13.3.1/thumb/v7-m/nofp\libg.a(libc_a-fflush.o)
 .ARM.attributes
                0x00000a57       0x2d C:/Software/arm-gnu-toolchain/bin/../lib/gcc/arm-none-eabi/13.3.1/thumb/v7-m/nofp\libg.a(libc_a-strncpy.o)
 .ARM.attributes
                0x00000a84       0x2d C:/Software/arm-gnu-toolchain/bin/../lib/gcc/arm-none-eabi/13.3.1/thumb/v7-m/nofp\libg.a(libc_a-locale.o)
 .ARM.attributes
                0x00000ab1       0x2d C:/Software/arm-gnu-toolchain/bin/../lib/gcc/arm-none-eabi/13.3.1/thumb/v7-m/nofp\libg.a(libc_a-localeconv.o)
 .ARM.attributes
                0x00000ade       0x2d C:/Software/arm-gnu-toolchain/bin/../lib/gcc/arm-none-eabi/13.3.1/thumb/v7-m/nofp\libg.a(libc_a-sbrkr.o)
 .ARM.attributes
                0x00000b0b       0x2d C:/Software/arm-gnu-toolchain/bin/../lib/gcc/arm-none-eabi/13.3.1/thumb/v7-m/nofp\libg.a(libc_a-fini.o)
 .ARM.attributes
                0x00000b38       0x2d C:/Software/arm-gnu-toolchain/bin/../lib/gcc/arm-none-eabi/13.3.1/thumb/v7-m/nofp\libg.a(libc_a-sysconf.o)
 .ARM.attributes
                0x00000b65       0x2d C:/Software/arm-gnu-toolchain/bin/../lib/gcc/arm-none-eabi/13.3.1/thumb/v7-m/nofp\libg.a(libc_a-memchr-stub.o)
 .ARM.attributes
                0x00000b92       0x2d C:/Software/arm-gnu-toolchain/bin/../lib/gcc/arm-none-eabi/13.3.1/thumb/v7-m/nofp\libg.a(libm_a-s_frexp.o)
 .ARM.attributes
                0x00000bbf       0x2d C:/Software/arm-gnu-toolchain/bin/../lib/gcc/arm-none-eabi/13.3.1/thumb/v7-m/nofp\libg.a(libc_a-__atexit.o)
 .ARM.attributes
                0x00000bec       0x2d C:/Software/arm-gnu-toolchain/bin/../lib/gcc/arm-none-eabi/13.3.1/thumb/v7-m/nofp\libg.a(libc_a-dtoa.o)
 .ARM.attributes
                0x00000c19       0x2d C:/Software/arm-gnu-toolchain/bin/../lib/gcc/arm-none-eabi/13.3.1/thumb/v7-m/nofp\libg.a(libc_a-mbtowc_r.o)
 .ARM.attributes
                0x00000c46       0x2d C:/Software/arm-gnu-toolchain/bin/../lib/gcc/arm-none-eabi/13.3.1/thumb/v7-m/nofp\libg.a(libc_a-mprec.o)
 .ARM.attributes
                0x00000c73       0x2d C:/Software/arm-gnu-toolchain/bin/../lib/gcc/arm-none-eabi/13.3.1/thumb/v7-m/nofp\libg.a(libc_a-wctomb_r.o)
 .ARM.attributes