Archive member included to satisfy reference by file (symbol)

C:/Software/arm-gnu-toolchain/bin/../lib/gcc/arm-none-eabi/13.3.1/thumb/v7-m/nofp\libgcc.a(_arm_muldf3.o)
                              CMakeFiles/car.elf.dir/Function/eMPL/inv_mpu.c.obj (__aeabi_dmul)
C:/Software/arm-gnu-toolchain/bin/../lib/gcc/arm-none-eabi/13.3.1/thumb/v7-m/nofp\libgcc.a(_arm_mulsf3.o)
                              CMakeFiles/car.elf.dir/Function/eMPL/inv_mpu.c.obj (__aeabi_fmul)
C:/Software/arm-gnu-toolchain/bin/../lib/gcc/arm-none-eabi/13.3.1/thumb/v7-m/nofp\libgcc.a(_arm_addsubdf3.o)
                              CMakeFiles/car.elf.dir/Function/mpu6050.c.obj (__aeabi_dadd)
C:/Software/arm-gnu-toolchain/bin/../lib/gcc/arm-none-eabi/13.3.1/thumb/v7-m/nofp\libgcc.a(_arm_muldivdf3.o)
                              CMakeFiles/car.elf.dir/Function/mpu6050.c.obj (__aeabi_ddiv)
C:/Software/arm-gnu-toolchain/bin/../lib/gcc/arm-none-eabi/13.3.1/thumb/v7-m/nofp\libgcc.a(_arm_truncdfsf2.o)
                              CMakeFiles/car.elf.dir/Function/eMPL/inv_mpu.c.obj (__aeabi_d2f)
C:/Software/arm-gnu-toolchain/bin/../lib/gcc/arm-none-eabi/13.3.1/thumb/v7-m/nofp\libgcc.a(_arm_addsubsf3.o)
                              CMakeFiles/car.elf.dir/Function/eMPL/inv_mpu.c.obj (__aeabi_fsub)
C:/Software/arm-gnu-toolchain/bin/../lib/gcc/arm-none-eabi/13.3.1/thumb/v7-m/nofp\libgcc.a(_arm_muldivsf3.o)
                              CMakeFiles/car.elf.dir/Function/eMPL/inv_mpu.c.obj (__aeabi_fdiv)
C:/Software/arm-gnu-toolchain/bin/../lib/gcc/arm-none-eabi/13.3.1/thumb/v7-m/nofp\libgcc.a(_arm_cmpsf2.o)
                              CMakeFiles/car.elf.dir/Function/eMPL/inv_mpu.c.obj (__aeabi_fcmpeq)
C:/Software/arm-gnu-toolchain/bin/../lib/gcc/arm-none-eabi/13.3.1/thumb/v7-m/nofp\libgcc.a(_arm_fixsfsi.o)
                              CMakeFiles/car.elf.dir/Function/eMPL/inv_mpu.c.obj (__aeabi_f2iz)
C:/Software/arm-gnu-toolchain/bin/../lib/gcc/arm-none-eabi/13.3.1/thumb/v7-m/nofp\libgcc.a(_arm_fixunssfsi.o)
                              CMakeFiles/car.elf.dir/Function/eMPL/inv_mpu_dmp_motion_driver.c.obj (__aeabi_f2uiz)
C:/Software/arm-gnu-toolchain/bin/../lib/gcc/arm-none-eabi/13.3.1/thumb/v7-m/nofp\libgcc.a(_aeabi_ldivmod.o)
                              CMakeFiles/car.elf.dir/Function/eMPL/inv_mpu.c.obj (__aeabi_ldivmod)
C:/Software/arm-gnu-toolchain/bin/../lib/gcc/arm-none-eabi/13.3.1/thumb/v7-m/nofp\libgcc.a(_udivmoddi4.o)
                              C:/Software/arm-gnu-toolchain/bin/../lib/gcc/arm-none-eabi/13.3.1/thumb/v7-m/nofp\libgcc.a(_aeabi_ldivmod.o) (__udivmoddi4)
C:/Software/arm-gnu-toolchain/bin/../lib/gcc/arm-none-eabi/13.3.1/thumb/v7-m/nofp\libgcc.a(_dvmd_tls.o)
                              C:/Software/arm-gnu-toolchain/bin/../lib/gcc/arm-none-eabi/13.3.1/thumb/v7-m/nofp\libgcc.a(_aeabi_ldivmod.o) (__aeabi_ldiv0)
C:/Software/arm-gnu-toolchain/bin/../lib/gcc/arm-none-eabi/13.3.1/thumb/v7-m/nofp\libg.a(libc_a-exit.o)
                              C:/Software/arm-gnu-toolchain/bin/../lib/gcc/arm-none-eabi/13.3.1/thumb/v7-m/nofp/crt0.o (exit)
C:/Software/arm-gnu-toolchain/bin/../lib/gcc/arm-none-eabi/13.3.1/thumb/v7-m/nofp\libg.a(libc_a-findfp.o)
                              C:/Software/arm-gnu-toolchain/bin/../lib/gcc/arm-none-eabi/13.3.1/thumb/v7-m/nofp\libg.a(libc_a-exit.o) (__stdio_exit_handler)
C:/Software/arm-gnu-toolchain/bin/../lib/gcc/arm-none-eabi/13.3.1/thumb/v7-m/nofp\libg.a(libc_a-fwalk.o)
                              C:/Software/arm-gnu-toolchain/bin/../lib/gcc/arm-none-eabi/13.3.1/thumb/v7-m/nofp\libg.a(libc_a-findfp.o) (_fwalk_sglue)
C:/Software/arm-gnu-toolchain/bin/../lib/gcc/arm-none-eabi/13.3.1/thumb/v7-m/nofp\libg.a(libc_a-stdio.o)
                              C:/Software/arm-gnu-toolchain/bin/../lib/gcc/arm-none-eabi/13.3.1/thumb/v7-m/nofp\libg.a(libc_a-findfp.o) (__sread)
C:/Software/arm-gnu-toolchain/bin/../lib/gcc/arm-none-eabi/13.3.1/thumb/v7-m/nofp\libg.a(libc_a-vsprintf.o)
                              CMakeFiles/car.elf.dir/Function/FS_Debug.c.obj (vsprintf)
C:/Software/arm-gnu-toolchain/bin/../lib/gcc/arm-none-eabi/13.3.1/thumb/v7-m/nofp\libg.a(libc_a-memcmp.o)
                              CMakeFiles/car.elf.dir/Function/eMPL/inv_mpu.c.obj (memcmp)
C:/Software/arm-gnu-toolchain/bin/../lib/gcc/arm-none-eabi/13.3.1/thumb/v7-m/nofp\libg.a(libc_a-memset.o)
                              C:/Software/arm-gnu-toolchain/bin/../lib/gcc/arm-none-eabi/13.3.1/thumb/v7-m/nofp/crt0.o (memset)
C:/Software/arm-gnu-toolchain/bin/../lib/gcc/arm-none-eabi/13.3.1/thumb/v7-m/nofp\libg.a(libc_a-closer.o)
                              C:/Software/arm-gnu-toolchain/bin/../lib/gcc/arm-none-eabi/13.3.1/thumb/v7-m/nofp\libg.a(libc_a-stdio.o) (_close_r)
C:/Software/arm-gnu-toolchain/bin/../lib/gcc/arm-none-eabi/13.3.1/thumb/v7-m/nofp\libg.a(libc_a-reent.o)
                              C:/Software/arm-gnu-toolchain/bin/../lib/gcc/arm-none-eabi/13.3.1/thumb/v7-m/nofp\libg.a(libc_a-closer.o) (errno)
[...]
Memory Configuration

Name             Origin             Length             Attributes
RAM              0x20000000         0x0000c000         xrw
FLASH            0x08000000         0x00040000         xr
*default*        0x00000000         0xffffffff

Linker script and memory map

LOAD C:/Software/arm-gnu-toolchain/bin/../lib/gcc/arm-none-eabi/13.3.1/thumb/v7-m/nofp/crti.o
LOAD C:/Software/arm-gnu-toolchain/bin/../lib/gcc/arm-none-eabi/13.3.1/thumb/v7-m/nofp/crtbegin.o
LOAD C:/Software/arm-gnu-toolchain/bin/../lib/gcc/arm-none-eabi/13.3.1/thumb/v7-m/nofp/crt0.o
LOAD CMakeFiles/car.elf.dir/Core/Src/gpio.c.obj
LOAD CMakeFiles/car.elf.dir/Core/Src/i2c.c.obj
LOAD CMakeFiles/car.elf.dir/Core/Src/main.c.obj
LOAD CMakeFiles/car.elf.dir/Core/Src/stm32f1xx_hal_msp.c.obj
LOAD CMakeFiles/car.elf.dir/Core/Src/stm32f1xx_it.c.obj
LOAD CMakeFiles/car.elf.dir/Core/Src/syscalls.c.obj
LOAD CMakeFiles/car.elf.dir/Core/Src/sysmem.c.obj
LOAD CMakeFiles/car.elf.dir/Core/Src/system_stm32f1xx.c.obj
LOAD CMakeFiles/car.elf.dir/Core/Src/usart.c.obj
LOAD CMakeFiles/car.elf.dir/Core/Startup/startup_stm32f103rctx.s.obj
LOAD CMakeFiles/car.elf.dir/Drivers/STM32F1xx_HAL_Driver/Src/stm32f1xx_hal.c.obj
LOAD CMakeFiles/car.elf.dir/Drivers/STM32F1xx_HAL_Driver/Src/stm32f1xx_hal_cortex.c.obj
LOAD CMakeFiles/car.elf.dir/Drivers/STM32F1xx_HAL_Driver/Src/stm32f1xx_hal_dma.c.obj
LOAD CMakeFiles/car.elf.dir/Drivers/STM32F1xx_HAL_Driver/Src/stm32f1xx_hal_exti.c.obj
LOAD CMakeFiles/car.elf.dir/Drivers/STM32F1xx_HAL_Driver/Src/stm32f1xx_hal_flash.c.obj
LOAD CMakeFiles/car.elf.dir/Drivers/STM32F1xx_HAL_Driver/Src/stm32f1xx_hal_flash_ex.c.obj
LOAD CMakeFiles/car.elf.dir/Drivers/STM32F1xx_HAL_Driver/Src/stm32f1xx_hal_gpio.c.obj
LOAD CMakeFiles/car.elf.dir/Drivers/STM32F1xx_HAL_Driver/Src/stm32f1xx_hal_gpio_ex.c.obj
LOAD CMakeFiles/car.elf.dir/Drivers/STM32F1xx_HAL_Driver/Src/stm32f1xx_hal_i2c.c.obj
LOAD CMakeFiles/car.elf.dir/Drivers/STM32F1xx_HAL_Driver/Src/stm32f1xx_hal_pwr.c.obj
LOAD CMakeFiles/car.elf.dir/Drivers/STM32F1xx_HAL_Driver/Src/stm32f1xx_hal_rcc.c.obj
LOAD CMakeFiles/car.elf.dir/Drivers/STM32F1xx_HAL_Driver/Src/stm32f1xx_hal_rcc_ex.c.obj
LOAD CMakeFiles/car.elf.dir/Drivers/STM32F1xx_HAL_Driver/Src/stm32f1xx_hal_tim.c.obj
LOAD CMakeFiles/car.elf.dir/Drivers/STM32F1xx_HAL_Driver/Src/stm32f1xx_hal_tim_ex.c.obj
LOAD CMakeFiles/car.elf.dir/Drivers/STM32F1xx_HAL_Driver/Src/stm32f1xx_hal_uart.c.obj
LOAD CMakeFiles/car.elf.dir/Function/FS_Debug.c.obj
LOAD CMakeFiles/car.elf.dir/Function/eMPL/inv_mpu.c.obj
LOAD CMakeFiles/car.elf.dir/Function/eMPL/inv_mpu_dmp_motion_driver.c.obj
LOAD CMakeFiles/car.elf.dir/Function/mpu6050.c.obj
START GROUP
LOAD C:/Software/arm-gnu-toolchain/bin/../lib/gcc/arm-none-eabi/13.3.1/thumb/v7-m/nofp\libgcc.a
LOAD C:/Software/arm-gnu-toolchain/bin/../lib/gcc/arm-none-eabi/13.3.1/thumb/v7-m/nofp\libg.a
LOAD C:/Software/arm-gnu-toolchain/bin/../lib/gcc/arm-none-eabi/13.3.1/thumb/v7-m/nofp\libc.a
END GROUP
LOAD C:/Software/arm-gnu-toolchain/bin/../lib/gcc/arm-none-eabi/13.3.1/thumb/v7-m/nofp/crtend.o
LOAD C:/Software/arm-gnu-toolchain/bin/../lib/gcc/arm-none-eabi/13.3.1/thumb/v7-m/nofp/crtn.o
                0x2000c000                        _estack = (ORIGIN (RAM) + LENGTH (RAM))
                0x00000200                        _Min_Heap_Size = 0x200
                0x00000400                        _Min_Stack_Size = 0x400

.isr_vector     0x08000000      0x1e4
                0x08000000                        . = ALIGN (0x4)
 *(.isr_vector)
 .isr_vector    0x08000000      0x1e4 CMakeFiles/car.elf.dir/Core/Startup/startup_stm32f103rctx.s.obj
                0x08000000                g_pfnVectors
                0x080001e4                        . = ALIGN (0x4)

.text           0x080001e8     0xc3d0
                0x080001e8                        . = ALIGN (0x4)
 *(.text)
 .text          0x080001e8      0x378 C:/Software/arm-gnu-toolchain/bin/../lib/gcc/arm-none-eabi/13.3.1/thumb/v7-m/nofp\libgcc.a(_arm_addsubdf3.o)
                0x080001e8                __aeabi_drsub
                0x080001f0                __aeabi_dsub
                0x080001f0                __subdf3
                0x080001f4                __aeabi_dadd
                0x080001f4                __adddf3
                0x0800046c                __floatunsidf
                0x0800046c                __aeabi_ui2d
                0x0800048c                __floatsidf
                0x0800048c                __aeabi_i2d
                0x080004b0                __aeabi_f2d
                0x080004b0                __extendsfdf2
                0x080004f4                __floatundidf
                0x080004f4                __aeabi_ul2d
                0x08000504                __floatdidf
                0x08000504                __aeabi_l2d
 .text          0x08000560      0x424 C:/Software/arm-gnu-toolchain/bin/../lib/gcc/arm-none-eabi/13.3.1/thumb/v7-m/nofp\libgcc.a(_arm_muldivdf3.o)
                0x08000560                __aeabi_dmul
                0x08000560                __muldf3
                0x080007b4                __divdf3
                0x080007b4                __aeabi_ddiv
 .text          0x08000984       0xa0 C:/Software/arm-gnu-toolchain/bin/../lib/gcc/arm-none-eabi/13.3.1/thumb/v7-m/nofp\libgcc.a(_arm_truncdfsf2.o)
                0x08000984                __truncdfsf2
                0x08000984                __aeabi_d2f
 .text          0x08000a24      0x21c C:/Software/arm-gnu-toolchain/bin/../lib/gcc/arm-none-eabi/13.3.1/thumb/v7-m/nofp\libgcc.a(_arm_addsubsf3.o)
                0x08000a24                __aeabi_frsub
                0x08000a2c                __subsf3
                0x08000a2c                __aeabi_fsub
                0x08000a30                __aeabi_fadd
                0x08000a30                __addsf3
                0x08000b90                __aeabi_ui2f
                0x08000b90                __floatunsisf
                0x08000b98                __aeabi_i2f
                0x08000b98                __floatsisf
                0x08000bb4                __aeabi_ul2f
                0x08000bb4                __floatundisf
                0x08000bc4                __aeabi_l2f
                0x08000bc4                __floatdisf
 .text          0x08000c40      0x2a0 C:/Software/arm-gnu-toolchain/bin/../lib/gcc/arm-none-eabi/13.3.1/thumb/v7-m/nofp\libgcc.a(_arm_muldivsf3.o)
                0x08000c40                __mulsf3
                0x08000c40                __aeabi_fmul
                0x08000da8                __aeabi_fdiv
                0x08000da8                __divsf3
 .text          0x08000ee0       0xec C:/Software/arm-gnu-toolchain/bin/../lib/gcc/arm-none-eabi/13.3.1/thumb/v7-m/nofp\libgcc.a(_arm_cmpsf2.o)
                0x08000ee0                __gesf2
                0x08000ee0                __gtsf2
                0x08000ee8                __lesf2
                0x08000ee8                __ltsf2
                0x08000ef0                __nesf2
                0x08000ef0                __eqsf2
                0x08000ef0                __cmpsf2
                0x08000f50                __aeabi_cfrcmple
                0x08000f58                __aeabi_cfcmpeq
                0x08000f58                __aeabi_cfcmple
                0x08000f68                __aeabi_fcmpeq
                0x08000f7c                __aeabi_fcmplt
                0x08000f90                __aeabi_fcmple
                0x08000fa4                __aeabi_fcmpge
                0x08000fb8                __aeabi_fcmpgt
 .text          0x08000fcc       0x4c C:/Software/arm-gnu-toolchain/bin/../lib/gcc/arm-none-eabi/13.3.1/thumb/v7-m/nofp\libgcc.a(_arm_fixsfsi.o)
                0x08000fcc                __aeabi_f2iz
                0x08000fcc                __fixsfsi
 .text          0x08001018       0x40 C:/Software/arm-gnu-toolchain/bin/../lib/gcc/arm-none-eabi/13.3.1/thumb/v7-m/nofp\libgcc.a(_arm_fixunssfsi.o)
                0x08001018                __fixunssfsi
                0x08001018                __aeabi_f2uiz
 .text          0x08001058       0xa0 C:/Software/arm-gnu-toolchain/bin/../lib/gcc/arm-none-eabi/13.3.1/thumb/v7-m/nofp\libgcc.a(_aeabi_ldivmod.o)
                0x08001058                __aeabi_ldivmod
 .text          0x080010f8        0x4 C:/Software/arm-gnu-toolchain/bin/../lib/gcc/arm-none-eabi/13.3.1/thumb/v7-m/nofp\libgcc.a(_dvmd_tls.o)
                0x080010f8                __aeabi_idiv0
                0x080010f8                __aeabi_ldiv0
 .text          0x080010fc       0xec C:/Software/arm-gnu-toolchain/bin/../lib/gcc/arm-none-eabi/13.3.1/thumb/v7-m/nofp\libg.a(libc_a-memcpy.o)
                0x080010fc                memcpy
 .text          0x080011e8      0x110 C:/Software/arm-gnu-toolchain/bin/../lib/gcc/arm-none-eabi/13.3.1/thumb/v7-m/nofp\libgcc.a(_arm_cmpdf2.o)
                0x080011e8                __gtdf2
                0x080011e8                __gedf2
                0x080011f0                __ltdf2
                0x080011f0                __ledf2
                0x080011f8                __nedf2
                0x080011f8                __eqdf2
                0x080011f8                __cmpdf2
                0x08001274                __aeabi_cdrcmple
                0x08001284                __aeabi_cdcmpeq
                0x08001284                __aeabi_cdcmple
                0x08001294                __aeabi_dcmpeq
                0x080012a8                __aeabi_dcmplt
                0x080012bc                __aeabi_dcmple
                0x080012d0                __aeabi_dcmpge
                0x080012e4                __aeabi_dcmpgt
 .text          0x080012f8       0x2c C:/Software/arm-gnu-toolchain/bin/../lib/gcc/arm-none-eabi/13.3.1/thumb/v7-m/nofp\libgcc.a(_arm_unorddf2.o)
                0x080012f8                __unorddf2
                0x080012f8                __aeabi_dcmpun
 .text          0x08001324       0x50 C:/Software/arm-gnu-toolchain/bin/../lib/gcc/arm-none-eabi/13.3.1/thumb/v7-m/nofp\libgcc.a(_arm_fixdfsi.o)
                0x08001324                __aeabi_d2iz
                0x08001324                __fixdfsi
 *(.text*)
 .text.deregister_tm_clones
                0x08001374       0x1c C:/Software/arm-gnu-toolchain/bin/../lib/gcc/arm-none-eabi/13.3.1/thumb/v7-m/nofp/crtbegin.o
 .text.register_tm_clones
                0x08001390       0x24 C:/Software/arm-gnu-toolchain/bin/../lib/gcc/arm-none-eabi/13.3.1/thumb/v7-m/nofp/crtbegin.o
 .text.__do_global_dtors_aux
                0x080013b4       0x28 C:/Software/arm-gnu-toolchain/bin/../lib/gcc/arm-none-eabi/13.3.1/thumb/v7-m/nofp/crtbegin.o
 .text.frame_dummy
                0x080013dc       0x24 C:/Software/arm-gnu-toolchain/bin/../lib/gcc/arm-none-eabi/13.3.1/thumb/v7-m/nofp/crtbegin.o
 .text.MX_GPIO_Init
                0x08001400       0x74 CMakeFiles/car.elf.dir/Core/Src/gpio.c.obj
                0x08001400                MX_GPIO_Init
 .text.MX_I2C2_Init
                0x08001474       0x3c CMakeFiles/car.elf.dir/Core/Src/i2c.c.obj
                0x08001474                MX_I2C2_Init
 .text.HAL_I2C_MspInit
                0x080014b0       0x64 CMakeFiles/car.elf.dir/Core/Src/i2c.c.obj
                0x080014b0                HAL_I2C_MspInit
 .text.Error_Handler
                0x08001514        0x4 CMakeFiles/car.elf.dir/Core/Src/main.c.obj
                0x08001514                Error_Handler
 .text.SystemClock_Config
                0x08001518       0x64 CMakeFiles/car.elf.dir/Core/Src/main.c.obj
                0x08001518                SystemClock_Config
 .text.main     0x0800157c       0x80 CMakeFiles/car.elf.dir/Core/Src/main.c.obj
                0x0800157c                main
 .text.HAL_MspInit
                0x080015fc       0x44 CMakeFiles/car.elf.dir/Core/Src/stm32f1xx_hal_msp.c.obj
                0x080015fc                HAL_MspInit
 .text.NMI_Handler
                0x08001640        0x2 CMakeFiles/car.elf.dir/Core/Src/stm32f1xx_it.c.obj
                0x08001640                NMI_Handler
 .text.HardFault_Handler
                0x08001642        0x2 CMakeFiles/car.elf.dir/Core/Src/stm32f1xx_it.c.obj
                0x08001642                HardFault_Handler
 .text.MemManage_Handler
                0x08001644        0x2 CMakeFiles/car.elf.dir/Core/Src/stm32f1xx_it.c.obj
                0x08001644                MemManage_Handler
 .text.BusFault_Handler
                0x08001646        0x2 CMakeFiles/car.elf.dir/Core/Src/stm32f1xx_it.c.obj
                0x08001646                BusFault_Handler
 .text.UsageFault_Handler
                0x08001648        0x2 CMakeFiles/car.elf.dir/Core/Src/stm32f1xx_it.c.obj
                0x08001648                UsageFault_Handler
 .text.SVC_Handler
                0x0800164a        0x2 CMakeFiles/car.elf.dir/Core/Src/stm32f1xx_it.c.obj
                0x0800164a                SVC_Handler
 .text.DebugMon_Handler
                0x0800164c        0x2 CMakeFiles/car.elf.dir/Core/Src/stm32f1xx_it.c.obj
                0x0800164c                DebugMon_Handler
 .text.PendSV_Handler
                0x0800164e        0x2 CMakeFiles/car.elf.dir/Core/Src/stm32f1xx_it.c.obj
                0x0800164e                PendSV_Handler
 .text.SysTick_Handler
                0x08001650        0x8 CMakeFiles/car.elf.dir/Core/Src/stm32f1xx_it.c.obj
                0x08001650                SysTick_Handler
 .text._getpid  0x08001658        0x4 CMakeFiles/car.elf.dir/Core/Src/syscalls.c.obj
                0x08001658                _getpid
 .text._kill    0x0800165c       0x10 CMakeFiles/car.elf.dir/Core/Src/syscalls.c.obj
                0x0800165c                _kill
 .text._exit    0x0800166c        0xc CMakeFiles/car.elf.dir/Core/Src/syscalls.c.obj
                0x0800166c                _exit
 .text._read    0x08001678       0x20 CMakeFiles/car.elf.dir/Core/Src/syscalls.c.obj
                0x08001678                _read
 .text._write   0x08001698       0x1c CMakeFiles/car.elf.dir/Core/Src/syscalls.c.obj
                0x08001698                _write
 .text._close   0x080016b4        0x6 CMakeFiles/car.elf.dir/Core/Src/syscalls.c.obj
                0x080016b4                _close
 .text._fstat   0x080016ba        0xa CMakeFiles/car.elf.dir/Core/Src/syscalls.c.obj
                0x080016ba                _fstat
 .text._isatty  0x080016c4        0x4 CMakeFiles/car.elf.dir/Core/Src/syscalls.c.obj
                0x080016c4                _isatty
 .text._lseek   0x080016c8        0x4 CMakeFiles/car.elf.dir/Core/Src/syscalls.c.obj
                0x080016c8                _lseek
 .text._sbrk    0x080016cc       0x48 CMakeFiles/car.elf.dir/Core/Src/sysmem.c.obj
                0x080016cc                _sbrk
 .text.SystemInit
                0x08001714        0x2 CMakeFiles/car.elf.dir/Core/Src/system_stm32f1xx.c.obj
                0x08001714                SystemInit
 *fill*         0x08001716        0x2 
 .text.MX_USART1_UART_Init
                0x08001718       0x34 CMakeFiles/car.elf.dir/Core/Src/usart.c.obj
                0x08001718                MX_USART1_UART_Init
 .text.HAL_UART_MspInit
                0x0800174c       0x78 CMakeFiles/car.elf.dir/Core/Src/usart.c.obj
                0x0800174c                HAL_UART_MspInit
 .text.Reset_Handler
                0x080017c4       0x48 CMakeFiles/car.elf.dir/Core/Startup/startup_stm32f103rctx.s.obj
                0x080017c4                Reset_Handler
 .text.Default_Handler
                0x0800180c        0x2 CMakeFiles/car.elf.dir/Core/Startup/startup_stm32f103rctx.s.obj
                0x0800180c                RTC_Alarm_IRQHandler
                0x0800180c                EXTI2_IRQHandler
                0x0800180c                TIM8_TRG_COM_IRQHandler
                0x0800180c                TIM8_CC_IRQHandler
                0x0800180c                TIM1_CC_IRQHandler
                0x0800180c                TIM6_IRQHandler
                0x0800180c                PVD_IRQHandler
                0x0800180c                SDIO_IRQHandler
                0x0800180c                EXTI3_IRQHandler
                0x0800180c                EXTI0_IRQHandler
                0x0800180c                I2C2_EV_IRQHandler
                0x0800180c                ADC1_2_IRQHandler
                0x0800180c                SPI1_IRQHandler
                0x0800180c                TAMPER_IRQHandler
                0x0800180c                TIM8_UP_IRQHandler
                0x0800180c                DMA2_Channel2_IRQHandler
                0x0800180c                DMA1_Channel4_IRQHandler
                0x0800180c                USART3_IRQHandler
                0x0800180c                RTC_IRQHandler
                0x0800180c                DMA1_Channel7_IRQHandler
                0x0800180c                CAN1_RX1_IRQHandler
                0x0800180c                UART5_IRQHandler
                0x0800180c                ADC3_IRQHandler
                0x0800180c                TIM4_IRQHandler
                0x0800180c                DMA2_Channel1_IRQHandler
                0x0800180c                I2C1_EV_IRQHandler
                0x0800180c                DMA1_Channel6_IRQHandler
                0x0800180c                UART4_IRQHandler
                0x0800180c                TIM3_IRQHandler
                0x0800180c                RCC_IRQHandler
                0x0800180c                TIM1_TRG_COM_IRQHandler
                0x0800180c                DMA1_Channel1_IRQHandler
                0x0800180c                Default_Handler
                0x0800180c                EXTI15_10_IRQHandler
                0x0800180c                TIM7_IRQHandler
                0x0800180c                TIM5_IRQHandler
                0x0800180c                EXTI9_5_IRQHandler
                0x0800180c                SPI2_IRQHandler
                0x0800180c                DMA1_Channel5_IRQHandler
                0x0800180c                EXTI4_IRQHandler
                0x0800180c                USB_LP_CAN1_RX0_IRQHandler
                0x0800180c                USB_HP_CAN1_TX_IRQHandler
                0x0800180c                DMA1_Channel3_IRQHandler
                0x0800180c                FSMC_IRQHandler
                0x0800180c                TIM1_UP_IRQHandler
                0x0800180c                WWDG_IRQHandler
                0x0800180c                TIM2_IRQHandler
                0x0800180c                TIM1_BRK_IRQHandler
                0x0800180c                EXTI1_IRQHandler
                0x0800180c                DMA2_Channel4_5_IRQHandler
                0x0800180c                USART2_IRQHandler
                0x0800180c                I2C2_ER_IRQHandler
                0x0800180c                DMA1_Channel2_IRQHandler
                0x0800180c                TIM8_BRK_IRQHandler
                0x0800180c                CAN1_SCE_IRQHandler
                0x0800180c                FLASH_IRQHandler
                0x0800180c                USART1_IRQHandler
                0x0800180c                SPI3_IRQHandler
                0x0800180c                I2C1_ER_IRQHandler
                0x0800180c                USBWakeUp_IRQHandler
                0x0800180c                DMA2_Channel3_IRQHandler
 *fill*         0x0800180e        0x2 
 .text.HAL_InitTick
                0x08001810       0x4c CMakeFiles/car.elf.dir/Drivers/STM32F1xx_HAL_Driver/Src/stm32f1xx_hal.c.obj
                0x08001810                HAL_InitTick
 .text.HAL_Init
                0x0800185c       0x24 CMakeFiles/car.elf.dir/Drivers/STM32F1xx_HAL_Driver/Src/stm32f1xx_hal.c.obj
                0x0800185c                HAL_Init
 .text.HAL_IncTick
                0x08001880       0x18 CMakeFiles/car.elf.dir/Drivers/STM32F1xx_HAL_Driver/Src/stm32f1xx_hal.c.obj
                0x08001880                HAL_IncTick
 .text.HAL_GetTick
                0x08001898        0xc CMakeFiles/car.elf.dir/Drivers/STM32F1xx_HAL_Driver/Src/stm32f1xx_hal.c.obj
                0x08001898                HAL_GetTick
 .text.HAL_Delay
                0x080018a4       0x28 CMakeFiles/car.elf.dir/Drivers/STM32F1xx_HAL_Driver/Src/stm32f1xx_hal.c.obj
                0x080018a4                HAL_Delay
 .text.__NVIC_SetPriority
                0x080018cc       0x28 CMakeFiles/car.elf.dir/Drivers/STM32F1xx_HAL_Driver/Src/stm32f1xx_hal_cortex.c.obj
 .text.NVIC_EncodePriority
                0x080018f4       0x3e CMakeFiles/car.elf.dir/Drivers/STM32F1xx_HAL_Driver/Src/stm32f1xx_hal_cortex.c.obj
 *fill*         0x08001932        0x2 
 .text.HAL_NVIC_SetPriorityGrouping
                0x08001934       0x24 CMakeFiles/car.elf.dir/Drivers/STM32F1xx_HAL_Driver/Src/stm32f1xx_hal_cortex.c.obj
                0x08001934                HAL_NVIC_SetPriorityGrouping
 .text.HAL_NVIC_SetPriority
                0x08001958       0x20 CMakeFiles/car.elf.dir/Drivers/STM32F1xx_HAL_Driver/Src/stm32f1xx_hal_cortex.c.obj
                0x08001958                HAL_NVIC_SetPriority
 .text.HAL_SYSTICK_Config
                0x08001978       0x28 CMakeFiles/car.elf.dir/Drivers/STM32F1xx_HAL_Driver/Src/stm32f1xx_hal_cortex.c.obj
                0x08001978                HAL_SYSTICK_Config
 .text.HAL_GPIO_Init
                0x080019a0      0x238 CMakeFiles/car.elf.dir/Drivers/STM32F1xx_HAL_Driver/Src/stm32f1xx_hal_gpio.c.obj
                0x080019a0                HAL_GPIO_Init
 .text.HAL_GPIO_WritePin
                0x08001bd8        0xc CMakeFiles/car.elf.dir/Drivers/STM32F1xx_HAL_Driver/Src/stm32f1xx_hal_gpio.c.obj
                0x08001bd8                HAL_GPIO_WritePin
 .text.I2C_IsAcknowledgeFailed
                0x08001be4       0x32 CMakeFiles/car.elf.dir/Drivers/STM32F1xx_HAL_Driver/Src/stm32f1xx_hal_i2c.c.obj
 .text.I2C_WaitOnFlagUntilTimeout
                0x08001c16       0xaa CMakeFiles/car.elf.dir/Drivers/STM32F1xx_HAL_Driver/Src/stm32f1xx_hal_i2c.c.obj
 .text.I2C_WaitOnMasterAddressFlagUntilTimeout
                0x08001cc0       0xd6 CMakeFiles/car.elf.dir/Drivers/STM32F1xx_HAL_Driver/Src/stm32f1xx_hal_i2c.c.obj
 .text.I2C_WaitOnTXEFlagUntilTimeout
                0x08001d96       0x5e CMakeFiles/car.elf.dir/Drivers/STM32F1xx_HAL_Driver/Src/stm32f1xx_hal_i2c.c.obj
 .text.I2C_RequestMemoryWrite
                0x08001df4       0xd8 CMakeFiles/car.elf.dir/Drivers/STM32F1xx_HAL_Driver/Src/stm32f1xx_hal_i2c.c.obj
 .text.I2C_RequestMemoryRead
                0x08001ecc      0x154 CMakeFiles/car.elf.dir/Drivers/STM32F1xx_HAL_Driver/Src/stm32f1xx_hal_i2c.c.obj
 .text.I2C_WaitOnBTFFlagUntilTimeout
                0x08002020       0x5e CMakeFiles/car.elf.dir/Drivers/STM32F1xx_HAL_Driver/Src/stm32f1xx_hal_i2c.c.obj
 .text.I2C_WaitOnRXNEFlagUntilTimeout
                0x0800207e       0x78 CMakeFiles/car.elf.dir/Drivers/STM32F1xx_HAL_Driver/Src/stm32f1xx_hal_i2c.c.obj
 *fill*         0x080020f6        0x2 
 .text.HAL_I2C_Init
                0x080020f8      0x1bc CMakeFiles/car.elf.dir/Drivers/STM32F1xx_HAL_Driver/Src/stm32f1xx_hal_i2c.c.obj
                0x080020f8                HAL_I2C_Init
 .text.HAL_I2C_Mem_Write
                0x080022b4      0x164 CMakeFiles/car.elf.dir/Drivers/STM32F1xx_HAL_Driver/Src/stm32f1xx_hal_i2c.c.obj
                0x080022b4                HAL_I2C_Mem_Write
 .text.HAL_I2C_Mem_Read
                0x08002418      0x348 CMakeFiles/car.elf.dir/Drivers/STM32F1xx_HAL_Driver/Src/stm32f1xx_hal_i2c.c.obj
                0x08002418                HAL_I2C_Mem_Read
 .text.RCC_Delay
                0x08002760       0x2c CMakeFiles/car.elf.dir/Drivers/STM32F1xx_HAL_Driver/Src/stm32f1xx_hal_rcc.c.obj
 .text.HAL_RCC_OscConfig
                0x0800278c      0x410 CMakeFiles/car.elf.dir/Drivers/STM32F1xx_HAL_Driver/Src/stm32f1xx_hal_rcc.c.obj
                0x0800278c                HAL_RCC_OscConfig
 .text.HAL_RCC_GetSysClockFreq
                0x08002b9c       0x54 CMakeFiles/car.elf.dir/Drivers/STM32F1xx_HAL_Driver/Src/stm32f1xx_hal_rcc.c.obj
                0x08002b9c                HAL_RCC_GetSysClockFreq
 .text.HAL_RCC_ClockConfig
                0x08002bf0      0x16c CMakeFiles/car.elf.dir/Drivers/STM32F1xx_HAL_Driver/Src/stm32f1xx_hal_rcc.c.obj
                0x08002bf0                HAL_RCC_ClockConfig
 .text.HAL_RCC_GetHCLKFreq
                0x08002d5c        0xc CMakeFiles/car.elf.dir/Drivers/STM32F1xx_HAL_Driver/Src/stm32f1xx_hal_rcc.c.obj
                0x08002d5c                HAL_RCC_GetHCLKFreq
 .text.HAL_RCC_GetPCLK1Freq
                0x08002d68       0x20 CMakeFiles/car.elf.dir/Drivers/STM32F1xx_HAL_Driver/Src/stm32f1xx_hal_rcc.c.obj
                0x08002d68                HAL_RCC_GetPCLK1Freq
 .text.HAL_RCC_GetPCLK2Freq
                0x08002d88       0x20 CMakeFiles/car.elf.dir/Drivers/STM32F1xx_HAL_Driver/Src/stm32f1xx_hal_rcc.c.obj
                0x08002d88                HAL_RCC_GetPCLK2Freq
 .text.UART_SetConfig
                0x08002da8       0x94 CMakeFiles/car.elf.dir/Drivers/STM32F1xx_HAL_Driver/Src/stm32f1xx_hal_uart.c.obj
 .text.UART_WaitOnFlagUntilTimeout
                0x08002e3c       0x84 CMakeFiles/car.elf.dir/Drivers/STM32F1xx_HAL_Driver/Src/stm32f1xx_hal_uart.c.obj
 .text.HAL_UART_Init
                0x08002ec0       0x60 CMakeFiles/car.elf.dir/Drivers/STM32F1xx_HAL_Driver/Src/stm32f1xx_hal_uart.c.obj
                0x08002ec0                HAL_UART_Init
 .text.HAL_UART_Transmit
                0x08002f20       0xbe CMakeFiles/car.elf.dir/Drivers/STM32F1xx_HAL_Driver/Src/stm32f1xx_hal_uart.c.obj
                0x08002f20                HAL_UART_Transmit
 *fill*         0x08002fde        0x2 
 .text.FS_Debug
                0x08002fe0       0x3c CMakeFiles/car.elf.dir/Function/FS_Debug.c.obj
                0x08002fe0                FS_Debug
 .text.print    0x0800301c       0x42 CMakeFiles/car.elf.dir/Function/FS_Debug.c.obj
                0x0800301c                print
 .text.inv_row_2_scale
                0x0800305e       0x3a CMakeFiles/car.elf.dir/Function/eMPL/inv_mpu.c.obj
 .text.inv_orientation_matrix_to_scalar
                0x08003098       0x24 CMakeFiles/car.elf.dir/Function/eMPL/inv_mpu.c.obj
 .text.get_accel_prod_shift
                0x080030bc       0xc4 CMakeFiles/car.elf.dir/Function/eMPL/inv_mpu.c.obj
 .text.accel_self_test
                0x08003180       0xa8 CMakeFiles/car.elf.dir/Function/eMPL/inv_mpu.c.obj
 .text.gyro_self_test
                0x08003228      0x100 CMakeFiles/car.elf.dir/Function/eMPL/inv_mpu.c.obj
 .text.set_int_enable
                0x08003328       0x98 CMakeFiles/car.elf.dir/Function/eMPL/inv_mpu.c.obj
 .text.get_st_biases
                0x080033c0      0x428 CMakeFiles/car.elf.dir/Function/eMPL/inv_mpu.c.obj
 .text.mpu_reset_fifo
                0x080037e8      0x1f8 CMakeFiles/car.elf.dir/Function/eMPL/inv_mpu.c.obj
                0x080037e8                mpu_reset_fifo
 .text.mpu_get_gyro_fsr
                0x080039e0       0x3c CMakeFiles/car.elf.dir/Function/eMPL/inv_mpu.c.obj
                0x080039e0                mpu_get_gyro_fsr
 .text.mpu_set_gyro_fsr
                0x08003a1c       0x98 CMakeFiles/car.elf.dir/Function/eMPL/inv_mpu.c.obj
                0x08003a1c                mpu_set_gyro_fsr
 .text.mpu_get_accel_fsr
                0x08003ab4       0x44 CMakeFiles/car.elf.dir/Function/eMPL/inv_mpu.c.obj
                0x08003ab4                mpu_get_accel_fsr
 .text.mpu_set_accel_fsr
                0x08003af8       0x94 CMakeFiles/car.elf.dir/Function/eMPL/inv_mpu.c.obj
                0x08003af8                mpu_set_accel_fsr
 .text.mpu_get_lpf
                0x08003b8c       0x44 CMakeFiles/car.elf.dir/Function/eMPL/inv_mpu.c.obj
                0x08003b8c                mpu_get_lpf
 .text.mpu_set_lpf
                0x08003bd0       0x94 CMakeFiles/car.elf.dir/Function/eMPL/inv_mpu.c.obj
                0x08003bd0                mpu_set_lpf
 .text.mpu_get_sample_rate
                0x08003c64       0x1c CMakeFiles/car.elf.dir/Function/eMPL/inv_mpu.c.obj
                0x08003c64                mpu_get_sample_rate
 .text.mpu_get_gyro_sens
                0x08003c80       0x4c CMakeFiles/car.elf.dir/Function/eMPL/inv_mpu.c.obj
                0x08003c80                mpu_get_gyro_sens
 .text.mpu_get_accel_sens
                0x08003ccc       0x4c CMakeFiles/car.elf.dir/Function/eMPL/inv_mpu.c.obj
                0x08003ccc                mpu_get_accel_sens
 .text.mpu_get_fifo_config
                0x08003d18       0x10 CMakeFiles/car.elf.dir/Function/eMPL/inv_mpu.c.obj
                0x08003d18                mpu_get_fifo_config
 .text.mpu_configure_fifo
                0x08003d28       0x64 CMakeFiles/car.elf.dir/Function/eMPL/inv_mpu.c.obj
                0x08003d28                mpu_configure_fifo
 .text.mpu_read_fifo_stream
                0x08003d8c       0xc0 CMakeFiles/car.elf.dir/Function/eMPL/inv_mpu.c.obj
                0x08003d8c                mpu_read_fifo_stream
 .text.mpu_set_bypass
                0x08003e4c      0x168 CMakeFiles/car.elf.dir/Function/eMPL/inv_mpu.c.obj
                0x08003e4c                mpu_set_bypass
 .text.mpu_set_int_latched
                0x08003fb4       0x74 CMakeFiles/car.elf.dir/Function/eMPL/inv_mpu.c.obj
                0x08003fb4                mpu_set_int_latched
 .text.mpu_lp_accel_mode
                0x08004028       0xdc CMakeFiles/car.elf.dir/Function/eMPL/inv_mpu.c.obj
                0x08004028                mpu_lp_accel_mode
 .text.mpu_set_sample_rate
                0x08004104       0xa0 CMakeFiles/car.elf.dir/Function/eMPL/inv_mpu.c.obj
                0x08004104                mpu_set_sample_rate
 .text.mpu_set_sensors
                0x080041a4       0xe4 CMakeFiles/car.elf.dir/Function/eMPL/inv_mpu.c.obj
                0x080041a4                mpu_set_sensors
 .text.mpu_init
                0x08004288      0x194 CMakeFiles/car.elf.dir/Function/eMPL/inv_mpu.c.obj
                0x08004288                mpu_init
 .text.mpu_write_mem
                0x0800441c       0x74 CMakeFiles/car.elf.dir/Function/eMPL/inv_mpu.c.obj
                0x0800441c                mpu_write_mem
 .text.mpu_read_mem
                0x08004490       0x74 CMakeFiles/car.elf.dir/Function/eMPL/inv_mpu.c.obj
                0x08004490                mpu_read_mem
 .text.mpu_load_firmware
                0x08004504       0xb4 CMakeFiles/car.elf.dir/Function/eMPL/inv_mpu.c.obj
                0x08004504                mpu_load_firmware
 .text.mpu_set_dmp_state
                0x080045b8       0x94 CMakeFiles/car.elf.dir/Function/eMPL/inv_mpu.c.obj
                0x080045b8                mpu_set_dmp_state
 .text.mpu_run_self_test
                0x0800464c      0x104 CMakeFiles/car.elf.dir/Function/eMPL/inv_mpu.c.obj
                0x0800464c                mpu_run_self_test
 .text.get_clock_ms
                0x08004750       0x16 CMakeFiles/car.elf.dir/Function/eMPL/inv_mpu.c.obj
                0x08004750                get_clock_ms
 .text.run_self_test
                0x08004766       0x88 CMakeFiles/car.elf.dir/Function/eMPL/inv_mpu.c.obj
                0x08004766                run_self_test
 *fill*         0x080047ee        0x2 
 .text.mpu6050_dmp_init
                0x080047f0       0x74 CMakeFiles/car.elf.dir/Function/eMPL/inv_mpu.c.obj
                0x080047f0                mpu6050_dmp_init
 *fill*         0x08004864        0x4 
 .text.mpu6050_dmp_get_data
                0x08004868      0x1c8 CMakeFiles/car.elf.dir/Function/eMPL/inv_mpu.c.obj
                0x08004868                mpu6050_dmp_get_data
 .text.decode_gesture
                0x08004a30       0x3c CMakeFiles/car.elf.dir/Function/eMPL/inv_mpu_dmp_motion_driver.c.obj
 .text.dmp_load_motion_driver_firmware
                0x08004a6c       0x18 CMakeFiles/car.elf.dir/Function/eMPL/inv_mpu_dmp_motion_driver.c.obj
                0x08004a6c                dmp_load_motion_driver_firmware
 .text.dmp_set_orientation
                0x08004a84      0x14c CMakeFiles/car.elf.dir/Function/eMPL/inv_mpu_dmp_motion_driver.c.obj
                0x08004a84                dmp_set_orientation
 .text.dmp_set_gyro_bias
                0x08004bd0      0x110 CMakeFiles/car.elf.dir/Function/eMPL/inv_mpu_dmp_motion_driver.c.obj
                0x08004bd0                dmp_set_gyro_bias
 .text.dmp_set_accel_bias
                0x08004ce0       0xf8 CMakeFiles/car.elf.dir/Function/eMPL/inv_mpu_dmp_motion_driver.c.obj
                0x08004ce0                dmp_set_accel_bias
 .text.dmp_set_fifo_rate
                0x08004dd8       0x68 CMakeFiles/car.elf.dir/Function/eMPL/inv_mpu_dmp_motion_driver.c.obj
                0x08004dd8                dmp_set_fifo_rate
 .text.dmp_set_tap_thresh
                0x08004e40      0x1a0 CMakeFiles/car.elf.dir/Function/eMPL/inv_mpu_dmp_motion_driver.c.obj
                0x08004e40                dmp_set_tap_thresh
 .text.dmp_set_tap_axes
                0x08004fe0       0x4e CMakeFiles/car.elf.dir/Function/eMPL/inv_mpu_dmp_motion_driver.c.obj
                0x08004fe0                dmp_set_tap_axes
 .text.dmp_set_tap_count
                0x0800502e       0x2c CMakeFiles/car.elf.dir/Function/eMPL/inv_mpu_dmp_motion_driver.c.obj
                0x0800502e                dmp_set_tap_count
 *fill*         0x0800505a        0x2 
 .text.dmp_set_tap_time
                0x0800505c       0x30 CMakeFiles/car.elf.dir/Function/eMPL/inv_mpu_dmp_motion_driver.c.obj
                0x0800505c                dmp_set_tap_time
 .text.dmp_set_tap_time_multi
                0x0800508c       0x30 CMakeFiles/car.elf.dir/Function/eMPL/inv_mpu_dmp_motion_driver.c.obj
                0x0800508c                dmp_set_tap_time_multi
 .text.dmp_set_shake_reject_thresh
                0x080050bc       0x44 CMakeFiles/car.elf.dir/Function/eMPL/inv_mpu_dmp_motion_driver.c.obj
                0x080050bc                dmp_set_shake_reject_thresh
 .text.dmp_set_shake_reject_time
                0x08005100       0x2c CMakeFiles/car.elf.dir/Function/eMPL/inv_mpu_dmp_motion_driver.c.obj
                0x08005100                dmp_set_shake_reject_time
 .text.dmp_set_shake_reject_timeout
                0x0800512c       0x2c CMakeFiles/car.elf.dir/Function/eMPL/inv_mpu_dmp_motion_driver.c.obj
                0x0800512c                dmp_set_shake_reject_timeout
 .text.dmp_enable_gyro_cal
                0x08005158       0x44 CMakeFiles/car.elf.dir/Function/eMPL/inv_mpu_dmp_motion_driver.c.obj
                0x08005158                dmp_enable_gyro_cal
 .text.dmp_enable_lp_quat
                0x0800519c       0x3c CMakeFiles/car.elf.dir/Function/eMPL/inv_mpu_dmp_motion_driver.c.obj
                0x0800519c                dmp_enable_lp_quat
 .text.dmp_enable_6x_lp_quat
                0x080051d8       0x3c CMakeFiles/car.elf.dir/Function/eMPL/inv_mpu_dmp_motion_driver.c.obj
                0x080051d8                dmp_enable_6x_lp_quat
 .text.dmp_enable_feature
                0x08005214      0x218 CMakeFiles/car.elf.dir/Function/eMPL/inv_mpu_dmp_motion_driver.c.obj
                0x08005214                dmp_enable_feature
 .text.dmp_read_fifo
                0x0800542c      0x1ec CMakeFiles/car.elf.dir/Function/eMPL/inv_mpu_dmp_motion_driver.c.obj
                0x0800542c                dmp_read_fifo
 .text.IIC_Write
                0x08005618       0x20 CMakeFiles/car.elf.dir/Function/mpu6050.c.obj
                0x08005618                IIC_Write
 .text.IIC_Read
                0x08005638       0x20 CMakeFiles/car.elf.dir/Function/mpu6050.c.obj
                0x08005638                IIC_Read
 .text.__udivmoddi4
                0x08005658      0x2b4 C:/Software/arm-gnu-toolchain/bin/../lib/gcc/arm-none-eabi/13.3.1/thumb/v7-m/nofp\libgcc.a(_udivmoddi4.o)
                0x08005658                __udivmoddi4
 .text.stdio_exit_handler
                0x0800590c       0x18 C:/Software/arm-gnu-toolchain/bin/../lib/gcc/arm-none-eabi/13.3.1/thumb/v7-m/nofp\libg.a(libc_a-findfp.o)
 .text.cleanup_stdio
                0x08005924       0x40 C:/Software/arm-gnu-toolchain/bin/../lib/gcc/arm-none-eabi/13.3.1/thumb/v7-m/nofp\libg.a(libc_a-findfp.o)
 .text.global_stdio_init.part.0
                0x08005964       0xf0 C:/Software/arm-gnu-toolchain/bin/../lib/gcc/arm-none-eabi/13.3.1/thumb/v7-m/nofp\libg.a(libc_a-findfp.o)
 .text.__sinit  0x08005a54       0x3c C:/Software/arm-gnu-toolchain/bin/../lib/gcc/arm-none-eabi/13.3.1/thumb/v7-m/nofp\libg.a(libc_a-findfp.o)
                0x08005a54                __sinit
 .text.__sfp_lock_acquire
                0x08005a90        0xc C:/Software/arm-gnu-toolchain/bin/../lib/gcc/arm-none-eabi/13.3.1/thumb/v7-m/nofp\libg.a(libc_a-findfp.o)
                0x08005a90                __sfp_lock_acquire
 .text.__sfp_lock_release
                0x08005a9c        0xc C:/Software/arm-gnu-toolchain/bin/../lib/gcc/arm-none-eabi/13.3.1/thumb/v7-m/nofp\libg.a(libc_a-findfp.o)
                0x08005a9c                __sfp_lock_release
 .text._fwalk_sglue
                0x08005aa8       0x44 C:/Software/arm-gnu-toolchain/bin/../lib/gcc/arm-none-eabi/13.3.1/thumb/v7-m/nofp\libg.a(libc_a-fwalk.o)
                0x08005aa8                _fwalk_sglue
 .text.__sread  0x08005aec       0x24 C:/Software/arm-gnu-toolchain/bin/../lib/gcc/arm-none-eabi/13.3.1/thumb/v7-m/nofp\libg.a(libc_a-stdio.o)
                0x08005aec                __sread
 .text.__swrite
                0x08005b10       0x40 C:/Software/arm-gnu-toolchain/bin/../lib/gcc/arm-none-eabi/13.3.1/thumb/v7-m/nofp\libg.a(libc_a-stdio.o)
                0x08005b10                __swrite
 .text.__sseek  0x08005b50       0x24 C:/Software/arm-gnu-toolchain/bin/../lib/gcc/arm-none-eabi/13.3.1/thumb/v7-m/nofp\libg.a(libc_a-stdio.o)
                0x08005b50                __sseek
 .text.__sclose
                0x08005b74        0x8 C:/Software/arm-gnu-toolchain/bin/../lib/gcc/arm-none-eabi/13.3.1/thumb/v7-m/nofp\libg.a(libc_a-stdio.o)
                0x08005b74                __sclose
 .text.vsprintf
                0x08005b7c       0x3c C:/Software/arm-gnu-toolchain/bin/../lib/gcc/arm-none-eabi/13.3.1/thumb/v7-m/nofp\libg.a(libc_a-vsprintf.o)
                0x08005b7c                vsprintf
 .text.memcmp   0x08005bb8       0x5c C:/Software/arm-gnu-toolchain/bin/../lib/gcc/arm-none-eabi/13.3.1/thumb/v7-m/nofp\libg.a(libc_a-memcmp.o)
                0x08005bb8                memcmp
 .text.memset   0x08005c14       0xa0 C:/Software/arm-gnu-toolchain/bin/../lib/gcc/arm-none-eabi/13.3.1/thumb/v7-m/nofp\libg.a(libc_a-memset.o)
                0x08005c14                memset
 .text._close_r
                0x08005cb4       0x24 C:/Software/arm-gnu-toolchain/bin/../lib/gcc/arm-none-eabi/13.3.1/thumb/v7-m/nofp\libg.a(libc_a-closer.o)
                0x08005cb4                _close_r
 .text._lseek_r
                0x08005cd8       0x2c C:/Software/arm-gnu-toolchain/bin/../lib/gcc/arm-none-eabi/13.3.1/thumb/v7-m/nofp\libg.a(libc_a-lseekr.o)
                0x08005cd8                _lseek_r
 .text._read_r  0x08005d04       0x2c C:/Software/arm-gnu-toolchain/bin/../lib/gcc/arm-none-eabi/13.3.1/thumb/v7-m/nofp\libg.a(libc_a-readr.o)
                0x08005d04                _read_r
 .text._write_r
                0x08005d30       0x2c C:/Software/arm-gnu-toolchain/bin/../lib/gcc/arm-none-eabi/13.3.1/thumb/v7-m/nofp\libg.a(libc_a-writer.o)
                0x08005d30                _write_r
 .text.__errno  0x08005d5c        0xc C:/Software/arm-gnu-toolchain/bin/../lib/gcc/arm-none-eabi/13.3.1/thumb/v7-m/nofp\libg.a(libc_a-errno.o)
                0x08005d5c                __errno
 .text.__libc_init_array
                0x08005d68       0x50 C:/Software/arm-gnu-toolchain/bin/../lib/gcc/arm-none-eabi/13.3.1/thumb/v7-m/nofp\libg.a(libc_a-init.o)
                0x08005d68                __libc_init_array
 .text.__retarget_lock_init_recursive
                0x08005db8        0x4 C:/Software/arm-gnu-toolchain/bin/../lib/gcc/arm-none-eabi/13.3.1/thumb/v7-m/nofp\libg.a(libc_a-lock.o)
                0x08005db8                __retarget_lock_init_recursive
 .text.__retarget_lock_close_recursive
                0x08005dbc        0x4 C:/Software/arm-gnu-toolchain/bin/../lib/gcc/arm-none-eabi/13.3.1/thumb/v7-m/nofp\libg.a(libc_a-lock.o)
                0x08005dbc                __retarget_lock_close_recursive
 .text.__retarget_lock_acquire_recursive
                0x08005dc0        0x4 C:/Software/arm-gnu-toolchain/bin/../lib/gcc/arm-none-eabi/13.3.1/thumb/v7-m/nofp\libg.a(libc_a-lock.o)
                0x08005dc0                __retarget_lock_acquire_recursive
 .text.__retarget_lock_release_recursive
                0x08005dc4        0x4 C:/Software/arm-gnu-toolchain/bin/../lib/gcc/arm-none-eabi/13.3.1/thumb/v7-m/nofp\libg.a(libc_a-lock.o)
                0x08005dc4                __retarget_lock_release_recursive
 .text.strlen   0x08005dc8       0x5c C:/Software/arm-gnu-toolchain/bin/../lib/gcc/arm-none-eabi/13.3.1/thumb/v7-m/nofp\libg.a(libc_a-strlen-stub.o)
                0x08005dc8                strlen
 .text.startup.register_fini
                0x08005e24       0x14 C:/Software/arm-gnu-toolchain/bin/../lib/gcc/arm-none-eabi/13.3.1/thumb/v7-m/nofp\libg.a(libc_a-__call_atexit.o)
 .text.atexit   0x08005e38        0xc C:/Software/arm-gnu-toolchain/bin/../lib/gcc/arm-none-eabi/13.3.1/thumb/v7-m/nofp\libg.a(libc_a-atexit.o)
                0x08005e38                atexit
 .text._malloc_trim_r
                0x08005e44       0xb8 C:/Software/arm-gnu-toolchain/bin/../lib/gcc/arm-none-eabi/13.3.1/thumb/v7-m/nofp\libg.a(libc_a-freer.o)
                0x08005e44                _malloc_trim_r
 .text._free_r  0x08005efc      0x1f8 C:/Software/arm-gnu-toolchain/bin/../lib/gcc/arm-none-eabi/13.3.1/thumb/v7-m/nofp\libg.a(libc_a-freer.o)
                0x08005efc                _free_r
 .text._malloc_r
                0x080060f4      0x568 C:/Software/arm-gnu-toolchain/bin/../lib/gcc/arm-none-eabi/13.3.1/thumb/v7-m/nofp\libg.a(libc_a-mallocr.o)
                0x080060f4                _malloc_r
 .text.__malloc_lock
                0x0800665c        0xc C:/Software/arm-gnu-toolchain/bin/../lib/gcc/arm-none-eabi/13.3.1/thumb/v7-m/nofp\libg.a(libc_a-mlock.o)
                0x0800665c                __malloc_lock
 .text.__malloc_unlock
                0x08006668        0xc C:/Software/arm-gnu-toolchain/bin/../lib/gcc/arm-none-eabi/13.3.1/thumb/v7-m/nofp\libg.a(libc_a-mlock.o)
                0x08006668                __malloc_unlock
 .text._svfprintf_r
                0x08006674     0x1b2c C:/Software/arm-gnu-toolchain/bin/../lib/gcc/arm-none-eabi/13.3.1/thumb/v7-m/nofp\libg.a(libc_a-svfprintf.o)
                0x08006674                _svfprintf_r
 .text.__ssprint_r
                0x080081a0       0x58 C:/Software/arm-gnu-toolchain/bin/../lib/gcc/arm-none-eabi/13.3.1/thumb/v7-m/nofp\libg.a(libc_a-ssprint_r.o)
                0x080081a0                __ssprint_r
 .text._fclose_r
                0x080081f8       0xc0 C:/Software/arm-gnu-toolchain/bin/../lib/gcc/arm-none-eabi/13.3.1/thumb/v7-m/nofp\libg.a(libc_a-fclose.o)
                0x080081f8                _fclose_r
 .text.__sflush_r
                0x080082b8      0x128 C:/Software/arm-gnu-toolchain/bin/../lib/gcc/arm-none-eabi/13.3.1/thumb/v7-m/nofp\libg.a(libc_a-fflush.o)
                0x080082b8                __sflush_r
 .text._fflush_r
                0x080083e0       0x54 C:/Software/arm-gnu-toolchain/bin/../lib/gcc/arm-none-eabi/13.3.1/thumb/v7-m/nofp\libg.a(libc_a-fflush.o)
                0x080083e0                _fflush_r
 .text.strncpy  0x08008434       0x6c C:/Software/arm-gnu-toolchain/bin/../lib/gcc/arm-none-eabi/13.3.1/thumb/v7-m/nofp\libg.a(libc_a-strncpy.o)
                0x08008434                strncpy
 .text.__locale_mb_cur_max
                0x080084a0        0xc C:/Software/arm-gnu-toolchain/bin/../lib/gcc/arm-none-eabi/13.3.1/thumb/v7-m/nofp\libg.a(libc_a-locale.o)
                0x080084a0                __locale_mb_cur_max
 .text._localeconv_r
                0x080084ac        0x8 C:/Software/arm-gnu-toolchain/bin/../lib/gcc/arm-none-eabi/13.3.1/thumb/v7-m/nofp\libg.a(libc_a-localeconv.o)
                0x080084ac                _localeconv_r
 .text._sbrk_r  0x080084b4       0x24 C:/Software/arm-gnu-toolchain/bin/../lib/gcc/arm-none-eabi/13.3.1/thumb/v7-m/nofp\libg.a(libc_a-sbrkr.o)
                0x080084b4                _sbrk_r
 .text.__libc_fini_array
                0x080084d8       0x28 C:/Software/arm-gnu-toolchain/bin/../lib/gcc/arm-none-eabi/13.3.1/thumb/v7-m/nofp\libg.a(libc_a-fini.o)
                0x080084d8                __libc_fini_array
 .text.sysconf  0x08008500       0x1c C:/Software/arm-gnu-toolchain/bin/../lib/gcc/arm-none-eabi/13.3.1/thumb/v7-m/nofp\libg.a(libc_a-sysconf.o)
                0x08008500                sysconf
 .text.memchr   0x0800851c       0x98 C:/Software/arm-gnu-toolchain/bin/../lib/gcc/arm-none-eabi/13.3.1/thumb/v7-m/nofp\libg.a(libc_a-memchr-stub.o)
                0x0800851c                memchr
 .text.frexp    0x080085b4       0x6c C:/Software/arm-gnu-toolchain/bin/../lib/gcc/arm-none-eabi/13.3.1/thumb/v7-m/nofp\libg.a(libm_a-s_frexp.o)
                0x080085b4                frexp
 .text.__register_exitproc
                0x08008620       0x80 C:/Software/arm-gnu-toolchain/bin/../lib/gcc/arm-none-eabi/13.3.1/thumb/v7-m/nofp\libg.a(libc_a-__atexit.o)
                0x08008620                __register_exitproc
 .text.quorem   0x080086a0      0x13c C:/Software/arm-gnu-toolchain/bin/../lib/gcc/arm-none-eabi/13.3.1/thumb/v7-m/nofp\libg.a(libc_a-dtoa.o)
 *fill*         0x080087dc        0x4 
 .text._dtoa_r  0x080087e0      0xe94 C:/Software/arm-gnu-toolchain/bin/../lib/gcc/arm-none-eabi/13.3.1/thumb/v7-m/nofp\libg.a(libc_a-dtoa.o)
                0x080087e0                _dtoa_r
 .text.__ascii_mbtowc
                0x08009674       0x2c C:/Software/arm-gnu-toolchain/bin/../lib/gcc/arm-none-eabi/13.3.1/thumb/v7-m/nofp\libg.a(libc_a-mbtowc_r.o)
                0x08009674                __ascii_mbtowc
 .text._Balloc  0x080096a0       0x4c C:/Software/arm-gnu-toolchain/bin/../lib/gcc/arm-none-eabi/13.3.1/thumb/v7-m/nofp\libg.a(libc_a-mprec.o)
                0x080096a0                _Balloc
 .text._Bfree   0x080096ec       0x14 C:/Software/arm-gnu-toolchain/bin/../lib/gcc/arm-none-eabi/13.3.1/thumb/v7-m/nofp\libg.a(libc_a-mprec.o)
                0x080096ec                _Bfree
 .text.__multadd
                0x08009700       0xa4 C:/Software/arm-gnu-toolchain/bin/../lib/gcc/arm-none-eabi/13.3.1/thumb/v7-m/nofp\libg.a(libc_a-mprec.o)
                0x08009700                __multadd
 .text.__hi0bits
                0x080097a4       0x44 C:/Software/arm-gnu-toolchain/bin/../lib/gcc/arm-none-eabi/13.3.1/thumb/v7-m/nofp\libg.a(libc_a-mprec.o)
                0x080097a4                __hi0bits
 .text.__lo0bits
                0x080097e8       0x5c C:/Software/arm-gnu-toolchain/bin/../lib/gcc/arm-none-eabi/13.3.1/thumb/v7-m/nofp\libg.a(libc_a-mprec.o)
                0x080097e8                __lo0bits
 .text.__i2b    0x08009844       0x5c C:/Software/arm-gnu-toolchain/bin/../lib/gcc/arm-none-eabi/13.3.1/thumb/v7-m/nofp\libg.a(libc_a-mprec.o)
                0x08009844                __i2b
 .text.__multiply
                0x080098a0      0x164 C:/Software/arm-gnu-toolchain/bin/../lib/gcc/arm-none-eabi/13.3.1/thumb/v7-m/nofp\libg.a(libc_a-mprec.o)
                0x080098a0                __multiply
 .text.__pow5mult
                0x08009a04       0xb4 C:/Software/arm-gnu-toolchain/bin/../lib/gcc/arm-none-eabi/13.3.1/thumb/v7-m/nofp\libg.a(libc_a-mprec.o)
                0x08009a04                __pow5mult
 .text.__lshift
                0x08009ab8       0xec C:/Software/arm-gnu-toolchain/bin/../lib/gcc/arm-none-eabi/13.3.1/thumb/v7-m/nofp\libg.a(libc_a-mprec.o)
                0x08009ab8                __lshift
 .text.__mcmp   0x08009ba4       0x40 C:/Software/arm-gnu-toolchain/bin/../lib/gcc/arm-none-eabi/13.3.1/thumb/v7-m/nofp\libg.a(libc_a-mprec.o)
                0x08009ba4                __mcmp
 .text.__mdiff  0x08009be4      0x178 C:/Software/arm-gnu-toolchain/bin/../lib/gcc/arm-none-eabi/13.3.1/thumb/v7-m/nofp\libg.a(libc_a-mprec.o)
                0x08009be4                __mdiff
 .text.__d2b    0x08009d5c       0xbc C:/Software/arm-gnu-toolchain/bin/../lib/gcc/arm-none-eabi/13.3.1/thumb/v7-m/nofp\libg.a(libc_a-mprec.o)
                0x08009d5c                __d2b
 .text.__ascii_wctomb
                0x08009e18       0x1c C:/Software/arm-gnu-toolchain/bin/../lib/gcc/arm-none-eabi/13.3.1/thumb/v7-m/nofp\libg.a(libc_a-wctomb_r.o)
                0x08009e18                __ascii_wctomb
 .text._wcrtomb_r
                0x08009e34       0x4c C:/Software/arm-gnu-toolchain/bin/../lib/gcc/arm-none-eabi/13.3.1/thumb/v7-m/nofp\libg.a(libc_a-wcrtomb.o)
                0x08009e34                _wcrtomb_r
 .text._wcsrtombs_r
                0x08009e80       0x18 C:/Software/arm-gnu-toolchain/bin/../lib/gcc/arm-none-eabi/13.3.1/thumb/v7-m/nofp\libg.a(libc_a-wcsrtombs.o)
                0x08009e80                _wcsrtombs_r
 .text.__ssputs_r
                0x08009e98       0xc0 C:/Software/arm-gnu-toolchain/bin/../lib/gcc/arm-none-eabi/13.3.1/thumb/v7-m/nofp\libg.a(libc_a-ssputs_r.o)
                0x08009e98                __ssputs_r
 .text.memmove  0x08009f58       0xfc C:/Software/arm-gnu-toolchain/bin/../lib/gcc/arm-none-eabi/13.3.1/thumb/v7-m/nofp\libg.a(libc_a-memmove.o)
                0x08009f58                memmove
 .text.__assert_func
                0x0800a054       0x40 C:/Software/arm-gnu-toolchain/bin/../lib/gcc/arm-none-eabi/13.3.1/thumb/v7-m/nofp\libg.a(libc_a-assert.o)
                0x0800a054                __assert_func
 .text._calloc_r
                0x0800a094       0x6c C:/Software/arm-gnu-toolchain/bin/../lib/gcc/arm-none-eabi/13.3.1/thumb/v7-m/nofp\libg.a(libc_a-callocr.o)
                0x0800a094                _calloc_r
 .text._realloc_r
                0x0800a100      0x34c C:/Software/arm-gnu-toolchain/bin/../lib/gcc/arm-none-eabi/13.3.1/thumb/v7-m/nofp\libg.a(libc_a-reallocr.o)
                0x0800a100                _realloc_r
 .text._wcsnrtombs_l
                0x0800a44c       0xec C:/Software/arm-gnu-toolchain/bin/../lib/gcc/arm-none-eabi/13.3.1/thumb/v7-m/nofp\libg.a(libc_a-wcsnrtombs.o)
                0x0800a44c                _wcsnrtombs_l
 .text._wcsnrtombs_r
                0x0800a538       0x24 C:/Software/arm-gnu-toolchain/bin/../lib/gcc/arm-none-eabi/13.3.1/thumb/v7-m/nofp\libg.a(libc_a-wcsnrtombs.o)
                0x0800a538                _wcsnrtombs_r
 .text.fiprintf
                0x0800a55c       0x28 C:/Software/arm-gnu-toolchain/bin/../lib/gcc/arm-none-eabi/13.3.1/thumb/v7-m/nofp\libg.a(libc_a-fiprintf.o)
                0x0800a55c                fiprintf
 .text._vfiprintf_r
                0x0800a584      0xeb8 C:/Software/arm-gnu-toolchain/bin/../lib/gcc/arm-none-eabi/13.3.1/thumb/v7-m/nofp\libg.a(libc_a-vfiprintf.o)
                0x0800a584                _vfiprintf_r
 .text.__sbprintf
                0x0800b43c       0x80 C:/Software/arm-gnu-toolchain/bin/../lib/gcc/arm-none-eabi/13.3.1/thumb/v7-m/nofp\libg.a(libc_a-vfiprintf.o)
 .text.__sprint_r
                0x0800b4bc       0x20 C:/Software/arm-gnu-toolchain/bin/../lib/gcc/arm-none-eabi/13.3.1/thumb/v7-m/nofp\libg.a(libc_a-sprint_r.o)
                0x0800b4bc                __sprint_r
 .text.__sfvwrite_r
                0x0800b4dc      0x2ec C:/Software/arm-gnu-toolchain/bin/../lib/gcc/arm-none-eabi/13.3.1/thumb/v7-m/nofp\libg.a(libc_a-fvwrite.o)
                0x0800b4dc                __sfvwrite_r
 .text.__swsetup_r
                0x0800b7c8       0xc4 C:/Software/arm-gnu-toolchain/bin/../lib/gcc/arm-none-eabi/13.3.1/thumb/v7-m/nofp\libg.a(libc_a-wsetup.o)
                0x0800b7c8                __swsetup_r
 .text.abort    0x0800b88c       0x10 C:/Software/arm-gnu-toolchain/bin/../lib/gcc/arm-none-eabi/13.3.1/thumb/v7-m/nofp\libg.a(libc_a-abort.o)
                0x0800b88c                abort
 .text.__smakebuf_r
                0x0800b89c       0xdc C:/Software/arm-gnu-toolchain/bin/../lib/gcc/arm-none-eabi/13.3.1/thumb/v7-m/nofp\libg.a(libc_a-makebuf.o)
                0x0800b89c                __smakebuf_r
 .text.raise    0x0800b978       0x58 C:/Software/arm-gnu-toolchain/bin/../lib/gcc/arm-none-eabi/13.3.1/thumb/v7-m/nofp\libg.a(libc_a-signal.o)
                0x0800b978                raise
 .text._fstat_r
                0x0800b9d0       0x28 C:/Software/arm-gnu-toolchain/bin/../lib/gcc/arm-none-eabi/13.3.1/thumb/v7-m/nofp\libg.a(libc_a-fstatr.o)
                0x0800b9d0                _fstat_r
 .text._isatty_r
                0x0800b9f8       0x24 C:/Software/arm-gnu-toolchain/bin/../lib/gcc/arm-none-eabi/13.3.1/thumb/v7-m/nofp\libg.a(libc_a-isattyr.o)
                0x0800b9f8                _isatty_r
 .text._kill_r  0x0800ba1c       0x28 C:/Software/arm-gnu-toolchain/bin/../lib/gcc/arm-none-eabi/13.3.1/thumb/v7-m/nofp\libg.a(libc_a-signalr.o)
                0x0800ba1c                _kill_r
 .text._getpid_r
                0x0800ba44        0x4 C:/Software/arm-gnu-toolchain/bin/../lib/gcc/arm-none-eabi/13.3.1/thumb/v7-m/nofp\libg.a(libc_a-signalr.o)
                0x0800ba44                _getpid_r
 .text.asin     0x0800ba48       0x50 C:/Software/arm-gnu-toolchain/bin/../lib/gcc/arm-none-eabi/13.3.1/thumb/v7-m/nofp\libm.a(libm_a-w_asin.o)
                0x0800ba48                asin
 .text.atan2    0x0800ba98        0x4 C:/Software/arm-gnu-toolchain/bin/../lib/gcc/arm-none-eabi/13.3.1/thumb/v7-m/nofp\libm.a(libm_a-w_atan2.o)
                0x0800ba98                atan2
 .text.fabs     0x0800ba9c        0x8 C:/Software/arm-gnu-toolchain/bin/../lib/gcc/arm-none-eabi/13.3.1/thumb/v7-m/nofp\libm.a(libm_a-s_fabs.o)
                0x0800ba9c                fabs
 .text.nan      0x0800baa4        0xc C:/Software/arm-gnu-toolchain/bin/../lib/gcc/arm-none-eabi/13.3.1/thumb/v7-m/nofp\libm.a(libm_a-s_nan.o)
                0x0800baa4                nan
 .text.__ieee754_asin
                0x0800bab0      0x44c C:/Software/arm-gnu-toolchain/bin/../lib/gcc/arm-none-eabi/13.3.1/thumb/v7-m/nofp\libm.a(libm_a-e_asin.o)
                0x0800bab0                __ieee754_asin
 *fill*         0x0800befc        0x4 
 .text.__ieee754_atan2
                0x0800bf00      0x194 C:/Software/arm-gnu-toolchain/bin/../lib/gcc/arm-none-eabi/13.3.1/thumb/v7-m/nofp\libm.a(libm_a-e_atan2.o)
                0x0800bf00                __ieee754_atan2
 *fill*         0x0800c094        0x4 
 .text.atan     0x0800c098      0x330 C:/Software/arm-gnu-toolchain/bin/../lib/gcc/arm-none-eabi/13.3.1/thumb/v7-m/nofp\libm.a(libm_a-s_atan.o)
                0x0800c098                atan
 .text.__ieee754_sqrt
                0x0800c3c8      0x1d8 C:/Software/arm-gnu-toolchain/bin/../lib/gcc/arm-none-eabi/13.3.1/thumb/v7-m/nofp\libm.a(libm_a-e_sqrt.o)
                0x0800c3c8                __ieee754_sqrt
 *(.glue_7)
 .glue_7        0x0800c5a0        0x0 linker stubs
 *(.glue_7t)
 .glue_7t       0x0800c5a0        0x0 linker stubs
 *(.eh_frame)
 .eh_frame      0x0800c5a0        0x0 C:/Software/arm-gnu-toolchain/bin/../lib/gcc/arm-none-eabi/13.3.1/thumb/v7-m/nofp/crtbegin.o
 *(.init)
 .init          0x0800c5a0        0x4 C:/Software/arm-gnu-toolchain/bin/../lib/gcc/arm-none-eabi/13.3.1/thumb/v7-m/nofp/crti.o
                0x0800c5a0                _init
 .init          0x0800c5a4        0x8 C:/Software/arm-gnu-toolchain/bin/../lib/gcc/arm-none-eabi/13.3.1/thumb/v7-m/nofp/crtn.o
 *(.fini)
 .fini          0x0800c5ac        0x4 C:/Software/arm-gnu-toolchain/bin/../lib/gcc/arm-none-eabi/13.3.1/thumb/v7-m/nofp/crti.o
                0x0800c5ac                _fini
 .fini          0x0800c5b0        0x8 C:/Software/arm-gnu-toolchain/bin/../lib/gcc/arm-none-eabi/13.3.1/thumb/v7-m/nofp/crtn.o
                0x0800c5b8                        . = ALIGN (0x4)
                0x0800c5b8                        _etext = .

.vfp11_veneer   0x0800c5b8        0x0
 .vfp11_veneer  0x0800c5b8        0x0 linker stubs

.v4_bx          0x0800c5b8        0x0
 .v4_bx         0x0800c5b8        0x0 linker stubs

.iplt           0x0800c5b8        0x0
 .iplt          0x0800c5b8        0x0 C:/Software/arm-gnu-toolchain/bin/../lib/gcc/arm-none-eabi/13.3.1/thumb/v7-m/nofp/crtbegin.o

.rodata         0x0800c5b8     0x1138
                0x0800c5b8                        . = ALIGN (0x4)
 *(.rodata)
 *(.rodata*)
 .rodata.main.str1.4
                0x0800c5b8      0x1fb CMakeFiles/car.elf.dir/Core/Src/main.c.obj
                                 0x19 (size before relaxing)
 *fill*         0x0800c7b3        0x1 
 .rodata.APBPrescTable
                0x0800c7b4        0x8 CMakeFiles/car.elf.dir/Core/Src/system_stm32f1xx.c.obj
                0x0800c7b4                APBPrescTable
 .rodata.AHBPrescTable
                0x0800c7bc       0x10 CMakeFiles/car.elf.dir/Core/Src/system_stm32f1xx.c.obj
                0x0800c7bc                AHBPrescTable
 .rodata.aPredivFactorTable.0
                0x0800c7cc        0x2 CMakeFiles/car.elf.dir/Drivers/STM32F1xx_HAL_Driver/Src/stm32f1xx_hal_rcc.c.obj
 *fill*         0x0800c7ce        0x2 
 .rodata.aPLLMULFactorTable.1
                0x0800c7d0       0x10 CMakeFiles/car.elf.dir/Drivers/STM32F1xx_HAL_Driver/Src/stm32f1xx_hal_rcc.c.obj
 .rodata.test   0x0800c7e0       0x28 CMakeFiles/car.elf.dir/Function/eMPL/inv_mpu.c.obj
                0x0800c7e0                test
 .rodata.hw     0x0800c808        0xc CMakeFiles/car.elf.dir/Function/eMPL/inv_mpu.c.obj
                0x0800c808                hw
 .rodata.reg    0x0800c814       0x1b CMakeFiles/car.elf.dir/Function/eMPL/inv_mpu.c.obj
                0x0800c814                reg
 .rodata.dmp_set_orientation.str1.4
                0x0800c82f       0x10 CMakeFiles/car.elf.dir/Function/eMPL/inv_mpu_dmp_motion_driver.c.obj
 .rodata.dmp_set_fifo_rate.str1.4
                0x0800c82f        0xd CMakeFiles/car.elf.dir/Function/eMPL/inv_mpu_dmp_motion_driver.c.obj
 .rodata.dmp_enable_gyro_cal.str1.4
                0x0800c82f       0x16 CMakeFiles/car.elf.dir/Function/eMPL/inv_mpu_dmp_motion_driver.c.obj
 *fill*         0x0800c82f        0x1 
 .rodata.dmp_memory
                0x0800c830      0xbf6 CMakeFiles/car.elf.dir/Function/eMPL/inv_mpu_dmp_motion_driver.c.obj
 .rodata._svfprintf_r.str1.4
                0x0800d426       0x42 C:/Software/arm-gnu-toolchain/bin/../lib/gcc/arm-none-eabi/13.3.1/thumb/v7-m/nofp\libg.a(libc_a-svfprintf.o)
 *fill*         0x0800d426        0x2 
 .rodata.zeroes.0
                0x0800d428       0x10 C:/Software/arm-gnu-toolchain/bin/../lib/gcc/arm-none-eabi/13.3.1/thumb/v7-m/nofp\libg.a(libc_a-svfprintf.o)
 .rodata.blanks.1
                0x0800d438       0x10 C:/Software/arm-gnu-toolchain/bin/../lib/gcc/arm-none-eabi/13.3.1/thumb/v7-m/nofp\libg.a(libc_a-svfprintf.o)
 .rodata.str1.4
                0x0800d448       0x4c C:/Software/arm-gnu-toolchain/bin/../lib/gcc/arm-none-eabi/13.3.1/thumb/v7-m/nofp\libg.a(libc_a-locale.o)
 .rodata._dtoa_r.str1.4
                0x0800d448       0x81 C:/Software/arm-gnu-toolchain/bin/../lib/gcc/arm-none-eabi/13.3.1/thumb/v7-m/nofp\libg.a(libc_a-dtoa.o)
 .rodata.__multadd.str1.4
                0x0800d448       0x6e C:/Software/arm-gnu-toolchain/bin/../lib/gcc/arm-none-eabi/13.3.1/thumb/v7-m/nofp\libg.a(libc_a-mprec.o)
 .rodata.p05.0  0x0800d448        0xc C:/Software/arm-gnu-toolchain/bin/../lib/gcc/arm-none-eabi/13.3.1/thumb/v7-m/nofp\libg.a(libc_a-mprec.o)
 *fill*         0x0800d454        0x4 
 .rodata.__mprec_bigtens
                0x0800d458       0x28 C:/Software/arm-gnu-toolchain/bin/../lib/gcc/arm-none-eabi/13.3.1/thumb/v7-m/nofp\libg.a(libc_a-mprec.o)
                0x0800d458                __mprec_bigtens
 .rodata.__mprec_tens
                0x0800d480       0xc8 C:/Software/arm-gnu-toolchain/bin/../lib/gcc/arm-none-eabi/13.3.1/thumb/v7-m/nofp\libg.a(libc_a-mprec.o)
                0x0800d480                __mprec_tens
 .rodata._ctype_
                0x0800d548      0x101 C:/Software/arm-gnu-toolchain/bin/../lib/gcc/arm-none-eabi/13.3.1/thumb/v7-m/nofp\libg.a(libc_a-ctype_.o)
                0x0800d548                _ctype_
 .rodata.__assert_func.str1.4
                0x0800d649       0x43 C:/Software/arm-gnu-toolchain/bin/../lib/gcc/arm-none-eabi/13.3.1/thumb/v7-m/nofp\libg.a(libc_a-assert.o)
 .rodata._vfiprintf_r.str1.4
                0x0800d649       0x2f C:/Software/arm-gnu-toolchain/bin/../lib/gcc/arm-none-eabi/13.3.1/thumb/v7-m/nofp\libg.a(libc_a-vfiprintf.o)
 *fill*         0x0800d649        0x3 
 .rodata.zeroes.0
                0x0800d64c       0x10 C:/Software/arm-gnu-toolchain/bin/../lib/gcc/arm-none-eabi/13.3.1/thumb/v7-m/nofp\libg.a(libc_a-vfiprintf.o)
 .rodata.blanks.1
                0x0800d65c       0x10 C:/Software/arm-gnu-toolchain/bin/../lib/gcc/arm-none-eabi/13.3.1/thumb/v7-m/nofp\libg.a(libc_a-vfiprintf.o)
 .rodata.asin.str1.4
                0x0800d66c        0x1 C:/Software/arm-gnu-toolchain/bin/../lib/gcc/arm-none-eabi/13.3.1/thumb/v7-m/nofp\libm.a(libm_a-w_asin.o)
 *fill*         0x0800d66c        0x4 
 .rodata.CSWTCH.9
                0x0800d670       0x18 C:/Software/arm-gnu-toolchain/bin/../lib/gcc/arm-none-eabi/13.3.1/thumb/v7-m/nofp\libm.a(libm_a-e_atan2.o)
 .rodata.CSWTCH.8
                0x0800d688       0x18 C:/Software/arm-gnu-toolchain/bin/../lib/gcc/arm-none-eabi/13.3.1/thumb/v7-m/nofp\libm.a(libm_a-e_atan2.o)
 .rodata.atanlo
                0x0800d6a0       0x20 C:/Software/arm-gnu-toolchain/bin/../lib/gcc/arm-none-eabi/13.3.1/thumb/v7-m/nofp\libm.a(libm_a-s_atan.o)
 .rodata.atanhi
                0x0800d6c0       0x20 C:/Software/arm-gnu-toolchain/bin/../lib/gcc/arm-none-eabi/13.3.1/thumb/v7-m/nofp\libm.a(libm_a-s_atan.o)
 .rodata.tiny   0x0800d6e0        0x8 C:/Software/arm-gnu-toolchain/bin/../lib/gcc/arm-none-eabi/13.3.1/thumb/v7-m/nofp\libm.a(libm_a-e_sqrt.o)
 .rodata.one    0x0800d6e8        0x8 C:/Software/arm-gnu-toolchain/bin/../lib/gcc/arm-none-eabi/13.3.1/thumb/v7-m/nofp\libm.a(libm_a-e_sqrt.o)
                0x0800d6f0                        . = ALIGN (0x4)

.ARM.extab      0x0800d6f0        0x0
                0x0800d6f0                        . = ALIGN (0x4)
 *(.ARM.extab* .gnu.linkonce.armextab.*)
                0x0800d6f0                        . = ALIGN (0x4)

.ARM            0x0800d6f0        0x8
                0x0800d6f0                        . = ALIGN (0x4)
                0x0800d6f0                        __exidx_start = .
 *(.ARM.exidx*)
 .ARM.exidx     0x0800d6f0        0x8 C:/Software/arm-gnu-toolchain/bin/../lib/gcc/arm-none-eabi/13.3.1/thumb/v7-m/nofp\libg.a(libc_a-memcpy.o)
 .ARM.exidx.text.__udivmoddi4
                0x0800d6f8        0x0 C:/Software/arm-gnu-toolchain/bin/../lib/gcc/arm-none-eabi/13.3.1/thumb/v7-m/nofp\libgcc.a(_udivmoddi4.o)
                                  0x8 (size before relaxing)
                0x0800d6f8                        __exidx_end = .
                0x0800d6f8                        . = ALIGN (0x4)

.preinit_array  0x0800d6f8        0x0
                0x0800d6f8                        . = ALIGN (0x4)
                0x0800d6f8                        PROVIDE (__preinit_array_start = .)
 *(.preinit_array*)
                0x0800d6f8                        PROVIDE (__preinit_array_end = .)
                0x0800d6f8                        . = ALIGN (0x4)

.init_array     0x0800d6f8        0x8
                0x0800d6f8                        . = ALIGN (0x4)
                0x0800d6f8                        PROVIDE (__init_array_start = .)
 *(SORT_BY_NAME(.init_array.*))
 .init_array.00000
                0x0800d6f8        0x4 C:/Software/arm-gnu-toolchain/bin/../lib/gcc/arm-none-eabi/13.3.1/thumb/v7-m/nofp\libg.a(libc_a-__call_atexit.o)
 *(.init_array*)
 .init_array    0x0800d6fc        0x4 C:/Software/arm-gnu-toolchain/bin/../lib/gcc/arm-none-eabi/13.3.1/thumb/v7-m/nofp/crtbegin.o
                0x0800d700                        PROVIDE (__init_array_end = .)
                0x0800d700                        . = ALIGN (0x4)

.fini_array     0x0800d700        0x4
                0x0800d700                        . = ALIGN (0x4)
                0x0800d700                        PROVIDE (__fini_array_start = .)
 *(SORT_BY_NAME(.fini_array.*))
 *(.fini_array*)
 .fini_array    0x0800d700        0x4 C:/Software/arm-gnu-toolchain/bin/../lib/gcc/arm-none-eabi/13.3.1/thumb/v7-m/nofp/crtbegin.o
                0x0800d704                        PROVIDE (__fini_array_end = .)
                0x0800d704                        . = ALIGN (0x4)
                0x0800d704                        _sidata = LOADADDR (.data)

.rel.dyn        0x0800d704        0x0
 .rel.iplt      0x0800d704        0x0 C:/Software/arm-gnu-toolchain/bin/../lib/gcc/arm-none-eabi/13.3.1/thumb/v7-m/nofp/crtbegin.o

.data           0x20000000      0x71c load address 0x0800d704
                0x20000000                        . = ALIGN (0x4)
                0x20000000                        _sdata = .
 *(.data)
 *(.data*)
 .data.SystemCoreClock
                0x20000000        0x4 CMakeFiles/car.elf.dir/Core/Src/system_stm32f1xx.c.obj
                0x20000000                SystemCoreClock
 .data.uwTickFreq
                0x20000004        0x1 CMakeFiles/car.elf.dir/Drivers/STM32F1xx_HAL_Driver/Src/stm32f1xx_hal.c.obj
                0x20000004                uwTickFreq
 *fill*         0x20000005        0x3 
 .data.uwTickPrio
                0x20000008        0x4 CMakeFiles/car.elf.dir/Drivers/STM32F1xx_HAL_Driver/Src/stm32f1xx_hal.c.obj
                0x20000008                uwTickPrio
 .data.gyro_orientation
                0x2000000c        0x9 CMakeFiles/car.elf.dir/Function/eMPL/inv_mpu.c.obj
 *fill*         0x20000015        0x3 
 .data.st       0x20000018       0x2c CMakeFiles/car.elf.dir/Function/eMPL/inv_mpu.c.obj
 .data.__sglue  0x20000044        0xc C:/Software/arm-gnu-toolchain/bin/../lib/gcc/arm-none-eabi/13.3.1/thumb/v7-m/nofp\libg.a(libc_a-findfp.o)
                0x20000044                __sglue
 .data._impure_ptr
                0x20000050        0x4 C:/Software/arm-gnu-toolchain/bin/../lib/gcc/arm-none-eabi/13.3.1/thumb/v7-m/nofp\libg.a(libc_a-impure.o)
                0x20000050                _impure_ptr
 *fill*         0x20000054        0x4 
 .data._impure_data
                0x20000058      0x140 C:/Software/arm-gnu-toolchain/bin/../lib/gcc/arm-none-eabi/13.3.1/thumb/v7-m/nofp\libg.a(libc_a-impure.o)
                0x20000058                _impure_data
 .data.__atexit_recursive_mutex
                0x20000198        0x4 C:/Software/arm-gnu-toolchain/bin/../lib/gcc/arm-none-eabi/13.3.1/thumb/v7-m/nofp\libg.a(libc_a-__call_atexit.o)
                0x20000198                __atexit_recursive_mutex
 .data.__malloc_sbrk_base
                0x2000019c        0x4 C:/Software/arm-gnu-toolchain/bin/../lib/gcc/arm-none-eabi/13.3.1/thumb/v7-m/nofp\libg.a(libc_a-mallocr.o)
                0x2000019c                __malloc_sbrk_base
 .data.__malloc_trim_threshold
                0x200001a0        0x4 C:/Software/arm-gnu-toolchain/bin/../lib/gcc/arm-none-eabi/13.3.1/thumb/v7-m/nofp\libg.a(libc_a-mallocr.o)
                0x200001a0                __malloc_trim_threshold
 *fill*         0x200001a4        0x4 
 .data.__malloc_av_
                0x200001a8      0x408 C:/Software/arm-gnu-toolchain/bin/../lib/gcc/arm-none-eabi/13.3.1/thumb/v7-m/nofp\libg.a(libc_a-mallocr.o)
                0x200001a8                __malloc_av_
 .data.__global_locale
                0x200005b0      0x16c C:/Software/arm-gnu-toolchain/bin/../lib/gcc/arm-none-eabi/13.3.1/thumb/v7-m/nofp\libg.a(libc_a-locale.o)
                0x200005b0                __global_locale
 *(.RamFunc)
 *(.RamFunc*)
                0x2000071c                        . = ALIGN (0x4)
                0x2000071c                        _edata = .

.tm_clone_table
                0x2000071c        0x0 load address 0x0800de20
 .tm_clone_table
                0x2000071c        0x0 C:/Software/arm-gnu-toolchain/bin/../lib/gcc/arm-none-eabi/13.3.1/thumb/v7-m/nofp/crtbegin.o
 .tm_clone_table
                0x2000071c        0x0 C:/Software/arm-gnu-toolchain/bin/../lib/gcc/arm-none-eabi/13.3.1/thumb/v7-m/nofp/crtend.o

.igot.plt       0x2000071c        0x0 load address 0x0800de20
 .igot.plt      0x2000071c        0x0 C:/Software/arm-gnu-toolchain/bin/../lib/gcc/arm-none-eabi/13.3.1/thumb/v7-m/nofp/crtbegin.o
                0x2000071c                        . = ALIGN (0x4)

.bss            0x2000071c      0x470 load address 0x0800de20
                0x2000071c                        _sbss = .
                0x2000071c                        __bss_start__ = _sbss
 *(.bss)
 *(.bss*)
 .bss.completed.1
                0x2000071c        0x1 C:/Software/arm-gnu-toolchain/bin/../lib/gcc/arm-none-eabi/13.3.1/thumb/v7-m/nofp/crtbegin.o
 *fill*         0x2000071d        0x3 
 .bss.object.0  0x20000720       0x18 C:/Software/arm-gnu-toolchain/bin/../lib/gcc/arm-none-eabi/13.3.1/thumb/v7-m/nofp/crtbegin.o
 .bss.hi2c2     0x20000738       0x54 CMakeFiles/car.elf.dir/Core/Src/i2c.c.obj
                0x20000738                hi2c2
 .bss.yaw       0x2000078c        0x4 CMakeFiles/car.elf.dir/Core/Src/main.c.obj
                0x2000078c                yaw
 .bss.roll      0x20000790        0x4 CMakeFiles/car.elf.dir/Core/Src/main.c.obj
                0x20000790                roll
 .bss.pitch     0x20000794        0x4 CMakeFiles/car.elf.dir/Core/Src/main.c.obj
                0x20000794                pitch
 .bss.__sbrk_heap_end
                0x20000798        0x4 CMakeFiles/car.elf.dir/Core/Src/sysmem.c.obj
 .bss.huart1    0x2000079c       0x48 CMakeFiles/car.elf.dir/Core/Src/usart.c.obj
                0x2000079c                huart1
 .bss.uwTick    0x200007e4        0x4 CMakeFiles/car.elf.dir/Drivers/STM32F1xx_HAL_Driver/Src/stm32f1xx_hal.c.obj
                0x200007e4                uwTick
 .bss.formatBuf
                0x200007e8       0x80 CMakeFiles/car.elf.dir/Function/FS_Debug.c.obj
                0x200007e8                formatBuf
 .bss.dmp       0x20000868       0x10 CMakeFiles/car.elf.dir/Function/eMPL/inv_mpu_dmp_motion_driver.c.obj
 .bss.__sf      0x20000878      0x138 C:/Software/arm-gnu-toolchain/bin/../lib/gcc/arm-none-eabi/13.3.1/thumb/v7-m/nofp\libg.a(libc_a-findfp.o)
                0x20000878                __sf
 .bss.__stdio_exit_handler
                0x200009b0        0x4 C:/Software/arm-gnu-toolchain/bin/../lib/gcc/arm-none-eabi/13.3.1/thumb/v7-m/nofp\libg.a(libc_a-findfp.o)
                0x200009b0                __stdio_exit_handler
 .bss.errno     0x200009b4        0x4 C:/Software/arm-gnu-toolchain/bin/../lib/gcc/arm-none-eabi/13.3.1/thumb/v7-m/nofp\libg.a(libc_a-reent.o)
                0x200009b4                errno
 .bss.__lock___malloc_recursive_mutex
                0x200009b8        0x1 C:/Software/arm-gnu-toolchain/bin/../lib/gcc/arm-none-eabi/13.3.1/thumb/v7-m/nofp\libg.a(libc_a-lock.o)
                0x200009b8                __lock___malloc_recursive_mutex
 *fill*         0x200009b9        0x3 
 .bss.__lock___atexit_recursive_mutex
                0x200009bc        0x1 C:/Software/arm-gnu-toolchain/bin/../lib/gcc/arm-none-eabi/13.3.1/thumb/v7-m/nofp\libg.a(libc_a-lock.o)
                0x200009bc                __lock___atexit_recursive_mutex
 *fill*         0x200009bd        0x3 
 .bss.__lock___sfp_recursive_mutex
                0x200009c0        0x1 C:/Software/arm-gnu-toolchain/bin/../lib/gcc/arm-none-eabi/13.3.1/thumb/v7-m/nofp\libg.a(libc_a-lock.o)
                0x200009c0                __lock___sfp_recursive_mutex
 *fill*         0x200009c1        0x3 
 .bss.__atexit  0x200009c4        0x4 C:/Software/arm-gnu-toolchain/bin/../lib/gcc/arm-none-eabi/13.3.1/thumb/v7-m/nofp\libg.a(libc_a-__call_atexit.o)
                0x200009c4                __atexit
 .bss.__malloc_current_mallinfo
                0x200009c8       0x28 C:/Software/arm-gnu-toolchain/bin/../lib/gcc/arm-none-eabi/13.3.1/thumb/v7-m/nofp\libg.a(libc_a-mallocr.o)
                0x200009c8                __malloc_current_mallinfo
 .bss.__malloc_max_total_mem
                0x200009f0        0x4 C:/Software/arm-gnu-toolchain/bin/../lib/gcc/arm-none-eabi/13.3.1/thumb/v7-m/nofp\libg.a(libc_a-mallocr.o)
                0x200009f0                __malloc_max_total_mem
 .bss.__malloc_max_sbrked_mem
                0x200009f4        0x4 C:/Software/arm-gnu-toolchain/bin/../lib/gcc/arm-none-eabi/13.3.1/thumb/v7-m/nofp\libg.a(libc_a-mallocr.o)
                0x200009f4                __malloc_max_sbrked_mem
 .bss.__malloc_top_pad
                0x200009f8        0x4 C:/Software/arm-gnu-toolchain/bin/../lib/gcc/arm-none-eabi/13.3.1/thumb/v7-m/nofp\libg.a(libc_a-mallocr.o)
                0x200009f8                __malloc_top_pad
 .bss.__atexit0
                0x200009fc      0x190 C:/Software/arm-gnu-toolchain/bin/../lib/gcc/arm-none-eabi/13.3.1/thumb/v7-m/nofp\libg.a(libc_a-__atexit.o)
                0x200009fc                __atexit0
 *(COMMON)
                0x20000b8c                        . = ALIGN (0x4)
                0x20000b8c                        _ebss = .
                0x20000b8c                        __bss_end__ = _ebss

._user_heap_stack
                0x20000b8c      0x604 load address 0x0800de20
                0x20000b90                        . = ALIGN (0x8)
 *fill*         0x20000b8c        0x4 
                [!provide]                        PROVIDE (end = .)
                0x20000b90                        PROVIDE (_end = .)
                0x20000d90                        . = (. + _Min_Heap_Size)
 *fill*         0x20000b90      0x200 
                0x20001190                        . = (. + _Min_Stack_Size)
 *fill*         0x20000d90      0x400 
                0x20001190                        . = ALIGN (0x8)

/DISCARD/
 libc.a(*)
 libm.a(*)
 libgcc.a(*)

.ARM.attributes
                0x00000000       0x29
 *(.ARM.attributes)
 .ARM.attributes
                0x00000000       0x1d C:/Software/arm-gnu-toolchain/bin/../lib/gcc/arm-none-eabi/13.3.1/thumb/v7-m/nofp/crti.o
 .ARM.attributes
                0x0000001d       0x2d C:/Software/arm-gnu-toolchain/bin/../lib/gcc/arm-none-eabi/13.3.1/thumb/v7-m/nofp/crtbegin.o
 .ARM.attributes
                0x0000004a       0x2d CMakeFiles/car.elf.dir/Core/Src/gpio.c.obj
 .ARM.attributes
                0x00000077       0x2d CMakeFiles/car.elf.dir/Core/Src/i2c.c.obj
 .ARM.attributes
                0x000000a4       0x2d CMakeFiles/car.elf.dir/Core/Src/main.c.obj
 .ARM.attributes
                0x000000d1       0x2d CMakeFiles/car.elf.dir/Core/Src/stm32f1xx_hal_msp.c.obj
 .ARM.attributes
                0x000000fe       0x2d CMakeFiles/car.elf.dir/Core/Src/stm32f1xx_it.c.obj
 .ARM.attributes
                0x0000012b       0x2d CMakeFiles/car.elf.dir/Core/Src/syscalls.c.obj
 .ARM.attributes
                0x00000158       0x2d CMakeFiles/car.elf.dir/Core/Src/sysmem.c.obj
 .ARM.attributes
                0x00000185       0x2d CMakeFiles/car.elf.dir/Core/Src/system_stm32f1xx.c.obj
 .ARM.attributes
                0x000001b2       0x2d CMakeFiles/car.elf.dir/Core/Src/usart.c.obj
 .ARM.attributes
                0x000001df       0x21 CMakeFiles/car.elf.dir/Core/Startup/startup_stm32f103rctx.s.obj
 .ARM.attributes
                0x00000200       0x2d CMakeFiles/car.elf.dir/Drivers/STM32F1xx_HAL_Driver/Src/stm32f1xx_hal.c.obj
 .ARM.attributes
                0x0000022d       0x2d CMakeFiles/car.elf.dir/Drivers/STM32F1xx_HAL_Driver/Src/stm32f1xx_hal_cortex.c.obj
 .ARM.attributes
                0x0000025a       0x2d CMakeFiles/car.elf.dir/Drivers/STM32F1xx_HAL_Driver/Src/stm32f1xx_hal_gpio.c.obj
 .ARM.attributes
                0x00000287       0x2d CMakeFiles/car.elf.dir/Drivers/STM32F1xx_HAL_Driver/Src/stm32f1xx_hal_i2c.c.obj
 .ARM.attributes
                0x000002b4       0x2d CMakeFiles/car.elf.dir/Drivers/STM32F1xx_HAL_Driver/Src/stm32f1xx_hal_rcc.c.obj
 .ARM.attributes
                0x000002e1       0x2d CMakeFiles/car.elf.dir/Drivers/STM32F1xx_HAL_Driver/Src/stm32f1xx_hal_uart.c.obj
 .ARM.attributes
                0x0000030e       0x2d CMakeFiles/car.elf.dir/Function/FS_Debug.c.obj
 .ARM.attributes
                0x0000033b       0x2d CMakeFiles/car.elf.dir/Function/eMPL/inv_mpu.c.obj
 .ARM.attributes
                0x00000368       0x2d CMakeFiles/car.elf.dir/Function/eMPL/inv_mpu_dmp_motion_driver.c.obj
 .ARM.attributes
                0x00000395       0x2d CMakeFiles/car.elf.dir/Function/mpu6050.c.obj
 .ARM.attributes
                0x000003c2       0x1d C:/Software/arm-gnu-toolchain/bin/../lib/gcc/arm-none-eabi/13.3.1/thumb/v7-m/nofp\libgcc.a(_arm_addsubdf3.o)
 .ARM.attributes
                0x000003df       0x1d C:/Software/arm-gnu-toolchain/bin/../lib/gcc/arm-none-eabi/13.3.1/thumb/v7-m/nofp\libgcc.a(_arm_muldivdf3.o)
 .ARM.attributes
                0x000003fc       0x1d C:/Software/arm-gnu-toolchain/bin/../lib/gcc/arm-none-eabi/13.3.1/thumb/v7-m/nofp\libgcc.a(_arm_truncdfsf2.o)
 .ARM.attributes
                0x00000419       0x1d C:/Software/arm-gnu-toolchain/bin/../lib/gcc/arm-none-eabi/13.3.1/thumb/v7-m/nofp\libgcc.a(_arm_addsubsf3.o)
 .ARM.attributes
                0x00000436       0x1d C:/Software/arm-gnu-toolchain/bin/../lib/gcc/arm-none-eabi/13.3.1/thumb/v7-m/nofp\libgcc.a(_arm_muldivsf3.o)
 .ARM.attributes
                0x00000453       0x1d C:/Software/arm-gnu-toolchain/bin/../lib/gcc/arm-none-eabi/13.3.1/thumb/v7-m/nofp\libgcc.a(_arm_cmpsf2.o)
 .ARM.attributes
                0x00000470       0x1d C:/Software/arm-gnu-toolchain/bin/../lib/gcc/arm-none-eabi/13.3.1/thumb/v7-m/nofp\libgcc.a(_arm_fixsfsi.o)
 .ARM.attributes
                0x0000048d       0x1d C:/Software/arm-gnu-toolchain/bin/../lib/gcc/arm-none-eabi/13.3.1/thumb/v7-m/nofp\libgcc.a(_arm_fixunssfsi.o)
 .ARM.attributes
                0x000004aa       0x1d C:/Software/arm-gnu-toolchain/bin/../lib/gcc/arm-none-eabi/13.3.1/thumb/v7-m/nofp\libgcc.a(_aeabi_ldivmod.o)
 .ARM.attributes
                0x000004c7       0x2d C:/Software/arm-gnu-toolchain/bin/../lib/gcc/arm-none-eabi/13.3.1/thumb/v7-m/nofp\libgcc.a(_udivmoddi4.o)
 .ARM.attributes
                0x000004f4       0x1d C:/Software/arm-gnu-toolchain/bin/../lib/gcc/arm-none-eabi/13.3.1/thumb/v7-m/nofp\libgcc.a(_dvmd_tls.o)
 .ARM.attributes
                0x00000511       0x2d C:/Software/arm-gnu-toolchain/bin/../lib/gcc/arm-none-eabi/13.3.1/thumb/v7-m/nofp\libg.a(libc_a-findfp.o)
 .ARM.attributes
                0x0000053e       0x2d C:/Software/arm-gnu-toolchain/bin/../lib/gcc/arm-none-eabi/13.3.1/thumb/v7-m/nofp\libg.a(libc_a-fwalk.o)
 .ARM.attributes
                0x0000056b       0x2d C:/Software/arm-gnu-toolchain/bin/../lib/gcc/arm-none-eabi/13.3.1/thumb/v7-m/nofp\libg.a(libc_a-stdio.o)
 .ARM.attributes
                0x00000598       0x2d C:/Software/arm-gnu-toolchain/bin/../lib/gcc/arm-none-eabi/13.3.1/thumb/v7-m/nofp\libg.a(libc_a-vsprintf.o)
 .ARM.attributes
                0x000005c5       0x2d C:/Software/arm-gnu-toolchain/bin/../lib/gcc/arm-none-eabi/13.3.1/thumb/v7-m/nofp\libg.a(libc_a-memcmp.o)
 .ARM.attributes
                0x000005f2       0x2d C:/Software/arm-gnu-toolchain/bin/../lib/gcc/arm-none-eabi/13.3.1/thumb/v7-m/nofp\libg.a(libc_a-memset.o)
 .ARM.attributes
                0x0000061f       0x2d C:/Software/arm-gnu-toolchain/bin/../lib/gcc/arm-none-eabi/13.3.1/thumb/v7-m/nofp\libg.a(libc_a-closer.o)
 .ARM.attributes
                0x0000064c       0x2d C:/Software/arm-gnu-toolchain/bin/../lib/gcc/arm-none-eabi/13.3.1/thumb/v7-m/nofp\libg.a(libc_a-reent.o)
 .ARM.attributes
                0x00000679       0x2d C:/Software/arm-gnu-toolchain/bin/../lib/gcc/arm-none-eabi/13.3.1/thumb/v7-m/nofp\libg.a(libc_a-impure.o)
 .ARM.attributes
                0x000006a6       0x2d C:/Software/arm-gnu-toolchain/bin/../lib/gcc/arm-none-eabi/13.3.1/thumb/v7-m/nofp\libg.a(libc_a-lseekr.o)
 .ARM.attributes
                0x000006d3       0x2d C:/Software/arm-gnu-toolchain/bin/../lib/gcc/arm-none-eabi/13.3.1/thumb/v7-m/nofp\libg.a(libc_a-readr.o)
 .ARM.attributes
                0x00000700       0x2d C:/Software/arm-gnu-toolchain/bin/../lib/gcc/arm-none-eabi/13.3.1/thumb/v7-m/nofp\libg.a(libc_a-writer.o)
 .ARM.attributes
                0x0000072d       0x2d C:/Software/arm-gnu-toolchain/bin/../lib/gcc/arm-none-eabi/13.3.1/thumb/v7-m/nofp\libg.a(libc_a-errno.o)
 .ARM.attributes
                0x0000075a       0x2d C:/Software/arm-gnu-toolchain/bin/../lib/gcc/arm-none-eabi/13.3.1/thumb/v7-m/nofp\libg.a(libc_a-init.o)
 .ARM.attributes
                0x00000787       0x2d C:/Software/arm-gnu-toolchain/bin/../lib/gcc/arm-none-eabi/13.3.1/thumb/v7-m/nofp\libg.a(libc_a-lock.o)
 .ARM.attributes
                0x000007b4       0x2d C:/Software/arm-gnu-toolchain/bin/../lib/gcc/arm-none-eabi/13.3.1/thumb/v7-m/nofp\libg.a(libc_a-strlen-stub.o)
 .ARM.attributes
                0x000007e1       0x2d C:/Software/arm-gnu-toolchain/bin/../lib/gcc/arm-none-eabi/13.3.1/thumb/v7-m/nofp\libg.a(libc_a-__call_atexit.o)
 .ARM.attributes
                0x0000080e       0x2d C:/Software/arm-gnu-toolchain/bin/../lib/gcc/arm-none-eabi/13.3.1/thumb/v7-m/nofp\libg.a(libc_a-atexit.o)
 .ARM.attributes
                0x0000083b       0x2d C:/Software/arm-gnu-toolchain/bin/../lib/gcc/arm-none-eabi/13.3.1/thumb/v7-m/nofp\libg.a(libc_a-freer.o)
 .ARM.attributes
                0x00000868       0x2d C:/Software/arm-gnu-toolchain/bin/../lib/gcc/arm-none-eabi/13.3.1/thumb/v7-m/nofp\libg.a(libc_a-mallocr.o)
 .ARM.attributes
                0x00000895       0x2d C:/Software/arm-gnu-toolchain/bin/../lib/gcc/arm-none-eabi/13.3.1/thumb/v7-m/nofp\libg.a(libc_a-mlock.o)
 .ARM.attributes
                0x000008c2       0x2d C:/Software/arm-gnu-toolchain/bin/../lib/gcc/arm-none-eabi/13.3.1/thumb/v7-m/nofp\libg.a(libc_a-svfprintf.o)
 .ARM.attributes
                0x000008ef       0x2d C:/Software/arm-gnu-toolchain/bin/../lib/gcc/arm-none-eabi/13.3.1/thumb/v7-m/nofp\libg.a(libc_a-ssprint_r.o)
 .ARM.attributes
                0x0000091c       0x2d C:/Software/arm-gnu-toolchain/bin/../lib/gcc/arm-none-eabi/13.3.1/thumb/v7-m/nofp\libg.a(libc_a-fclose.o)
 .ARM.attributes
                0x00000949       0x2d C:/Software/arm-gnu-toolchain/bin/../lib/gcc/arm-none-eabi/13.3.1/thumb/v7-m/nofp\libg.a(libc_a-fflush.o)
 .ARM.attributes
                0x00000976       0x2d C:/Software/arm-gnu-toolchain/bin/../lib/gcc/arm-none-eabi/13.3.1/thumb/v7-m/nofp\libg.a(libc_a-strncpy.o)
 .ARM.attributes
                0x000009a3       0x2d C:/Software/arm-gnu-toolchain/bin/../lib/gcc/arm-none-eabi/13.3.1/thumb/v7-m/nofp\libg.a(libc_a-locale.o)
 .ARM.attributes
                0x000009d0       0x2d C:/Software/arm-gnu-toolchain/bin/../lib/gcc/arm-none-eabi/13.3.1/thumb/v7-m/nofp\libg.a(libc_a-localeconv.o)
 .ARM.attributes
                0x000009fd       0x2d C:/Software/arm-gnu-toolchain/bin/../lib/gcc/arm-none-eabi/13.3.1/thumb/v7-m/nofp\libg.a(libc_a-sbrkr.o)
 .ARM.attributes
                0x00000a2a       0x2d C:/Software/arm-gnu-toolchain/bin/../lib/gcc/arm-none-eabi/13.3.1/thumb/v7-m/nofp\libg.a(libc_a-fini.o)
 .ARM.attributes
                0x00000a57       0x2d C:/Software/arm-gnu-toolchain/bin/../lib/gcc/arm-none-eabi/13.3.1/thumb/v7-m/nofp\libg.a(libc_a-sysconf.o)
 .ARM.attributes
                0x00000a84       0x2d C:/Software/arm-gnu-toolchain/bin/../lib/gcc/arm-none-eabi/13.3.1/thumb/v7-m/nofp\libg.a(libc_a-memchr-stub.o)
 .ARM.attributes
                0x00000ab1       0x2d C:/Software/arm-gnu-toolchain/bin/../lib/gcc/arm-none-eabi/13.3.1/thumb/v7-m/nofp\libg.a(libm_a-s_frexp.o)
 .ARM.attributes
                0x00000ade       0x2d C:/Software/arm-gnu-toolchain/bin/../lib/gcc/arm-none-eabi/13.3.1/thumb/v7-m/nofp\libg.a(libc_a-__atexit.o)
 .ARM.attributes
                0x00000b0b       0x2d C:/Software/arm-gnu-toolchain/bin/../lib/gcc/arm-none-eabi/13.3.1/thumb/v7-m/nofp\libg.a(libc_a-dtoa.o)
 .ARM.attributes
                0x00000b38       0x2d C:/Software/arm-gnu-toolchain/bin/../lib/gcc/arm-none-eabi/13.3.1/thumb/v7-m/nofp\libg.a(libc_a-mbtowc_r.o)
 .ARM.attributes
                0x00000b65       0x2d C:/Software/arm-gnu-toolchain/bin/../lib/gcc/arm-none-eabi/13.3.1/thumb/v7-m/nofp\libg.a(libc_a-mprec.o)
 .ARM.attributes
                0x00000b92       0x2d C:/Software/arm-gnu-toolchain/bin/../lib/gcc/arm-none-eabi/13.3.1/thumb/v7-m/nofp\libg.a(libc_a-wctomb_r.o)
 .ARM.attributes
                0x00000bbf       0x2d C:/Software/arm-gnu-toolchain/bin/../lib/gcc/arm-none-eabi/13.3.1/thumb/v7-m/nofp\libg.a(libc_a-wcrtomb.o)
 .ARM.attributes
                0x00000bec       0x2d C:/Software/arm-gnu-toolchain/bin/../lib/gcc/arm-none-eabi/13.3.1/thumb/v7-m/nofp\libg.a(libc_a-wcsrtombs.o)
 .ARM.attributes
                0x00000c19       0x2d C:/Software/arm-gnu-toolchain/bin/../lib/gcc/arm-none-eabi/13.3.1/thumb/v7-m/nofp\libg.a(libc_a-ctype_.o)
 .ARM.attributes
                0x00000c46       0x2d C:/Software/arm-gnu-toolchain/bin/../lib/gcc/arm-none-eabi/13.3.1/thumb/v7-m/nofp\libg.a(libc_a-ssputs_r.o)
 .ARM.attributes
                0x00000c73       0x2d C:/Software/arm-gnu-toolchain/bin/../lib/gcc/arm-none-eabi/13.3.1/thumb/v7-m/nofp\libg.a(libc_a-memmove.o)
 .ARM.attributes
                0x00000ca0       0x1b C:/Software/arm-gnu-toolchain/bin/../lib/gcc/arm-none-eabi/13.3.1/thumb/v7-m/nofp\libg.a(libc_a-memcpy.o)
 .ARM.attributes
                0x00000cbb       0x2d C:/Software/arm-gnu-toolchain/bin/../lib/gcc/arm-none-eabi/13.3.1/thumb/v7-m/nofp\libg.a(libc_a-assert.o)
 .ARM.attributes
                0x00000ce8       0x2d C:/Software/arm-gnu-toolchain/bin/../lib/gcc/arm-none-eabi/13.3.1/thumb/v7-m/nofp\libg.a(libc_a-callocr.o)
 .ARM.attributes
                0x00000d15       0x2d C:/Software/arm-gnu-toolchain/bin/../lib/gcc/arm-none-eabi/13.3.1/thumb/v7-m/nofp\libg.a(libc_a-reallocr.o)
 .ARM.attributes
                0x00000d42       0x2d C:/Software/arm-gnu-toolchain/bin/../lib/gcc/arm-none-eabi/13.3.1/thumb/v7-m/nofp\libg.a(libc_a-wcsnrtombs.o)
 .ARM.attributes
                0x00000d6f       0x2d C:/Software/arm-gnu-toolchain/bin/../lib/gcc/arm-none-eabi/13.3.1/thumb/v7-m/nofp\libg.a(libc_a-fiprintf.o)
 .ARM.attributes
                0x00000d9c       0x2d C:/Software/arm-gnu-toolchain/bin/../lib/gcc/arm-none-eabi/13.3.1/thumb/v7-m/nofp\libg.a(libc_a-vfiprintf.o)
 .ARM.attributes
                0x00000dc9       0x2d C:/Software/arm-gnu-toolchain/bin/../lib/gcc/arm-none-eabi/13.3.1/thumb/v7-m/nofp\libg.a(libc_a-sprint_r.o)
 .ARM.attributes
                0x00000df6       0x2d C:/Software/arm-gnu-toolchain/bin/../lib/gcc/arm-none-eabi/13.3.1/thumb/v7-m/nofp\libg.a(libc_a-fvwrite.o)
 .ARM.attributes
                0x00000e23       0x2d C:/Software/arm-gnu-toolchain/bin/../lib/gcc/arm-none-eabi/13.3.1/thumb/v7-m/nofp\libg.a(libc_a-wsetup.o)
 .ARM.attributes
                0x00000e50       0x2d C:/Software/arm-gnu-toolchain/bin/../lib/gcc/arm-none-eabi/13.3.1/thumb/v7-m/nofp\libg.a(libc_a-abort.o)
 .ARM.attributes
                0x00000e7d       0x2d C:/Software/arm-gnu-toolchain/bin/../lib/gcc/arm-none-eabi/13.3.1/thumb/v7-m/nofp\libg.a(libc_a-makebuf.o)
 .ARM.attributes
                0x00000eaa       0x2d C:/Software/arm-gnu-toolchain/bin/../lib/gcc/arm-none-eabi/13.3.1/thumb/v7-m/nofp\libg.a(libc_a-signal.o)
 .ARM.attributes
                0x00000ed7       0x2d C:/Software/arm-gnu-toolchain/bin/../lib/gcc/arm-none-eabi/13.3.1/thumb/v7-m/nofp\libg.a(libc_a-fstatr.o)
 .ARM.attributes
                0x00000f04       0x2d C:/Software/arm-gnu-toolchain/bin/../lib/gcc/arm-none-eabi/13.3.1/thumb/v7-m/nofp\libg.a(libc_a-isattyr.o)
 .ARM.attributes
                0x00000f31       0x2d C:/Software/arm-gnu-toolchain/bin/../lib/gcc/arm-none-eabi/13.3.1/thumb/v7-m/nofp\libg.a(libc_a-signalr.o)
 .ARM.attributes
                0x00000f5e       0x1d C:/Software/arm-gnu-toolchain/bin/../lib/gcc/arm-none-eabi/13.3.1/thumb/v7-m/nofp\libgcc.a(_arm_cmpdf2.o)
 .ARM.attributes
                0x00000f7b       0x1d C:/Software/arm-gnu-toolchain/bin/../lib/gcc/arm-none-eabi/13.3.1/thumb/v7-m/nofp\libgcc.a(_arm_unorddf2.o)
 .ARM.attributes
                0x00000f98       0x1d C:/Software/arm-gnu-toolchain/bin/../lib/gcc/arm-none-eabi/13.3.1/thumb/v7-m/nofp\libgcc.a(_arm_fixdfsi.o)
 .ARM.attributes
                0x00000fb5       0x2d C:/Software/arm-gnu-toolchain/bin/../lib/gcc/arm-none-eabi/13.3.1/thumb/v7-m/nofp/crtend.o
 .ARM.attributes
                0x00000fe2       0x1d C:/Software/arm-gnu-toolchain/bin/../lib/gcc/arm-none-eabi/13.3.1/thumb/v7-m/nofp/crtn.o
OUTPUT(car.elf elf32-littlearm)
LOAD linker stubs
LOAD C:/Software/arm-gnu-toolchain/bin/../lib/gcc/arm-none-eabi/13.3.1/thumb/v7-m/nofp\libc.a
LOAD C:/Software/arm-gnu-toolchain/bin/../lib/gcc/arm-none-eabi/13.3.1/thumb/v7-m/nofp\libm.a
LOAD C:/Software/arm-gnu-toolchain/bin/../lib/gcc/arm-none-eabi/13.3.1/thumb/v7-m/nofp\libgcc.a

.debug_info     0x00000000    0x11d4b
 .debug_info    0x00000000      0x2eb CMakeFiles/car.elf.dir/Core/Src/gpio.c.obj
 .debug_info    0x000002eb      0x859 CMakeFiles/car.elf.dir/Core/Src/i2c.c.obj
 .debug_info    0x00000b44      0x990 CMakeFiles/car.elf.dir/Core/Src/main.c.obj
 .debug_info    0x000014d4      0x1f4 CMakeFiles/car.elf.dir/Core/Src/stm32f1xx_hal_msp.c.obj
 .debug_info    0x000016c8      0x11d CMakeFiles/car.elf.dir/Core/Src/stm32f1xx_it.c.obj
 .debug_info    0x000017e5      0x789 CMakeFiles/car.elf.dir/Core/Src/syscalls.c.obj
 .debug_info    0x00001f6e      0x171 CMakeFiles/car.elf.dir/Core/Src/sysmem.c.obj
 .debug_info    0x000020df      0x22d CMakeFiles/car.elf.dir/Core/Src/system_stm32f1xx.c.obj
 .debug_info    0x0000230c      0x80d CMakeFiles/car.elf.dir/Core/Src/usart.c.obj
 .debug_info    0x00002b19       0x30 CMakeFiles/car.elf.dir/Core/Startup/startup_stm32f103rctx.s.obj
 .debug_info    0x00002b49      0x808 CMakeFiles/car.elf.dir/Drivers/STM32F1xx_HAL_Driver/Src/stm32f1xx_hal.c.obj
 .debug_info    0x00003351      0xd3f CMakeFiles/car.elf.dir/Drivers/STM32F1xx_HAL_Driver/Src/stm32f1xx_hal_cortex.c.obj
 .debug_info    0x00004090      0x604 CMakeFiles/car.elf.dir/Drivers/STM32F1xx_HAL_Driver/Src/stm32f1xx_hal_gpio.c.obj
 .debug_info    0x00004694     0x3905 CMakeFiles/car.elf.dir/Drivers/STM32F1xx_HAL_Driver/Src/stm32f1xx_hal_i2c.c.obj
 .debug_info    0x00007f99      0x9c7 CMakeFiles/car.elf.dir/Drivers/STM32F1xx_HAL_Driver/Src/stm32f1xx_hal_rcc.c.obj
 .debug_info    0x00008960     0x407d CMakeFiles/car.elf.dir/Drivers/STM32F1xx_HAL_Driver/Src/stm32f1xx_hal_uart.c.obj
 .debug_info    0x0000c9dd      0x798 CMakeFiles/car.elf.dir/Function/FS_Debug.c.obj
 .debug_info    0x0000d175     0x2d14 CMakeFiles/car.elf.dir/Function/eMPL/inv_mpu.c.obj
 .debug_info    0x0000fe89     0x1381 CMakeFiles/car.elf.dir/Function/eMPL/inv_mpu_dmp_motion_driver.c.obj
 .debug_info    0x0001120a      0xb41 CMakeFiles/car.elf.dir/Function/mpu6050.c.obj

.debug_abbrev   0x00000000     0x26ad
 .debug_abbrev  0x00000000      0x151 CMakeFiles/car.elf.dir/Core/Src/gpio.c.obj
 .debug_abbrev  0x00000151      0x1fc CMakeFiles/car.elf.dir/Core/Src/i2c.c.obj
 .debug_abbrev  0x0000034d      0x2b6 CMakeFiles/car.elf.dir/Core/Src/main.c.obj
 .debug_abbrev  0x00000603       0xed CMakeFiles/car.elf.dir/Core/Src/stm32f1xx_hal_msp.c.obj
 .debug_abbrev  0x000006f0       0x7c CMakeFiles/car.elf.dir/Core/Src/stm32f1xx_it.c.obj
 .debug_abbrev  0x0000076c      0x1c1 CMakeFiles/car.elf.dir/Core/Src/syscalls.c.obj
 .debug_abbrev  0x0000092d       0xea CMakeFiles/car.elf.dir/Core/Src/sysmem.c.obj
 .debug_abbrev  0x00000a17      0x143 CMakeFiles/car.elf.dir/Core/Src/system_stm32f1xx.c.obj
 .debug_abbrev  0x00000b5a      0x204 CMakeFiles/car.elf.dir/Core/Src/usart.c.obj
 .debug_abbrev  0x00000d5e       0x24 CMakeFiles/car.elf.dir/Core/Startup/startup_stm32f103rctx.s.obj
 .debug_abbrev  0x00000d82      0x22d CMakeFiles/car.elf.dir/Drivers/STM32F1xx_HAL_Driver/Src/stm32f1xx_hal.c.obj
 .debug_abbrev  0x00000faf      0x36d CMakeFiles/car.elf.dir/Drivers/STM32F1xx_HAL_Driver/Src/stm32f1xx_hal_cortex.c.obj
 .debug_abbrev  0x0000131c      0x1f7 CMakeFiles/car.elf.dir/Drivers/STM32F1xx_HAL_Driver/Src/stm32f1xx_hal_gpio.c.obj
 .debug_abbrev  0x00001513      0x2be CMakeFiles/car.elf.dir/Drivers/STM32F1xx_HAL_Driver/Src/stm32f1xx_hal_i2c.c.obj
 .debug_abbrev  0x000017d1      0x2a0 CMakeFiles/car.elf.dir/Drivers/STM32F1xx_HAL_Driver/Src/stm32f1xx_hal_rcc.c.obj
 .debug_abbrev  0x00001a71      0x31c CMakeFiles/car.elf.dir/Drivers/STM32F1xx_HAL_Driver/Src/stm32f1xx_hal_uart.c.obj
 .debug_abbrev  0x00001d8d      0x221 CMakeFiles/car.elf.dir/Function/FS_Debug.c.obj
 .debug_abbrev  0x00001fae      0x2f8 CMakeFiles/car.elf.dir/Function/eMPL/inv_mpu.c.obj
 .debug_abbrev  0x000022a6      0x1fb CMakeFiles/car.elf.dir/Function/eMPL/inv_mpu_dmp_motion_driver.c.obj
 .debug_abbrev  0x000024a1      0x20c CMakeFiles/car.elf.dir/Function/mpu6050.c.obj

.debug_aranges  0x00000000      0xcb8
 .debug_aranges
                0x00000000       0x20 CMakeFiles/car.elf.dir/Core/Src/gpio.c.obj
 .debug_aranges
                0x00000020       0x30 CMakeFiles/car.elf.dir/Core/Src/i2c.c.obj
 .debug_aranges
                0x00000050       0x30 CMakeFiles/car.elf.dir/Core/Src/main.c.obj
 .debug_aranges
                0x00000080       0x20 CMakeFiles/car.elf.dir/Core/Src/stm32f1xx_hal_msp.c.obj
 .debug_aranges
                0x000000a0       0x60 CMakeFiles/car.elf.dir/Core/Src/stm32f1xx_it.c.obj
 .debug_aranges
                0x00000100       0xa8 CMakeFiles/car.elf.dir/Core/Src/syscalls.c.obj
 .debug_aranges
                0x000001a8       0x20 CMakeFiles/car.elf.dir/Core/Src/sysmem.c.obj
 .debug_aranges
                0x000001c8       0x28 CMakeFiles/car.elf.dir/Core/Src/system_stm32f1xx.c.obj
 .debug_aranges
                0x000001f0       0x30 CMakeFiles/car.elf.dir/Core/Src/usart.c.obj
 .debug_aranges
                0x00000220       0x28 CMakeFiles/car.elf.dir/Core/Startup/startup_stm32f103rctx.s.obj
 .debug_aranges
                0x00000248       0xe0 CMakeFiles/car.elf.dir/Drivers/STM32F1xx_HAL_Driver/Src/stm32f1xx_hal.c.obj
 .debug_aranges
                0x00000328       0xc0 CMakeFiles/car.elf.dir/Drivers/STM32F1xx_HAL_Driver/Src/stm32f1xx_hal_cortex.c.obj
 .debug_aranges
                0x000003e8       0x58 CMakeFiles/car.elf.dir/Drivers/STM32F1xx_HAL_Driver/Src/stm32f1xx_hal_gpio.c.obj
 .debug_aranges
                0x00000440      0x2a8 CMakeFiles/car.elf.dir/Drivers/STM32F1xx_HAL_Driver/Src/stm32f1xx_hal_i2c.c.obj
 .debug_aranges